******************************************************************************
                  TI ARM Linker PC v20.2.4                     
******************************************************************************
>> Linked Wed Sep 15 17:43:19 2021

OUTPUT FILE NAME:   <rtls_passive_CC26X2R1_LAUNCHXL_tirtos_ccs.out>
ENTRY POINT SYMBOL: "ResetISR"  address: 00007795


MEMORY CONFIGURATION

         name            origin    length      used     unused   attr    fill
----------------------  --------  ---------  --------  --------  ----  --------
  FLASH                 00000000   00056000  00010678  00045988  R  X
  FLASH_LAST_PAGE       00056000   00002000  00000058  00001fa8  R  X
  RTOS_SRAM             20000000   0000012c  000000e4  00000048  RW X
  SRAM                  20000fdf   00013021  00003776  0000f8ab  RW X


SEGMENT ALLOCATION MAP

run origin  load origin   length   init length attrs members
----------  ----------- ---------- ----------- ----- -------
00000000    00000000    0000c678   0000c678    r-x
  00000000    00000000    0000003c   0000003c    r-- .resetVecs
  0000003c    0000003c    0000a2d4   0000a2d4    r-x .text
  0000a310    0000a310    000020c0   000020c0    r-- .const
  0000c3d0    0000c3d0    000002a8   000002a8    r-- .cinit
00048000    00048000    00004000   00000000    rw-
  00048000    00048000    00004000   00000000    rw- .TI.bound:flashBuf0
00057fa8    00057fa8    00000058   00000058    r--
  00057fa8    00057fa8    00000058   00000058    r-- .ccfg
20000100    20000100    0000000c   00000000    rw-
  20000100    20000100    00000004   00000000    rw- .data:xdcRomConstPtr
  20000104    20000104    00000004   00000000    rw- .data:xdcRomExternFuncPtr
  20000108    20000108    00000004   00000000    rw- .data:xdcRomStatePtr
20000fe0    20000fe0    00003376   00000000    rw-
  20000fe0    20000fe0    00002698   00000000    rw- .data
  20003678    20003678    00000cde   00000000    rw- .bss
20013c00    20013c00    00000400   00000000    rw-
  20013c00    20013c00    00000400   00000000    rw- .stack


SECTION ALLOCATION MAP

 output                                  attributes/
section   page    origin      length       input sections
--------  ----  ----------  ----------   ----------------
.cinit     0    0000c3d0    000002a8     
                  0000c3d0    0000024d     (.cinit..data.load) [load image, compression = lzss]
                  0000c61d    00000003     --HOLE-- [fill = 0]
                  0000c620    0000000c     (__TI_handler_table)
                  0000c62c    00000004     --HOLE-- [fill = 0]
                  0000c630    00000008     (.cinit..bss.load) [load image, compression = zero_init]
                  0000c638    00000008     (.cinit..data:xdcRomConstPtr.load) [load image, compression = lzss]
                  0000c640    00000008     (.cinit..data:xdcRomExternFuncPtr.load) [load image, compression = lzss]
                  0000c648    00000008     (.cinit..data:xdcRomStatePtr.load) [load image, compression = lzss]
                  0000c650    00000028     (__TI_cinit_table)

.init_array 
*          0    00000000    00000000     UNINITIALIZED

.ccfg      0    00057fa8    00000058     
                  00057fa8    00000058     ti_devices_config.obj (.ccfg:retain)

.data:xdcRomConstPtr 
*          0    20000100    00000004     UNINITIALIZED
                  20000100    00000004     rtls_passive_app_pem4f.oem4f (.data:xdcRomConstPtr)

.data:xdcRomExternFuncPtr 
*          0    20000104    00000004     UNINITIALIZED
                  20000104    00000004     rtls_passive_app_pem4f.oem4f (.data:xdcRomExternFuncPtr)

.data:xdcRomStatePtr 
*          0    20000108    00000004     UNINITIALIZED
                  20000108    00000004     rtls_passive_app_pem4f.oem4f (.data:xdcRomStatePtr)

.data      0    20000fe0    00002698     UNINITIALIZED
                  20000fe0    00000808     rtls_ctrl_aoa.obj (.data:$O13$$)
                  200017e8    00000714     rtls_passive.obj (.data:$O2$$)
                  20001efc    00000004     rtsv7M4_T_le_v4SPD16_eabi.lib : stkdepth_vars.c.obj (.data)
                  20001f00    00000508     rf_multiMode_cc26x2.a : RFCC26X2_multiMode.c.cc26x2.ccs.o (.data:$O1$$)
                  20002408    00000398     micro_ble_cm.obj (.data:$O1$$)
                  200027a0    00000374     rtls_ctrl.obj (.data:$O12$$)
                  20002b14    00000004     rtls_passive_app_pem4f.oem4f (.data:ti_sysbios_family_arm_m3_Hwi_Module_State_0_excContext__A)
                  20002b18    00000188     urfi.obj (.data:$O20$$)
                  20002ca0    00000170     drivers_cc26x2.a : PowerCC26X2.oem4f (.data:PowerCC26X2_module)
                  20002e10    00000124     ull.obj (.data:$O19$$)
                  20002f34    0000010c     rtls_passive_app_pem4f.oem4f (.data:ROM_stateStruct)
                  20003040    000000b4     rom_sysbios.aem4f : rom_sysbios.obj (.data:$O1$$)
                  200030f4    0000008c     npi_tl_uart.obj (.data:$O9$$)
                  20003180    00000060     nvocmp.obj (.data:$O7$$)
                  200031e0    00000054     npi_task.obj (.data:$O11$$)
                  20003234    0000004c     rtls_passive_app_pem4f.oem4f (.data:ti_sysbios_knl_Task_Object__table__V)
                  20003280    00000048     rtls_passive_app_pem4f.oem4f (.data:ti_sysbios_family_arm_cc26xx_Timer_Object__table__V)
                  200032c8    00000038     rtls_host_npi.obj (.data:$O14$$)
                  20003300    00000038     rtls_passive_app_pem4f.oem4f (.data:ti_sysbios_gates_GateMutex_Object__table__V)
                  20003338    00000034     ant_array1_config_boostxl_rev1v1.obj (.data:$O5$$)
                  2000336c    00000034     ant_array2_config_boostxl_rev1v1.obj (.data:$O6$$)
                  200033a0    00000030     uble.obj (.data:$O16$$)
                  200033d0    00000030     ant_array1_config_boostxl_rev1v1.obj (.data:pair_A1)
                  20003400    00000030     ant_array2_config_boostxl_rev1v1.obj (.data:pair_A2)
                  20003430    00000030     rtls_passive_app_pem4f.oem4f (.data:ti_sysbios_knl_Swi_Module_State_0_readyQ__A)
                  20003460    00000030     rtls_passive_app_pem4f.oem4f (.data:ti_sysbios_knl_Swi_Object__table__V)
                  20003490    00000030     rtls_passive_app_pem4f.oem4f (.data:ti_sysbios_knl_Task_Module_State_0_readyQ__A)
                  200034c0    00000028     AOA.obj (.data:$O3$$)
                  200034e8    00000024     driverlib.lib : osc.obj (.data:$O21$$)
                  2000350c    00000020     rtls_passive_app_pem4f.oem4f (.data:ti_sysbios_knl_Clock_Object__table__V)
                  2000352c    00000020     rtls_passive_app_pem4f.oem4f (.data:xdc_runtime_Error_IgnoreBlock)
                  2000354c    0000001c     npi_tl.obj (.data:$O10$$)
                  20003568    0000001c     urfc.obj (.data:pOverridesCommon)
                  20003584    00000018     rtls_passive_app_pem4f.oem4f (.data:ti_sysbios_family_arm_m3_Hwi_Object__table__V)
                  2000359c    00000018     rtls_passive_app_pem4f.oem4f (.data:ti_sysbios_heaps_HeapMem_Object__table__V)
                  200035b4    00000014     urfc.obj (.data:antSwitching)
                  200035c8    00000010     ugap.obj (.data:$O18$$)
                  200035d8    00000008     rtsv7M4_T_le_v4SPD16_eabi.lib : _lock.c.obj (.data:$O24$$)
                  200035e0    00000008     hal_assert.obj (.data:$O8$$)
                  200035e8    00000008     rf_multiMode_cc26x2.a : RFCC26X2_multiMode.c.cc26x2.ccs.o (.data:RFCC26XX_schedulerPolicy)
                  200035f0    00000008     drivers_cc26x2.a : PINCC26XX.oem4f (.data)
                  200035f8    00000008     rtls_passive_app_pem4f.oem4f (.data:ti_sysbios_family_arm_m3_Hwi_Module__root__V)
                  20003600    00000008     rtls_passive_app_pem4f.oem4f (.data:ti_sysbios_gates_GateHwi_Module__root__V)
                  20003608    00000008     rtls_passive_app_pem4f.oem4f (.data:ti_sysbios_gates_GateMutexPri_Module__root__V)
                  20003610    00000008     rtls_passive_app_pem4f.oem4f (.data:ti_sysbios_gates_GateMutex_Module__root__V)
                  20003618    00000008     rtls_passive_app_pem4f.oem4f (.data:ti_sysbios_hal_Hwi_Module__root__V)
                  20003620    00000008     rtls_passive_app_pem4f.oem4f (.data:ti_sysbios_heaps_HeapMem_Module__root__V)
                  20003628    00000008     rtls_passive_app_pem4f.oem4f (.data:ti_sysbios_knl_Clock_Module__root__V)
                  20003630    00000008     rtls_passive_app_pem4f.oem4f (.data:ti_sysbios_knl_Event_Module__root__V)
                  20003638    00000008     rtls_passive_app_pem4f.oem4f (.data:ti_sysbios_knl_Mailbox_Module__root__V)
                  20003640    00000008     rtls_passive_app_pem4f.oem4f (.data:ti_sysbios_knl_Queue_Module__root__V)
                  20003648    00000008     rtls_passive_app_pem4f.oem4f (.data:ti_sysbios_knl_Semaphore_Module__root__V)
                  20003650    00000008     rtls_passive_app_pem4f.oem4f (.data:ti_sysbios_knl_Swi_Module__root__V)
                  20003658    00000008     rtls_passive_app_pem4f.oem4f (.data:ti_sysbios_knl_Task_Module__root__V)
                  20003660    00000008     rtls_passive_app_pem4f.oem4f (.data:xdc_runtime_System_Module_State_0_atexitHandlers__A)
                  20003668    00000004     rtls_passive_app_pem4f.oem4f (.data:ti_sysbios_family_arm_m3_Hwi_Module_State_0_excStack__A)
                  2000366c    00000004     rtls_passive_app_pem4f.oem4f (.data:ti_sysbios_knl_Task_Module_State_0_idleTask__A)
                  20003670    00000002     npi_task.obj (.data)
                  20003672    00000002     rtls_passive_app_pem4f.oem4f (.data:ti_sysbios_family_arm_m3_Hwi_Module_State_0_excActive__A)
                  20003674    00000001     drivers_cc26x2.a : NVS.oem4f (.data)
                  20003675    00000001                      : UART.oem4f (.data)
                  20003676    00000001     npi_tl.obj (.data)
                  20003677    00000001     rf_multiMode_cc26x2.a : rf_patch_cpe_multi_protocol_rtls.c.cc26x2.ccs.o (.data)

.bss       0    20003678    00000cde     UNINITIALIZED
                  20003678    00000678     (.common:ull_monitorDataEntry)
                  20003cf0    00000200     rtls_passive_app_pem4f.oem4f (.bss:taskStackSection)
                  20003ef0    000001bc     (.common:uartCC26XXObjects)
                  200040ac    000000d8     (.common:ti_sysbios_family_arm_m3_Hwi_dispatchTable)
                  20004184    0000007c     (.common:pinHandleTable)
                  20004200    00000050     drivers_cc26x2.a : PINCC26XX.oem4f (.bss:pinSemaphore)
                  20004250    0000003c                      : PINCC26XX.oem4f (.bss:pinSwi)
                  2000428c    0000003c     (.common:nvFptrs)
                  200042c8    00000020                      : PINCC26XX.oem4f (.bss:pinGpioConfigTable)
                  200042e8    00000020     ti_drivers_config.obj (.bss:uartCC26XXRingBuffer0)
                  20004308    0000001c     drivers_cc26x2.a : PINCC26XX.oem4f (.bss:pinHwi)
                  20004324    00000014     rf_multiMode_cc26x2.a : RFCC26X2_multiMode.c.cc26x2.ccs.o (.bss:RF_ratSyncCmd)
                  20004338    0000000c     drivers_cc26x2.a : NVSCC26XX.oem4f (.bss)
                  20004344    00000004                      : PINCC26XX.oem4f (.bss)
                  20004348    00000004     (.common:PowerCC26XX_swiKey)
                  2000434c    00000004     (.common:PowerCC26XX_taskKey)
                  20004350    00000004     (.common:nvsCC26XXObjects)
                  20004354    00000001     rf_multiMode_cc26x2.a : RFCC26X2_multiMode.c.cc26x2.ccs.o (.bss)
                  20004355    00000001     (.common:driverlib_release_0_60278)

.vtable    0    20004356    00000000     UNINITIALIZED

.vtable_ram 
*          0    20004356    00000000     UNINITIALIZED

vtable_ram 
*          0    20004356    00000000     UNINITIALIZED

.sysmem    0    20004356    00000000     UNINITIALIZED

.nonretenvar 
*          0    20004356    00000000     UNINITIALIZED

.stack     0    20013c00    00000400     UNINITIALIZED
                  20013c00    00000400     --HOLE--

.bootVecs 
*          0    00000000    00000008     DSECT
                  00000000    00000008     boot.aem4f : boot.oem4f (.bootVecs)

.resetVecs 
*          0    00000000    0000003c     
                  00000000    0000003c     rtls_passive_app_pem4f.oem4f (.resetVecs)

.vecs      0    20000000    000000d8     NOLOAD SECTION
                  20000000    000000d8     rtls_passive_app_pem4f.oem4f (.vecs)

xdc.meta   0    00000000    00000123     COPY SECTION
                  00000000    00000123     rtls_passive_app_pem4f.oem4f (xdc.meta)

xdc.noload 
*          0    00000000    00000000     COPY SECTION

.TI.bound:flashBuf0 
*          0    00048000    00004000     UNINITIALIZED
                  00048000    00004000     ti_drivers_config.obj (.TI.bound:flashBuf0)

.text      0    0000003c    0000a2d4     
                  0000003c    000004be     rtls_ctrl.obj (.text:RTLSCtrl_processHostMessage)
                  000004fa    00000002     rf_multiMode_cc26x2.a : rfc.c.cc26x2.ccs.o (.text:NOROM_RFCCpePatchReset)
                  000004fc    000004b0                           : RFCC26X2_multiMode.c.cc26x2.ccs.o (.text:RF_fsmActiveState)
                  000009ac    000002e8     rtls_passive.obj (.text:ubStack_taskFxn$3)
                  00000c94    00000298     rf_multiMode_cc26x2.a : RFCC26X2_multiMode.c.cc26x2.ccs.o (.text:RF_open)
                  00000f2c    0000025c     nvocmp.obj (.text:NVOCMP_addItem$9)
                  00001188    00000218     nvocmp.obj (.text:NVOCMP_initNv$9)
                  000013a0    00000210     rf_multiMode_cc26x2.a : RFCC26X2_multiMode.c.cc26x2.ccs.o (.text:RF_scheduleCmd)
                  000015b0    000001f4     drivers_cc26x2.a : PINCC26XX.oem4f (.text:PIN_init)
                  000017a4    000001dc     rf_multiMode_cc26x2.a : RFCC26X2_multiMode.c.cc26x2.ccs.o (.text:RF_dispatchNextCmd)
                  00001980    000001b8     main.obj (.text:main)
                  00001b38    000001b6     rtsv7M4_T_le_v4SPD16_eabi.lib : fd_add_t2.asm.obj (.text)
                  00001cee    00000002     rf_multiMode_cc26x2.a : RFCC26X2_multiMode.c.cc26x2.ccs.o (.text:RF_defaultCallback)
                  00001cf0    00000198     drivers_cc26x2.a : PowerCC26X2.oem4f (.text:Power_sleep)
                  00001e88    00000190                      : PowerCC26X2_calibrateRCOSC.oem4f (.text:calibrateRcoscHf1)
                  00002018    0000018c                      : PowerCC26X2_calibrateRCOSC.oem4f (.text:runCalibrateFsm)
                  000021a4    00000188     nvocmp.obj (.text:NVOCMP_compact$9)
                  0000232c    00000188     rtls_passive_app_pem4f.oem4f (.text:xdc_runtime_System_printfExtend__I)
                  000024b4    00000174     npi_task.obj (.text:NPITask_Fxn)
                  00002628    00000174     npi_task.obj (.text:NPITask_open)
                  0000279c    00000174     drivers_cc26x2.a : PowerCC26X2.oem4f (.text:Power_init)
                  00002910    00000174     micro_ble_cm.obj (.text:ubCM_findNextPriorityEvt)
                  00002a84    00000164     drivers_cc26x2.a : UARTCC26XX.oem4f (.text:UARTCC26XX_open)
                  00002be8    00000158     driverlib.lib : sys_ctrl.obj (.text:NOROM_SysCtrlStandby)
                  00002d40    00000154     rf_multiMode_cc26x2.a : RFCC26X2_multiMode.c.cc26x2.ccs.o (.text:RF_radioOpDoneCb)
                  00002e94    00000154     drivers_cc26x2.a : UARTCC26XX.oem4f (.text:UARTCC26XX_hwiIntFxn)
                  00002fe8    00000148     rf_multiMode_cc26x2.a : RFCC26X2_multiMode.c.cc26x2.ccs.o (.text:RF_fsmSetupState)
                  00003130    0000013a     drivers_cc26x2.a : UARTCC26XX.oem4f (.text:UARTCC26XX_read)
                  0000326a    00000002     rtsv7M4_T_le_v4SPD16_eabi.lib : _lock.c.obj (.text:_nop)
                  0000326c    00000138     drivers_cc26x2.a : NVSCC26XX.oem4f (.text:NVSCC26XX_write)
                  000033a4    00000138     rf_multiMode_cc26x2.a : RFCC26X2_multiMode.c.cc26x2.ccs.o (.text:RF_abortCmd)
                  000034dc    00000134     micro_ble_cm.obj (.text:ubCM_startExt)
                  00003610    00000134     ull.obj (.text:ull_monitorSchedule)
                  00003744    00000130     npi_tl_uart.obj (.text:NPITLUART_readCallBack$12)
                  00003874    00000120     nvocmp.obj (.text:NVOCMP_compactPage$9)
                  00003994    00000120     drivers_cc26x2.a : PowerCC26X2.oem4f (.text:configureXOSCHF)
                  00003ab4    00000114                      : PINCC26XX.oem4f (.text:PINCC26XX_setIoCfg)
                  00003bc8    00000110     micro_ble_cm.obj (.text:ubCM_setupNextCMEvent)
                  00003cd8    00000108     ull.obj (.text:uble_processLLMsg)
                  00003de0    00000104     rf_multiMode_cc26x2.a : RFCC26X2_multiMode.c.cc26x2.ccs.o (.text:RF_hwiCpe0Active)
                  00003ee4    00000104     micro_ble_cm.obj (.text:monitor_completeCB$2)
                  00003fe8    00000100     nvocmp.obj (.text:NVOCMP_findItem$9)
                  000040e8    000000fc     rf_multiMode_cc26x2.a : RFCC26X2_multiMode.c.cc26x2.ccs.o (.text:RF_decodeOverridePointers)
                  000041e4    000000fc     rtsv7M4_T_le_v4SPD16_eabi.lib : fd_mul_t2.asm.obj (.text)
                  000042e0    000000f8     rtls_ctrl_aoa.obj (.text:RTLSCtrl_postProcessAoa)
                  000043d8    000000f4     micro_ble_cm.obj (.text:monitor_indicationCB$2)
                  000044cc    000000f0     rf_multiMode_cc26x2.a : RFCC26X2_multiMode.c.cc26x2.ccs.o (.text:RF_fsmPowerUpState)
                  000045bc    000000f0     micro_ble_cm.obj (.text:ubCM_start)
                  000046ac    000000ec     npi_task.obj (.text:NPITask_transportDoneCallBack$14)
                  00004798    000000e0     drivers_cc26x2.a : UARTCC26XX.oem4f (.text:UARTCC26XX_write)
                  00004878    000000dc     rtls_passive.obj (.text:RTLSPassive_processCmMsg$3)
                  00004954    000000d8     driverlib.lib : setup.obj (.text:NOROM_SetupTrimDevice)
                  00004a2c    000000d8                   : setup.obj (.text:TrimAfterColdResetWakeupFromShutDown$32)
                  00004b04    000000d2     rf_multiMode_cc26x2.a : RFCC26X2_multiMode.c.cc26x2.ccs.o (.text:RF_updatePaConfiguration)
                  00004bd6    00000002     drivers_cc26x2.a : PowerCC26X2.oem4f (.text:emptyClockFunc)
                  00004bd8    000000cc     rf_multiMode_cc26x2.a : RFCC26X2_multiMode.c.cc26x2.ccs.o (.text:RF_swiHw)
                  00004ca4    000000c8     dpl_cc26x2.a : PowerCC26X2_tirtos.oem4f (.text:PowerCC26XX_standbyPolicy)
                  00004d6c    000000c0     npi_task.obj (.text:NPITask_ProcessTXQ$14)
                  00004e2c    000000c0     nvocmp.obj (.text:NVOCMP_erase$9)
                  00004eec    000000c0     drivers_cc26x2.a : PowerCC26X2.oem4f (.text:Power_releaseDependency)
                  00004fac    000000c0     rtls_ctrl.obj (.text:RTLSCtrl_processMessage)
                  0000506c    000000c0     rtls_passive.obj (.text:RTLSPassive_processRtlsCtrlMsg$3)
                  0000512c    000000c0     drivers_cc26x2.a : UARTCC26XX.oem4f (.text:UARTCC26XX_initIO)
                  000051ec    000000bc     rf_multiMode_cc26x2.a : RFCC26X2_multiMode.c.cc26x2.ccs.o (.text:RF_initRadioSetup)
                  000052a8    000000b8     drivers_cc26x2.a : PowerCC26X2.oem4f (.text:Power_setDependency)
                  00005360    000000b8                      : UARTCC26XX.oem4f (.text:UARTCC26XX_initHw)
                  00005418    000000ac                      : PINCC26XX.oem4f (.text:PIN_open)
                  000054c4    000000a8     nvocmp.obj (.text:NVOCMP_initNvApi$9)
                  0000556c    000000a8     rtls_ctrl.obj (.text:RTLSCtrl_taskFxn)
                  00005614    000000a8     ull.obj (.text:ull_monitorDoneCb)
                  000056bc    000000a4     rf_multiMode_cc26x2.a : RFCC26X2_multiMode.c.cc26x2.ccs.o (.text:RF_ratRestartChannels)
                  00005760    000000a0     auto_init.aem4f : auto_init.oem4f (.text)
                  00005800    000000a0     rom_sysbios.aem4f : rom_sysbios.obj (.text:ti_sysbios_knl_Task_setPri__E)
                  000058a0    000000a0     micro_ble_cm.obj (.text:ubCM_startNewSession)
                  00005940    0000009c     nvocmp.obj (.text:NVOCMP_readHeader$9)
                  000059dc    0000009c     rtsv7M4_T_le_v4SPD16_eabi.lib : memcpy_t2.asm.obj (.text)
                  00005a78    00000098     rf_multiMode_cc26x2.a : RFCC26X2_multiMode.c.cc26x2.ccs.o (.text:RF_calculateDispatchTime)
                  00005b10    00000098     ugap.obj (.text:ugap_monitorChangeState$25)
                  00005ba8    00000098     drivers_cc26x2.a : UARTCC26XX.oem4f (.text:writeTxFifoFlush)
                  00005c40    00000096     rtsv7M4_T_le_v4SPD16_eabi.lib : ull_div_t2.asm.obj (.text)
                  00005cd6    00000002     hal_assert.obj (.text:halAssertSpinlock)
                  00005cd8    00000094     rtls_host_npi.obj (.text:RTLSHost_sendMsg)
                  00005d6c    00000094     rf_multiMode_cc26x2.a : rf_patch_cpe_multi_protocol_rtls.c.cc26x2.ccs.o (.text:configureMultiProtocolRtlsPatch)
                  00005e00    00000092     drivers_cc26x2.a : UARTCC26XX.oem4f (.text:UARTCC26XX_writeCancel)
                  00005e92    00000002     rtsv7M4_T_le_v4SPD16_eabi.lib : div0.asm.obj (.text)
                  00005e94    00000090     rf_multiMode_cc26x2.a : RFCC26X2_multiMode.c.cc26x2.ccs.o (.text:RF_discardPendCmd)
                  00005f24    0000008c     rom_sysbios.aem4f : rom_sysbios.obj (.text:ti_sysbios_gates_GateMutexPri_enter__E)
                  00005fb0    00000088     driverlib.lib : osc.obj (.text:NOROM_OSCHF_AttemptToSwitchToXosc)
                  00006038    00000088     rf_multiMode_cc26x2.a : RFCC26X2_multiMode.c.cc26x2.ccs.o (.text:RF_cmdDispatchTime)
                  000060c0    00000088     drivers_cc26x2.a : PowerCC26X2_calibrateRCOSC.oem4f (.text:calibrateRcoscHf2)
                  00006148    00000088                      : PowerCC26X2.oem4f (.text:disableLFClockQualifiers)
                  000061d0    00000088                      : PowerCC26X2_calibrateRCOSC.oem4f (.text:updateSubSecInc)
                  00006258    00000086     rtsv7M4_T_le_v4SPD16_eabi.lib : fd_cmp_t2.asm.obj (.text:__aeabi_cdcmple)
                  000062de    00000086                                   : fd_cmp_t2.asm.obj (.text:__aeabi_cdrcmple)
                  00006364    00000084     rf_multiMode_cc26x2.a : RFCC26X2_multiMode.c.cc26x2.ccs.o (.text:RF_issueRadioFreeCb)
                  000063e8    00000084                           : RFCC26X2_multiMode.c.cc26x2.ccs.o (.text:RF_verifyGap)
                  0000646c    00000084     drivers_cc26x2.a : UARTCC26XX.oem4f (.text:UARTCC26XX_close)
                  000064f0    00000080     AOA.obj (.text:AOA_init)
                  00006570    00000080     driverlib.lib : chipinfo.obj (.text:NOROM_ChipInfo_GetChipType)
                  000065f0    00000080     drivers_cc26x2.a : NVSCC26XX.oem4f (.text:NVSCC26XX_open)
                  00006670    00000080     rom_sysbios.aem4f : rom_sysbios.obj (.text:ti_sysbios_family_arm_cc26xx_Timer_start__E)
                  000066f0    0000007c     AOA.obj (.text:AOA_getRfIqSamples)
                  0000676c    0000007c     nvocmp.obj (.text:NVOCMP_readItemApi$9)
                  000067e8    0000007c     rf_multiMode_cc26x2.a : RFCC26X2_multiMode.c.cc26x2.ccs.o (.text:RF_ratFreeChannel)
                  00006864    0000007c     rtls_ctrl.obj (.text:RTLSCtrl_connResultEvt)
                  000068e0    0000007a     rtsv7M4_T_le_v4SPD16_eabi.lib : memset_t2.asm.obj (.text)
                  0000695a    00000002     rtls_passive_app_pem4f.oem4f (.text:ti_sysbios_BIOS_nullFunc__I)
                  0000695c    00000078     nvocmp.obj (.text:NVOCMP_checkItem$9)
                  000069d4    00000076     rom_sysbios.aem4f : rom_sysbios.obj (.text:ti_sysbios_heaps_HeapMem_allocUnprotected__E)
                  00006a4a    00000002                       : rom_sysbios.obj (.text:xdc_runtime_SysCallback_defaultAbort)
                  00006a4c    00000074     nvocmp.obj (.text:NVOCMP_writeItemApi$9)
                  00006ac0    00000074     drivers_cc26x2.a : PowerCC26X2_calibrateRCOSC.oem4f (.text:PowerCC26X2_auxISR)
                  00006b34    00000074     rom_sysbios.aem4f : rom_sysbios.obj (.text:ti_sysbios_gates_GateMutexPri_leave__E)
                  00006ba8    00000072     rf_multiMode_cc26x2.a : RFCC26X2_multiMode.c.cc26x2.ccs.o (.text:RF_detachOverrides)
                  00006c1a    00000070                           : rfc.c.cc26x2.ccs.o (.text:NOROM_RFCAnaDivTxOverride)
                  00006c8a    00000002     rom_sysbios.aem4f : rom_sysbios.obj (.text:xdc_runtime_SysCallback_defaultExit)
                  00006c8c    00000070     nvocmp.obj (.text:NVOCMP_eraseNvApi$9)
                  00006cfc    00000070     drivers_cc26x2.a : PINCC26XX.oem4f (.text:PIN_add)
                  00006d6c    00000070     rf_multiMode_cc26x2.a : RFCC26X2_multiMode.c.cc26x2.ccs.o (.text:RF_getCurrentTime)
                  00006ddc    0000006e                           : RFCC26X2_multiMode.c.cc26x2.ccs.o (.text:RF_attachOverrides)
                  00006e4a    0000006e                           : RFCC26X2_multiMode.c.cc26x2.ccs.o (.text:RF_howToSchedule)
                  00006eb8    0000006d     rom_sysbios.aem4f : rom_sysbios.obj (.text:xdc_runtime_System_formatNum__I)
                  00006f25    00000001     --HOLE-- [fill = 0]
                  00006f26    00000002                       : rom_sysbios.obj (.text:xdc_runtime_SysCallback_defaultFlush)
                  00006f28    0000006c     AOA.obj (.text:AOA_rfEnableRam)
                  00006f94    0000006c     nvocmp.obj (.text:NVOCMP_getDstPage$9)
                  00007000    0000006c     rf_multiMode_cc26x2.a : RFCC26X2_multiMode.c.cc26x2.ccs.o (.text:RF_dispatchNextEvent)
                  0000706c    0000006c     rtls_host_npi.obj (.text:RTLSHost_processNpiMessage)
                  000070d8    00000068     driverlib.lib : osc.obj (.text:NOROM_OSCHF_SwitchToRcOscTurnOffXosc)
                  00007140    00000068     rf_multiMode_cc26x2.a : RFCC26X2_multiMode.c.cc26x2.ccs.o (.text:RF_hwiHw)
                  000071a8    00000068     rtsv7M4_T_le_v4SPD16_eabi.lib : copy_decompress_lzss.c.obj (.text:decompress:lzss:__TI_decompress_lzss)
                  00007210    00000064     nvocmp.obj (.text:NVOCMP_findSignature$9)
                  00007274    00000064     drivers_cc26x2.a : UARTCC26XX.oem4f (.text:UARTCC26XX_control)
                  000072d8    00000064     micro_ble_cm.obj (.text:ubCM_isThereACollisionBetweenConn)
                  0000733c    00000062     drivers_cc26x2.a : UARTCC26XX.oem4f (.text:UARTCC26XX_swiIntFxn)
                  0000739e    00000002     rom_sysbios.aem4f : rom_sysbios.obj (.text:xdc_runtime_SysCallback_defaultPutch)
                  000073a0    00000060     rf_multiMode_cc26x2.a : RFCC26X2_multiMode.c.cc26x2.ccs.o (.text:RF_applyRfCorePatch)
                  00007400    00000060     uble.obj (.text:uble_buildAndPostEvt)
                  00007460    0000005c     nvocmp.obj (.text:NVOCMP_readItem$9)
                  000074bc    0000005c     drivers_cc26x2.a : PINCC26XX.oem4f (.text:PIN_remove)
                  00007518    0000005c     rf_multiMode_cc26x2.a : RFCC26X2_multiMode.c.cc26x2.ccs.o (.text:RF_hwiCpe0PowerFsm)
                  00007574    0000005c     drivers_cc26x2.a : NVSCC26XX.oem4f (.text:doErase)
                  000075d0    0000005c                      : UARTCC26XX.oem4f (.text:startTxFifoEmptyClk)
                  0000762c    0000005c     rom_sysbios.aem4f : rom_sysbios.obj (.text:ti_sysbios_heaps_HeapMem_initPrimary__I)
                  00007688    0000005c     rtls_passive_app_pem4f.oem4f (.text:xdc_runtime_Startup_getState__I)
                  000076e4    00000058     drivers_cc26x2.a : PowerCC26X2_calibrateRCOSC.oem4f (.text:PowerCC26X2_initiateCalibration)
                  0000773c    00000058     rtls_passive.obj (.text:RTLSPassive_init)
                  00007794    00000058     boot.aem4f : boot.oem4f (.text)
                  000077ec    00000058     rom_sysbios.aem4f : rom_sysbios.obj (.text:ti_sysbios_heaps_HeapMem_alloc__E)
                  00007844    00000056     rf_multiMode_cc26x2.a : RFCC26X2_multiMode.c.cc26x2.ccs.o (.text:RF_defaultSubmitPolicy)
                  0000789a    00000002     --HOLE-- [fill = 0]
                  0000789c    00000054     driverlib.lib : prcm.obj (.text:NOROM_PRCMPowerDomainsAllOff)
                  000078f0    00000054     npi_task.obj (.text:NPITask_sendAssertMsg)
                  00007944    00000054     nvocmp.obj (.text:NVOCMP_doNVCRC$9)
                  00007998    00000054     drivers_cc26x2.a : NVSCC26XX.oem4f (.text:NVSCC26XX_init)
                  000079ec    00000054     rf_multiMode_cc26x2.a : RFCC26X2_multiMode.c.cc26x2.ccs.o (.text:RF_fsmXOSCState)
                  00007a40    00000054     rtls_passive.obj (.text:RTLSPassive_taskFxn$3)
                  00007a94    00000054     dpl_cc26x2.a : SwiP_tirtos.oem4f (.text:SwiP_construct)
                  00007ae8    00000054     micro_ble_cm.obj (.text:processChanMap$2)
                  00007b3c    00000054     micro_ble_cm.obj (.text:setNextDataChan$2)
                  00007b90    00000054     ugap.obj (.text:uble_processGAPMsg)
                  00007be4    00000050     nvocmp.obj (.text:NVOCMP_compactNvApi$9)
                  00007c34    00000050     rtls_ctrl.obj (.text:RTLSCtrl_updateConnState)
                  00007c84    0000004e     uble.obj (.text:uble_checkAddr)
                  00007cd2    00000002     --HOLE-- [fill = 0]
                  00007cd4    0000004c     driverlib.lib : prcm.obj (.text:NOROM_PRCMPowerDomainsAllOn)
                  00007d20    0000004c     nvocmp.obj (.text:NVOCMP_setItemInactive$9)
                  00007d6c    0000004c     rf_multiMode_cc26x2.a : RFCC26X2_multiMode.c.cc26x2.ccs.o (.text:RF_wakeupNotification)
                  00007db8    0000004c     drivers_cc26x2.a : UARTCC26XX.oem4f (.text:UARTCC26XX_readCancel)
                  00007e04    0000004c     rtsv7M4_T_le_v4SPD16_eabi.lib : cpy_tbl.c.obj (.text:copy_in)
                  00007e50    00000048     rf_multiMode_cc26x2.a : rfc.c.cc26x2.ccs.o (.text:NOROM_RFCSynthPowerDown)
                  00007e98    00000048     npi_tl_uart.obj (.text:NPITLUART_writeTransport)
                  00007ee0    00000048     nvocmp.obj (.text:NVOCMP_write$9)
                  00007f28    00000048     drivers_cc26x2.a : NVS.oem4f (.text:NVS_open)
                  00007f70    00000048                      : PINCC26XX.oem4f (.text:PIN_setOutputEnable)
                  00007fb8    00000048                      : PowerCC26X2_calibrateRCOSC.oem4f (.text:PowerCC26X2_RCOSC_clockFunc)
                  00008000    00000048                      : PowerCC26X2.oem4f (.text:PowerCC26XX_switchXOSC_HF)
                  00008048    00000048     rtls_ctrl.obj (.text:RTLSCtrl_enqueueMsg)
                  00008090    00000048     drivers_cc26x2.a : NVSCC26XX.oem4f (.text:disableFlashCache)
                  000080d8    00000048                      : PowerCC26X2.oem4f (.text:switchXOSCHF)
                  00008120    00000048                      : UARTCC26XX.oem4f (.text:writeFinishedDoCallback)
                  00008168    00000046                      : RingBuf.oem4f (.text:RingBuf_put)
                  000081ae    00000002     --HOLE-- [fill = 0]
                  000081b0    00000044     main.obj (.text:AssertHandler)
                  000081f4    00000044     nvocmp.obj (.text:NVOCMP_getFreeNvApi$9)
                  00008238    00000044     drivers_cc26x2.a : NVSCC26XX.oem4f (.text:NVSCC26XX_read)
                  0000827c    00000044                      : PINCC26XX.oem4f (.text:PIN_swi)
                  000082c0    00000044                      : UART.oem4f (.text:UART_init)
                  00008304    00000044     micro_ble_cm.obj (.text:removeConnSortedList$2)
                  00008348    00000044     rtsv7M4_T_le_v4SPD16_eabi.lib : fd_tou_t2.asm.obj (.text)
                  0000838c    00000040     dpl_cc26x2.a : ClockP_tirtos.oem4f (.text:ClockP_construct)
                  000083cc    00000040     driverlib.lib : osc.obj (.text:NOROM_OSC_HPOSCRelativeFrequencyOffsetGet)
                  0000840c    00000040     drivers_cc26x2.a : PowerCC26X2.oem4f (.text:PowerCC26XX_isStableXOSC_HF)
                  0000844c    00000040                      : RingBuf.oem4f (.text:RingBuf_get)
                  0000848c    00000040                      : UART.oem4f (.text:UART_open)
                  000084cc    00000040     rtsv7M4_T_le_v4SPD16_eabi.lib : u_divt2.asm.obj (.text)
                  0000850c    00000040     rom_sysbios.aem4f : rom_sysbios.obj (.text:ti_sysbios_family_arm_cc26xx_Timer_setThreshold__I)
                  0000854c    0000003e     dpl_cc26x2.a : HwiP_tirtos.oem4f (.text:HwiP_construct)
                  0000858a    00000002     --HOLE-- [fill = 0]
                  0000858c    0000003c     nvocmp.obj (.text:NVOCMP_disableCache$9)
                  000085c8    0000003c     drivers_cc26x2.a : PINCC26XX.oem4f (.text:PIN_setOutputValue)
                  00008604    0000003c     rf_multiMode_cc26x2.a : RFCC26X2_multiMode.c.cc26x2.ccs.o (.text:RF_cmdGet)
                  00008640    0000003c                           : RFCC26X2_multiMode.c.cc26x2.ccs.o (.text:RF_cmdStoreEvents)
                  0000867c    0000003c     rtls_ctrl.obj (.text:RTLSCtrl_createTask)
                  000086b8    0000003c     rtls_passive.obj (.text:RTLSPassive_enqueueAppMsg)
                  000086f4    0000003c     rtls_passive.obj (.text:RTLSPassive_stack_init)
                  00008730    0000003c     micro_ble_cm.obj (.text:addConnSortedList$2)
                  0000876c    0000003c     drivers_cc26x2.a : NVSCC26XX.oem4f (.text:checkEraseRange)
                  000087a8    0000003c     rom_sysbios.aem4f : rom_sysbios.obj (.text:ti_sysbios_family_arm_m3_Hwi_construct2__E)
                  000087e4    0000003c     micro_ble_cm.obj (.text:ubCM_callApp)
                  00008820    0000003a     micro_ble_cm.obj (.text:monitor_stateChangeCB$2)
                  0000885a    00000002     --HOLE-- [fill = 0]
                  0000885c    00000038     drivers_cc26x2.a : PINCC26XX.oem4f (.text:PIN_setConfig)
                  00008894    00000038     rf_multiMode_cc26x2.a : RFCC26X2_multiMode.c.cc26x2.ccs.o (.text:RF_checkCmdFsError)
                  000088cc    00000038     rtls_ctrl.obj (.text:RTLSCtrl_connReqCmd)
                  00008904    00000038     rtls_passive.obj (.text:RTLSPassive_enqueueStackMsg$3)
                  0000893c    00000038     drivers_cc26x2.a : PowerCC26X2.oem4f (.text:notify)
                  00008974    00000038                      : UARTCC26XX.oem4f (.text:readData)
                  000089ac    00000038     rtsv7M4_T_le_v4SPD16_eabi.lib : fs_tod_t2.asm.obj (.text)
                  000089e4    00000038     ugap.obj (.text:upag_monitorIndicationCB$25)
                  00008a1c    00000038     drivers_cc26x2.a : UARTCC26XX.oem4f (.text:writeData)
                  00008a54    00000036     rtls_ctrl.obj (.text:RTLSCtrl_malloc)
                  00008a8a    00000036     rom_sysbios.aem4f : rom_sysbios.obj (.text:ti_sysbios_family_arm_cc26xx_Timer_setNextTick__E)
                  00008ac0    00000034     driverlib.lib : sys_ctrl.obj (.text:NOROM_SysCtrlIdle)
                  00008af4    00000034     nvocmp.obj (.text:NVOCMP_verifyCRC$9)
                  00008b28    00000034     rf_multiMode_cc26x2.a : RFCC26X2_multiMode.c.cc26x2.ccs.o (.text:RF_powerConstraintRelease)
                  00008b5c    00000034     rtls_passive.obj (.text:RTLSPassive_getSessionId)
                  00008b90    00000034     util.obj (.text:Util_enqueueMsg)
                  00008bc4    00000034     drivers_cc26x2.a : UARTCC26XX.oem4f (.text:readData2RingBuf)
                  00008bf8    00000034     micro_ble_cm.obj (.text:ubCM_stop)
                  00008c2c    00000034     uble.obj (.text:uble_getPublicAddr)
                  00008c60    00000034     ull.obj (.text:ull_flushAllDataEntry)
                  00008c94    00000032     rom_sysbios.aem4f : rom_sysbios.obj (.text:ti_sysbios_gates_GateMutexPri_insertPri__I)
                  00008cc6    00000002     --HOLE-- [fill = 0]
                  00008cc8    00000030     npi_tl.obj (.text:NPITL_readTL)
                  00008cf8    00000030     npi_task.obj (.text:NPITask_Params_init)
                  00008d28    00000030     nvocmp.obj (.text:NVOCMP_changePageState$9)
                  00008d58    00000030     drivers_cc26x2.a : NVSCC26XX.oem4f (.text:NVSCC26XX_erase)
                  00008d88    00000030                      : PINCC26XX.oem4f (.text:PINCC26XX_setMux)
                  00008db8    00000030                      : PowerCC26X2.oem4f (.text:Power_releaseConstraint)
                  00008de8    00000030                      : PowerCC26X2.oem4f (.text:Power_setConstraint)
                  00008e18    00000030     rtls_passive.obj (.text:RTLSPassive_processRtlsPassiveMsg$3)
                  00008e48    00000030     rf_multiMode_cc26x2.a : rf_patch_cpe_multi_protocol_rtls.c.cc26x2.ccs.o (.text:applyMultiProtocolRtlsPatch)
                  00008e78    00000030     rtls_passive_app_pem4f.oem4f (.text:ti_sysbios_BIOS_atExitFunc__I)
                  00008ea8    00000030     rtls_passive_app_pem4f.oem4f (.text:ti_sysbios_BIOS_startFunc__I)
                  00008ed8    00000030     rom_sysbios.aem4f : rom_sysbios.obj (.text:ti_sysbios_family_arm_cc26xx_Timer_getCurrentTick__E)
                  00008f08    00000030                       : rom_sysbios.obj (.text:ti_sysbios_family_arm_cc26xx_Timer_initDevice__I)
                  00008f38    00000030     rtls_passive_app_pem4f.oem4f (.text:ti_sysbios_gates_GateMutexPri_Object__create__S)
                  00008f68    00000030     rtls_passive_app_pem4f.oem4f (.text:ti_sysbios_gates_GateMutexPri_create)
                  00008f98    00000030     rom_sysbios.aem4f : rom_sysbios.obj (.text:ti_sysbios_knl_Clock_getTimeout__E)
                  00008fc8    00000030     rtls_passive_app_pem4f.oem4f (.text:ti_sysbios_rts_MemAlloc_alloc)
                  00008ff8    0000002c     npi_util.obj (.text:NPIUtil_enqueueMsg)
                  00009024    0000002c     drivers_cc26x2.a : NVS.oem4f (.text:NVS_init)
                  00009050    0000002c     rf_multiMode_cc26x2.a : RFCC26X2_multiMode.c.cc26x2.ccs.o (.text:RF_executeDirectImmediateCmd)
                  0000907c    0000002c     rtls_ctrl_aoa.obj (.text:RTLSCtrl_initAntConfig)
                  000090a8    0000002c     dpl_cc26x2.a : SemaphoreP_tirtos.oem4f (.text:SemaphoreP_constructBinary)
                  000090d4    0000002c                  : SemaphoreP_tirtos.oem4f (.text:SemaphoreP_createBinary)
                  00009100    0000002c     rom_sysbios.aem4f : rom_sysbios.obj (.text:_pthread_delete$46)
                  0000912c    0000002c     rtls_passive_app_pem4f.oem4f (.text:ti_sysbios_gates_GateMutexPri_Handle__label__S)
                  00009158    0000002c     rom_sysbios.aem4f : rom_sysbios.obj (.text:ti_sysbios_knl_Clock_getTicksUntilInterrupt__E)
                  00009184    0000002a     drivers_cc26x2.a : List.oem4f (.text:List_insert)
                  000091ae    0000002a     rf_multiMode_cc26x2.a : RFCC26X2_multiMode.c.cc26x2.ccs.o (.text:RF_searchAndReplacePAOverride)
                  000091d8    0000002a     rtls_ctrl.obj (.text:RTLSCtrl_sendDebugEvt)
                  00009202    00000028     rf_multiMode_cc26x2.a : rfc.c.cc26x2.ccs.o (.text:NOROM_RFCOverrideSearch)
                  0000922a    00000002     --HOLE-- [fill = 0]
                  0000922c    00000028     npi_task.obj (.text:NPITask_routeHostToSS$14)
                  00009254    00000028     nvocmp.obj (.text:NVOCMP_setCompactHdr$9)
                  0000927c    00000028     drivers_cc26x2.a : PowerCC26X2.oem4f (.text:Power_registerNotify)
                  000092a4    00000028     rf_multiMode_cc26x2.a : RFCC26X2_multiMode.c.cc26x2.ccs.o (.text:RF_calculateDeltaTimeUs)
                  000092cc    00000028     rtls_passive.obj (.text:RTLSPassive_getHostConnHandle)
                  000092f4    00000028     drivers_cc26x2.a : PowerCC26X2.oem4f (.text:oscillatorISR)
                  0000931c    00000028                      : NVSCC26XX.oem4f (.text:restoreFlashCache)
                  00009344    00000028     ugap.obj (.text:ugap_monitorCompleteCB$25)
                  0000936c    00000026     drivers_cc26x2.a : List.oem4f (.text:List_put)
                  00009392    00000026                      : List.oem4f (.text:List_putHead)
                  000093b8    00000026                      : List.oem4f (.text:List_remove)
                  000093de    00000002     --HOLE-- [fill = 0]
                  000093e0    00000024     driverlib.lib : osc.obj (.text:NOROM_OSCHF_TurnOnXosc)
                  00009404    00000024     rf_multiMode_cc26x2.a : rfc.c.cc26x2.ccs.o (.text:NOROM_RFCDoorbellSendTo)
                  00009428    00000024                           : RFCC26X2_multiMode.c.cc26x2.ccs.o (.text:RF_cmdAlloc)
                  0000944c    00000024                           : RFCC26X2_multiMode.c.cc26x2.ccs.o (.text:RF_invokeGlobalCallback)
                  00009470    00000024     rtls_passive.obj (.text:RTLSPassive_terminateLinkReq$3)
                  00009494    00000024     rom_sysbios.aem4f : rom_sysbios.obj (.text:_pthread_cleanupFxn)
                  000094b8    00000024     drivers_cc26x2.a : PowerCC26X2_calibrateRCOSC.oem4f (.text:getTdcSemaphore)
                  000094dc    00000024     rtsv7M4_T_le_v4SPD16_eabi.lib : memcmp.c.obj (.text:memcmp)
                  00009500    00000024     rtls_passive_app_pem4f.oem4f (.text:ti_sysbios_BIOS_registerRTSLock__I)
                  00009524    00000024     rtls_passive_app_pem4f.oem4f (.text:ti_sysbios_BIOS_removeRTSLock__I)
                  00009548    00000024     rom_sysbios.aem4f : rom_sysbios.obj (.text:ti_sysbios_family_arm_cc26xx_Timer_getMaxTicks__E)
                  0000956c    00000024     rtls_passive_app_pem4f.oem4f (.text:ti_sysbios_gates_GateMutexPri_Object__delete__S)
                  00009590    00000024     micro_ble_cm.obj (.text:ubCM_isSessionActive)
                  000095b4    00000024     uble.obj (.text:uble_timeCompare)
                  000095d8    00000022     drivers_cc26x2.a : List.oem4f (.text:List_get)
                  000095fa    00000022     urfi.obj (.text:urfi_clientEventCb)
                  0000961c    00000020     dpl_cc26x2.a : HwiP_tirtos.oem4f (.text:HwiP_setFunc)
                  0000963c    00000020     npi_tl_uart.obj (.text:NPITLUART_writeCallBack$12)
                  0000965c    00000020     npi_tl.obj (.text:NPITL_transmissionCallBack$13)
                  0000967c    00000020     nvocmp.obj (.text:NVOCMP_readByte$9)
                  0000969c    00000020     drivers_cc26x2.a : PINCC26XX.oem4f (.text:PINCC26XX_setIoCfgMux)
                  000096bc    00000020                      : PowerCC26X2.oem4f (.text:Power_unregisterNotify)
                  000096dc    00000020     rf_multiMode_cc26x2.a : RFCC26X2_multiMode.c.cc26x2.ccs.o (.text:RF_clkPowerUp)
                  000096fc    00000020                           : RFCC26X2_multiMode.c.cc26x2.ccs.o (.text:RF_hwiCpe0ChangePhy)
                  0000971c    00000020                           : RFCC26X2_multiMode.c.cc26x2.ccs.o (.text:RF_isStateTransitionAllowed)
                  0000973c    00000020                           : RFCC26X2_multiMode.c.cc26x2.ccs.o (.text:RF_ratIsRunning)
                  0000975c    00000020     rtls_ctrl.obj (.text:RTLSCtrl_callRtlsApp)
                  0000977c    00000020     crc.obj (.text:crc_update)
                  0000979c    00000020     rtsv7M4_T_le_v4SPD16_eabi.lib : u_tofd_t2.asm.obj (.text)
                  000097bc    00000020     drivers_cc26x2.a : UARTCC26XX.oem4f (.text:threadSafeStdbyDisRelease)
                  000097dc    00000020                      : UARTCC26XX.oem4f (.text:threadSafeStdbyDisSet)
                  000097fc    00000020     rtls_passive_app_pem4f.oem4f (.text:ti_sysbios_BIOS_rtsLock__I)
                  0000981c    00000020     rom_sysbios.aem4f : rom_sysbios.obj (.text:ti_sysbios_family_arm_cc26xx_Timer_dynamicStub__E)
                  0000983c    00000020     urfi.obj (.text:urfi_getTxPowerVal)
                  0000985c    00000020     rom_sysbios.aem4f : rom_sysbios.obj (.text:xdc_runtime_Error_policyMin__E)
                  0000987c    0000001e     drivers_cc26x2.a : PINCC26XX.oem4f (.text:PIN_close)
                  0000989a    0000001e                      : PowerCC26X2.oem4f (.text:Power_getTransitionLatency)
                  000098b8    0000001c     driverlib.lib : chipinfo.obj (.text:NOROM_ChipInfo_GetChipFamily)
                  000098d4    0000001c                   : flash.obj (.text:NOROM_FlashProgram)
                  000098f0    0000001c                   : flash.obj (.text:NOROM_FlashSectorErase)
                  0000990c    0000001c     npi_tl.obj (.text:NPITL_getRxBufLen)
                  00009928    0000001c     npi_util.obj (.text:NPIUtil_malloc)
                  00009944    0000001c     nvocmp.obj (.text:NVOCMP_writeByte$9)
                  00009960    0000001c     drivers_cc26x2.a : NVSCC26XX.oem4f (.text:NVSCC26XX_getAttrs)
                  0000997c    0000001c                      : NVSCC26XX.oem4f (.text:NVSCC26XX_lock)
                  00009998    0000001c                      : PINCC26XX.oem4f (.text:PIN_hwi)
                  000099b4    0000001c     dpl_cc26x2.a : PowerCC26X2_tirtos.oem4f (.text:PowerCC26XX_schedulerDisable)
                  000099d0    0000001c                  : PowerCC26X2_tirtos.oem4f (.text:PowerCC26XX_schedulerRestore)
                  000099ec    0000001c     rf_multiMode_cc26x2.a : RFCC26X2_multiMode.c.cc26x2.ccs.o (.text:RF_clkInactivityCallback)
                  00009a08    0000001c                           : RFCC26X2_multiMode.c.cc26x2.ccs.o (.text:RF_getPAOverrideOffsetAndValue)
                  00009a24    0000001c                           : RFCC26X2_multiMode.c.cc26x2.ccs.o (.text:RF_powerConstraintSet)
                  00009a40    0000001c     rom_sysbios.aem4f : rom_sysbios.obj (.text:ti_sysbios_knl_Swi_construct2__E)
                  00009a5c    0000001c     rtls_passive.obj (.text:uBLEStack_eventProxy$3)
                  00009a78    0000001a     npi_util.obj (.text:NPIUtil_EnterCS)
                  00009a92    0000001a     npi_util.obj (.text:NPIUtil_dequeueMsg)
                  00009aac    0000001a     drivers_cc26x2.a : PowerCC26X2.oem4f (.text:PowerCC26XX_calibrate)
                  00009ac6    0000001a     util.obj (.text:Util_dequeueMsg)
                  00009ae0    00000018     driverlib.lib : chipinfo.obj (.text:NOROM_ChipInfo_GetPackageType)
                  00009af8    00000018     npi_tl_uart.obj (.text:NPITLUART_calcFCS$12)
                  00009b10    00000018     npi_task.obj (.text:NPITask_RemRdyEventCB$14)
                  00009b28    00000018     npi_util.obj (.text:NPIUtil_free)
                  00009b40    00000018     nvocmp.obj (.text:NVOCMP_expectCompApi$9)
                  00009b58    00000018     nvocmp.obj (.text:NVOCMP_restoreCache$9)
                  00009b70    00000018     drivers_cc26x2.a : PowerCC26X2.oem4f (.text:Power_idleFunc)
                  00009b88    00000018     rf_multiMode_cc26x2.a : RFCC26X2_multiMode.c.cc26x2.ccs.o (.text:RF_swiFsm)
                  00009ba0    00000018     drivers_cc26x2.a : UART.oem4f (.text:UART_Params_init)
                  00009bb8    00000018     rtsv7M4_T_le_v4SPD16_eabi.lib : args_main.c.obj (.text:_args_main)
                  00009bd0    00000018     rtls_passive_app_pem4f.oem4f (.text:free)
                  00009be8    00000018     rtsv7M4_T_le_v4SPD16_eabi.lib : ll_mul_t2.asm.obj (.text)
                  00009c00    00000018     drivers_cc26x2.a : PowerCC26X2.oem4f (.text:switchToTCXO)
                  00009c18    00000018     rtls_passive_app_pem4f.oem4f (.text:ti_sysbios_BIOS_rtsUnlock__I)
                  00009c30    00000018     rom_sysbios.aem4f : rom_sysbios.obj (.text:ti_sysbios_gates_GateMutexPri_Instance_init__E)
                  00009c48    00000018                       : rom_sysbios.obj (.text:ti_sysbios_knl_Swi_or__E)
                  00009c60    00000018                       : rom_sysbios.obj (.text:xdc_runtime_Error_init__E)
                  00009c78    00000018     rtls_passive_app_pem4f.oem4f (.text:xdc_runtime_Startup_exec__I)
                  00009c90    00000016     rf_multiMode_cc26x2.a : RFCC26X2_multiMode.c.cc26x2.ccs.o (.text:RF_restartClockTimeout)
                  00009ca6    00000016     rtls_passive_app_pem4f.oem4f (.text:ti_sysbios_BIOS_exitFunc__I)
                  00009cbc    00000016     rom_sysbios.aem4f : rom_sysbios.obj (.text:ti_sysbios_knl_Task_block__E)
                  00009cd2    00000014     drivers_cc26x2.a : List.oem4f (.text:List_clearList)
                  00009ce6    00000002     --HOLE-- [fill = 0]
                  00009ce8    00000014     rf_multiMode_cc26x2.a : rfc.c.cc26x2.ccs.o (.text:NOROM_RFCCpeIntGetAndClear)
                  00009cfc    00000014     drivers_cc26x2.a : PINCC26XX.oem4f (.text:PINCC26XX_getPinCount)
                  00009d10    00000014                      : PowerCC26X2_calibrateRCOSC.oem4f (.text:PowerCC26X2_calibrate)
                  00009d24    00000014     rf_multiMode_cc26x2.a : RFCC26X2_multiMode.c.cc26x2.ccs.o (.text:RF_Params_init)
                  00009d38    00000014                           : RFCC26X2_multiMode.c.cc26x2.ccs.o (.text:RF_dbellSyncOnAck)
                  00009d4c    00000014                           : RFCC26X2_multiMode.c.cc26x2.ccs.o (.text:RF_ratGetChannel)
                  00009d60    00000014     rtls_ctrl.obj (.text:SysCtrlSystemReset$18)
                  00009d74    00000014     rf_multiMode_cc26x2.a : rf_patch_cpe_multi_protocol_rtls.c.cc26x2.ccs.o (.text:enterMultiProtocolRtlsCpeHdPatch)
                  00009d88    00000014     rom_sysbios.aem4f : rom_sysbios.obj (.text:ti_sysbios_family_arm_cc26xx_Timer_getCount64__E)
                  00009d9c    00000014     rtls_passive_app_pem4f.oem4f (.text:ti_sysbios_knl_Clock_doTick__I)
                  00009db0    00000012     npi_util.obj (.text:NPIUtil_ExitCS)
                  00009dc2    00000012     drivers_cc26x2.a : RingBuf.oem4f (.text:RingBuf_construct)
                  00009dd4    00000012     dpl_cc26x2.a : SemaphoreP_tirtos.oem4f (.text:SemaphoreP_pend)
                  00009de6    00000010                  : ClockP_tirtos.oem4f (.text:ClockP_isActive)
                  00009df6    00000010                  : HwiP_tirtos.oem4f (.text:HwiP_Params_init)
                  00009e06    00000002     --HOLE-- [fill = 0]
                  00009e08    00000010     rf_multiMode_cc26x2.a : rfc.c.cc26x2.ccs.o (.text:NOROM_RFCHwIntGetAndClear)
                  00009e18    00000010                           : RFCC26X2_multiMode.c.cc26x2.ccs.o (.text:RF_dbellSubmitCmdAsync)
                  00009e28    00000010                           : RFCC26X2_multiMode.c.cc26x2.ccs.o (.text:RF_isClientOwner)
                  00009e38    00000010     dpl_cc26x2.a : SwiP_tirtos.oem4f (.text:SwiP_Params_init)
                  00009e48    00000010     rom_sysbios.aem4f : rom_sysbios.obj (.text:ti_sysbios_family_arm_m3_Hwi_post__E)
                  00009e58    00000010                       : rom_sysbios.obj (.text:ti_sysbios_gates_GateMutexPri_Instance_finalize__E)
                  00009e68    00000010     drivers_cc26x2.a : UARTCC26XX.oem4f (.text:uartPostNotify)
                  00009e78    0000000e                      : NVS.oem4f (.text:NVS_write)
                  00009e86    0000000e     rf_multiMode_cc26x2.a : RFCC26X2_multiMode.c.cc26x2.ccs.o (.text:RF_getSwitchingTimeInUs)
                  00009e94    0000000e     util.obj (.text:Util_constructQueue)
                  00009ea2    0000000e     rtsv7M4_T_le_v4SPD16_eabi.lib : copy_decompress_none.c.obj (.text:decompress:none:__TI_decompress_none)
                  00009eb0    0000000e     rom_sysbios.aem4f : rom_sysbios.obj (.text:ti_sysbios_family_arm_cc26xx_TimestampProvider_get32__E)
                  00009ebe    00000002     --HOLE-- [fill = 0]
                  00009ec0    0000000c     AOA.obj (.text:AOA_getSampleState)
                  00009ecc    0000000c     dpl_cc26x2.a : ClockP_tirtos.oem4f (.text:ClockP_getSystemTickPeriod)
                  00009ed8    0000000c     driverlib.lib : cpu.obj (.text:NOROM_CPUcpsid)
                  00009ee4    0000000c                   : cpu.obj (.text:NOROM_CPUcpsie)
                  00009ef0    0000000c     npi_tl.obj (.text:NPITL_checkNpiBusy)
                  00009efc    0000000c     nvocmp.obj (.text:NVOCMP_doRAMCRC$9)
                  00009f08    0000000c     drivers_cc26x2.a : NVSCC26XX.oem4f (.text:NVSCC26XX_unlock)
                  00009f14    0000000c                      : PowerCC26X2.oem4f (.text:Power_getConstraintMask)
                  00009f20    0000000c                      : PowerCC26X2.oem4f (.text:Power_getDependencyCount)
                  00009f2c    0000000c     rf_multiMode_cc26x2.a : RFCC26X2_multiMode.c.cc26x2.ccs.o (.text:RF_powerConstraintGet)
                  00009f38    0000000c     dpl_cc26x2.a : SemaphoreP_tirtos.oem4f (.text:SemaphoreP_delete)
                  00009f44    0000000c     rtsv7M4_T_le_v4SPD16_eabi.lib : _lock.c.obj (.text:_register_lock)
                  00009f50    0000000c                                   : _lock.c.obj (.text:_register_unlock)
                  00009f5c    0000000c                                   : copy_zero_init.c.obj (.text:decompress:ZI:__TI_zero_init)
                  00009f68    0000000c     rtls_passive_app_pem4f.oem4f (.text:ti_sysbios_gates_GateMutexPri_Params__init__S)
                  00009f74    0000000c     rom_sysbios.aem4f : rom_sysbios.obj (.text:ti_sysbios_knl_Queue_insert__E)
                  00009f80    0000000c                       : rom_sysbios.obj (.text:ti_sysbios_knl_Swi_getTrigger__E)
                  00009f8c    0000000a     dpl_cc26x2.a : ClockP_tirtos.oem4f (.text:ClockP_Params_init)
                  00009f96    0000000a     drivers_cc26x2.a : NVS.oem4f (.text:NVS_erase)
                  00009fa0    0000000a                      : NVS.oem4f (.text:NVS_getAttrs)
                  00009faa    0000000a                      : NVS.oem4f (.text:NVS_read)
                  00009fb4    0000000a                      : UART.oem4f (.text:UART_control)
                  00009fbe    0000000a                      : UART.oem4f (.text:UART_read)
                  00009fc8    0000000a                      : UART.oem4f (.text:UART_write)
                  00009fd2    0000000a                      : UARTCC26XX.oem4f (.text:readSemCallback)
                  00009fdc    00000008                      : NVSCC26XX.oem4f (.text:NVSCC26XX_close)
                  00009fe4    00000008     rtls_ctrl.obj (.text:RTLSCtrl_hostMsgCB)
                  00009fec    00000008     rtls_passive.obj (.text:RTLSPassive_cmCb)
                  00009ff4    00000008     rtls_passive.obj (.text:RTLSPassive_rtlsCtrlMsgCb)
                  00009ffc    00000008     drivers_cc26x2.a : UARTCC26XX.oem4f (.text:UARTCC26XX_init)
                  0000a004    00000008                      : UARTCC26XX.oem4f (.text:writeSemCallback)
                  0000a00c    00000008     rtls_passive_app_pem4f.oem4f (.text:xdc_runtime_Text_visitRope__I)
                  0000a014    00000006     driverlib.lib : cpu.obj (.text:NOROM_CPUdelay)
                  0000a01a    00000006     drivers_cc26x2.a : NVSCC26XX.oem4f (.text:NVSCC26XX_control)
                  0000a020    00000006     rf_multiMode_cc26x2.a : RFCC26X2_multiMode.c.cc26x2.ccs.o (.text:RF_clkReqAccess)
                  0000a026    00000006     drivers_cc26x2.a : UARTCC26XX.oem4f (.text:UARTCC26XX_readPolling)
                  0000a02c    00000006                      : UARTCC26XX.oem4f (.text:UARTCC26XX_writePolling)
                  0000a032    00000006                      : PowerCC26X2.oem4f (.text:delayUs)
                  0000a038    00000006     rom_sysbios.aem4f : rom_sysbios.obj (.text:ti_sysbios_family_arm_m3_Hwi_setFunc__E)
                  0000a03e    00000004     dpl_cc26x2.a : PowerCC26X2_tirtos.oem4f (.text:CPUwfi)
                  0000a042    00000004                  : ClockP_tirtos.oem4f (.text:ClockP_destruct)
                  0000a046    00000004                  : ClockP_tirtos.oem4f (.text:ClockP_getCpuFreq)
                  0000a04a    00000004                  : ClockP_tirtos.oem4f (.text:ClockP_getTimeout)
                  0000a04e    00000004                  : ClockP_tirtos.oem4f (.text:ClockP_setTimeout)
                  0000a052    00000004                  : ClockP_tirtos.oem4f (.text:ClockP_start)
                  0000a056    00000004                  : ClockP_tirtos.oem4f (.text:ClockP_stop)
                  0000a05a    00000004                  : HwiP_tirtos.oem4f (.text:HwiP_destruct)
                  0000a05e    00000004                  : HwiP_tirtos.oem4f (.text:HwiP_disable)
                  0000a062    00000004                  : HwiP_tirtos.oem4f (.text:HwiP_enableInterrupt)
                  0000a066    00000004                  : HwiP_tirtos.oem4f (.text:HwiP_post)
                  0000a06a    00000004     rf_multiMode_cc26x2.a : rfc.c.cc26x2.ccs.o (.text:NOROM_RFCOverrideUpdate)
                  0000a06e    00000004     npi_task.obj (.text:NPITask_freeFrame)
                  0000a072    00000004     rf_multiMode_cc26x2.a : RFCC26X2_multiMode.c.cc26x2.ccs.o (.text:RF_defaultExecutionPolicy)
                  0000a076    00000004     dpl_cc26x2.a : SemaphoreP_tirtos.oem4f (.text:SemaphoreP_destruct)
                  0000a07a    00000004                  : SemaphoreP_tirtos.oem4f (.text:SemaphoreP_post)
                  0000a07e    00000004                  : SwiP_tirtos.oem4f (.text:SwiP_destruct)
                  0000a082    00000004                  : SwiP_tirtos.oem4f (.text:SwiP_getTrigger)
                  0000a086    00000004                  : SwiP_tirtos.oem4f (.text:SwiP_or)
                  0000a08a    00000004     drivers_cc26x2.a : PowerCC26X2.oem4f (.text:configureRFCoreClocks)
                  0000a08e    00000004                      : PowerCC26X2.oem4f (.text:nopResourceHandler)
                  0000a092    00000004     rom_sysbios.aem4f : rom_sysbios.obj (.text:ti_sysbios_gates_GateMutexPri_query__E)
                  0000a096    00000004                       : rom_sysbios.obj (.text:ti_sysbios_knl_Clock_isActive__E)
                  0000a09a    00000004                       : rom_sysbios.obj (.text:ti_sysbios_knl_Task_getPri__E)
                  0000a09e    00000004     uble.obj (.text:uble_timeDelta)
                  0000a0a2    00000004     ull.obj (.text:ull_getNextDataEntry)
                  0000a0a6    00000004     rtls_passive_app_pem4f.oem4f (.text:xdc_runtime_Startup_reset__I)
                  0000a0aa    00000004     rom_sysbios.aem4f : rom_sysbios.obj (.text:xdc_runtime_SysCallback_defaultReady)
                  0000a0ae    00000002     --HOLE-- [fill = 0]
                  0000a0b0    00000008     (.tramp.ti_sysbios_knl_Swi_destruct.1)
                  0000a0b8    00000008     (.tramp.ti_sysbios_family_arm_m3_Hwi_enableInterrupt__E.1)
                  0000a0c0    00000008     (.tramp.ti_sysbios_family_arm_m3_Hwi_destruct.1)
                  0000a0c8    00000008     (.tramp.ti_sysbios_BIOS_getCpuFreq__E.1)
                  0000a0d0    00000008     (.tramp.ti_sysbios_knl_Clock_destruct.1)
                  0000a0d8    00000008     (.tramp.xdc_runtime_Core_assignParams__I.1)
                  0000a0e0    00000008     (.tramp.ti_sysbios_knl_Semaphore_delete.1)
                  0000a0e8    00000008     (.tramp.ti_sysbios_knl_Queue_destruct.1)
                  0000a0f0    00000008     (.tramp.ti_sysbios_knl_Clock_logTick__E.1)
                  0000a0f8    00000008     (.tramp.ti_sysbios_knl_Task_blockI__E.1)
                  0000a100    00000008     (.tramp.ti_sysbios_knl_Swi_post__E.1)
                  0000a108    00000008     (.tramp.ti_sysbios_BIOS_RtsGateProxy_leave__E.1)
                  0000a110    00000008     (.tramp.ti_sysbios_knl_Swi_construct.1)
                  0000a118    00000008     (.tramp.ti_sysbios_BIOS_RtsGateProxy_enter__E.1)
                  0000a120    00000008     (.tramp.xdc_runtime_Core_deleteObject__I.1)
                  0000a128    00000008     (.tramp.ti_sysbios_knl_Clock_TimerProxy_getCurrentTick__E.1)
                  0000a130    00000008     (.tramp.xdc_runtime_Memory_free__E.1)
                  0000a138    00000008     (.tramp.ti_sysbios_knl_Task_delete.1)
                  0000a140    00000008     (.tramp.ti_sysbios_knl_Semaphore_destruct.1)
                  0000a148    00000008     (.tramp.ti_sysbios_knl_Semaphore_construct.1)
                  0000a150    00000008     (.tramp.ti_sysbios_knl_Semaphore_Params__init__S.1)
                  0000a158    00000008     (.tramp.xdc_runtime_Memory_alloc__E.1)
                  0000a160    00000008     (.tramp.ti_sysbios_knl_Clock_getTicks__E.1)
                  0000a168    00000008     (.tramp.xdc_runtime_Core_createObject__I.1)
                  0000a170    00000008     (.tramp.ti_sysbios_knl_Task_startup__E.1)
                  0000a178    00000008     (.tramp.ti_sysbios_knl_Swi_startup__E.1)
                  0000a180    00000008     (.tramp.ti_sysbios_hal_Hwi_startup__E.1)
                  0000a188    00000008     (.tramp.ti_sysbios_family_arm_cc26xx_Timer_startup__E.1)
                  0000a190    00000008     (.tramp.xdc_runtime_System_atexit__E.1)
                  0000a198    00000008     (.tramp.ti_sysbios_BIOS_linkedWithIncorrectBootLibrary__E.1)
                  0000a1a0    00000008     (.tramp.xdc_runtime_Startup_rtsDone__E.1)
                  0000a1a8    00000008     (.tramp.ti_sysbios_BIOS_setThreadType__E.1)
                  0000a1b0    00000008     (.tramp.ti_sysbios_knl_Queue_next__E.1)
                  0000a1b8    00000008     (.tramp.ti_sysbios_knl_Queue_head__E.1)
                  0000a1c0    00000008     (.tramp.ti_sysbios_knl_Event_post__E.1)
                  0000a1c8    00000008     (.tramp.ti_sysbios_family_arm_m3_Hwi_construct.1)
                  0000a1d0    00000008     (.tramp.ti_sysbios_family_arm_m3_Hwi_Params__init__S.1)
                  0000a1d8    00000008     (.tramp.ti_sysbios_knl_Clock_construct.1)
                  0000a1e0    00000008     (.tramp.ti_sysbios_knl_Clock_Params__init__S.1)
                  0000a1e8    00000008     (.tramp.ti_sysbios_knl_Task_sleep__E.1)
                  0000a1f0    00000008     (.tramp.ti_sysbios_knl_Swi_Params__init__S.1)
                  0000a1f8    00000008     (.tramp.xdc_runtime_Error_raiseX__E.1)
                  0000a200    00000008     (.tramp.ti_sysbios_heaps_HeapMem_Module_GateProxy_leave__E.1)
                  0000a208    00000008     (.tramp.ti_sysbios_heaps_HeapMem_Module_GateProxy_enter__E.1)
                  0000a210    00000008     (.tramp.xdc_runtime_System_exit__E.1)
                  0000a218    00000008     (.tramp.ti_sysbios_knl_Task_construct.1)
                  0000a220    00000008     (.tramp.ti_sysbios_heaps_HeapMem_restore__E.1)
                  0000a228    00000008     (.tramp.ti_sysbios_heaps_HeapMem_Object__get__S.1)
                  0000a230    00000008     (.tramp.ti_sysbios_knl_Queue_put__E.1)
                  0000a238    00000008     (.tramp.ti_sysbios_knl_Task_unblockI__E.1)
                  0000a240    00000008     (.tramp.ti_sysbios_knl_Queue_dequeue__E.1)
                  0000a248    00000008     (.tramp.ti_sysbios_knl_Task_self__E.1)
                  0000a250    00000008     (.tramp.ti_sysbios_knl_Task_restore__E.1)
                  0000a258    00000008     (.tramp.ti_sysbios_knl_Queue_enqueue__E.1)
                  0000a260    00000008     (.tramp.ti_sysbios_knl_Queue_remove__E.1)
                  0000a268    00000008     (.tramp.ti_sysbios_knl_Task_disable__E.1)
                  0000a270    00000008     (.tramp.ti_sysbios_knl_Clock_stop__E.1)
                  0000a278    00000008     (.tramp.ti_sysbios_knl_Clock_start__E.1)
                  0000a280    00000008     (.tramp.ti_sysbios_knl_Clock_setTimeout__E.1)
                  0000a288    00000008     (.tramp.ti_sysbios_knl_Task_create.1)
                  0000a290    00000008     (.tramp.ti_sysbios_knl_Task_Params__init__S.1)
                  0000a298    00000008     (.tramp.ti_sysbios_knl_Queue_create.1)
                  0000a2a0    00000008     (.tramp.ti_sysbios_knl_Semaphore_create.1)
                  0000a2a8    00000008     (.tramp.ti_sysbios_knl_Semaphore_post__E.1)
                  0000a2b0    00000008     (.tramp.ti_sysbios_knl_Semaphore_pend__E.1)
                  0000a2b8    00000008     (.tramp.xdc_runtime_System_doPrint__I.1)
                  0000a2c0    00000008     (.tramp.ti_sysbios_BIOS_start__E.1)
                  0000a2c8    00000008     (.tramp.ti_sysbios_knl_Queue_get__E.1)
                  0000a2d0    00000008     (.tramp.ti_sysbios_knl_Queue_empty__E.1)
                  0000a2d8    00000008     (.tramp.ti_sysbios_knl_Event_pend__E.1)
                  0000a2e0    00000008     (.tramp.ti_sysbios_knl_Queue_construct.1)
                  0000a2e8    00000008     (.tramp.ti_sysbios_knl_Event_create.1)
                  0000a2f0    00000008     (.tramp.ti_sysbios_family_arm_m3_Hwi_restoreFxn__E.1)
                  0000a2f8    00000008     (.tramp.ti_sysbios_knl_Swi_restore__E.1)
                  0000a300    00000008     (.tramp.ti_sysbios_knl_Swi_disable__E.1)
                  0000a308    00000008     (.tramp.ti_sysbios_family_arm_m3_Hwi_disableFxn__E.1)

.const     0    0000a310    000020c0     
                  0000a310    000017f0     rf_multiMode_cc26x2.a : rf_patch_cpe_multi_protocol_rtls.c.cc26x2.ccs.o (.const:$O1$$)
                  0000bb00    000003b8     rtls_passive_app_pem4f.oem4f (.const:ROM_constStruct)
                  0000beb8    00000100     crc.obj (.const:.string:crc_table$8)
                  0000bfb8    00000054     drivers_cc26x2.a : PowerCC26X2.oem4f (.const:resourceDB)
                  0000c00c    00000048     rtls_passive_app_pem4f.oem4f (.const:.string)
                  0000c054    00000048     rtls_passive_app_pem4f.oem4f (.const:ROM_externFuncPtrs)
                  0000c09c    00000038     urfc.obj (.const:$O15$$)
                  0000c0d4    00000034     npi_task.obj (.const:NPI_defaultParams)
                  0000c108    00000030     ti_drivers_config.obj (.const:$O1$$)
                  0000c138    00000028     drivers_cc26x2.a : NVSCC26XX.oem4f (.const:NVSCC26XX_fxnTable)
                  0000c160    00000028                      : UARTCC26XX.oem4f (.const:UARTCC26XX_fxnTable)
                  0000c188    00000028     ti_drivers_config.obj (.const:uartCC26XXHWAttrs)
                  0000c1b0    00000024     uble.obj (.const:$O17$$)
                  0000c1d4    00000024     AOA.obj (.const:$O4$$)
                  0000c1f8    00000024     drivers_cc26x2.a : UART.oem4f (.const:UART_defaultParams)
                  0000c21c    00000024     rtls_passive_app_pem4f.oem4f (.const:ti_sysbios_gates_GateMutexPri_Module__FXNS__C)
                  0000c240    00000024     rtls_passive_app_pem4f.oem4f (.const:xdc_runtime_Startup_sfxnTab__A)
                  0000c264    00000020     ull.obj (.const:$P$T0$1$26)
                  0000c284    00000020     rf_multiMode_cc26x2.a : RFCC26X2_multiMode.c.cc26x2.ccs.o (.const:RF_defaultParams)
                  0000c2a4    00000020     rtls_passive_app_pem4f.oem4f (.const:ti_sysbios_gates_GateMutexPri_Object__DESC__C)
                  0000c2c4    00000018     rtls_passive_app_pem4f.oem4f (.const:ti_sysbios_gates_GateMutexPri_Object__PARAMS__C)
                  0000c2dc    00000017     ti_drivers_config.obj (.const)
                  0000c2f3    00000001     rtls_passive_app_pem4f.oem4f (.const:xdc_runtime_Text_charTab__A)
                  0000c2f4    00000014     ti_drivers_config.obj (.const:PowerCC26X2_config)
                  0000c308    00000014     drivers_cc26x2.a : UARTCC26XX.oem4f (.const:parityType)
                  0000c31c    00000012     rtls_passive_app_pem4f.oem4f (.const:xdc_runtime_Startup_sfxnRts__A)
                  0000c32e    00000002     --HOLE-- [fill = 0]
                  0000c330    00000010     drivers_cc26x2.a : UARTCC26XX.oem4f (.const:dataLength)
                  0000c340    0000000c     ti_drivers_config.obj (.const:NVS_config)
                  0000c34c    0000000c     ti_drivers_config.obj (.const:RFCC26XX_hwAttrs)
                  0000c358    0000000c     ti_drivers_config.obj (.const:UART_config)
                  0000c364    0000000c     rtls_passive_app_pem4f.oem4f (.const:xdc_runtime_Startup_firstFxns__A)
                  0000c370    00000008     driverlib.lib : aux_sysif.obj (.const:$O23$$)
                  0000c378    00000008     ti_drivers_config.obj (.const:PINCC26XX_hwAttrs)
                  0000c380    00000008     ti_drivers_config.obj (.const:nvsCC26XXHWAttrs)
                  0000c388    00000008     drivers_cc26x2.a : UARTCC26XX.oem4f (.const:stopBits)
                  0000c390    00000008     rtls_passive_app_pem4f.oem4f (.const:ti_sysbios_family_arm_m3_Hwi_excHookFuncs__A)
                  0000c398    00000008     rtls_passive_app_pem4f.oem4f (.const:ti_sysbios_knl_Idle_funcList__A)
                  0000c3a0    00000006     drivers_cc26x2.a : UARTCC26XX.oem4f (.const:.string:rxFifoBytes)
                  0000c3a6    00000006                      : UARTCC26XX.oem4f (.const:.string:rxFifoThreshold)
                  0000c3ac    00000006                      : UARTCC26XX.oem4f (.const:.string:txFifoBytes)
                  0000c3b2    00000006                      : UARTCC26XX.oem4f (.const:.string:txFifoThreshold)
                  0000c3b8    00000004                      : NVS.oem4f (.const:NVS_defaultParams)
                  0000c3bc    00000004     rtls_passive_app_pem4f.oem4f (.const:ti_sysbios_gates_GateMutexPri_Instance_State_pendQ__O)
                  0000c3c0    00000004     rtls_passive_app_pem4f.oem4f (.const:ti_sysbios_heaps_HeapMem_primaryHeapBaseAddr__C)
                  0000c3c4    00000004     rtls_passive_app_pem4f.oem4f (.const:ti_sysbios_heaps_HeapMem_primaryHeapEndAddr__C)
                  0000c3c8    00000004     rtls_passive_app_pem4f.oem4f (.const:ti_sysbios_knl_Clock_tickPeriod__C)
                  0000c3cc    00000004     rtls_passive_app_pem4f.oem4f (.const:ti_sysbios_knl_Task_Object__heap__C)

MODULE SUMMARY

       Module                                            code    ro data   rw data
       ------                                            ----    -------   -------
    .\Application\
       rtls_passive.obj                                  1724    0         1812   
       micro_ble_cm.obj                                  2458    0         920    
       util.obj                                          92      0         0      
    +--+-------------------------------------------------+-------+---------+---------+
       Total:                                            4274    0         2732   
                                                                                  
    .\Drivers\AOA\
       AOA.obj                                           372     36        40     
       ant_array1_config_boostxl_rev1v1.obj              0       0         100    
       ant_array2_config_boostxl_rev1v1.obj              0       0         100    
    +--+-------------------------------------------------+-------+---------+---------+
       Total:                                            372     36        240    
                                                                                  
    .\Drivers\NV\
       nvocmp.obj                                        4064    0         96     
       crc.obj                                           32      256       0      
    +--+-------------------------------------------------+-------+---------+---------+
       Total:                                            4096    256       96     
                                                                                  
    .\HAL\Common\
       hal_assert.obj                                    2       0         8      
    +--+-------------------------------------------------+-------+---------+---------+
       Total:                                            2       0         8      
                                                                                  
    .\NPI\Transport\
       npi_tl.obj                                        120     0         29     
    +--+-------------------------------------------------+-------+---------+---------+
       Total:                                            120     0         29     
                                                                                  
    .\NPI\Transport\UART\
       npi_tl_uart.obj                                   432     0         140    
    +--+-------------------------------------------------+-------+---------+---------+
       Total:                                            432     0         140    
                                                                                  
    .\NPI\U_NPI\
       npi_task.obj                                      1372    52        86     
       npi_util.obj                                      166     0         0      
    +--+-------------------------------------------------+-------+---------+---------+
       Total:                                            1538    52        86     
                                                                                  
    .\RTLSCtrl\
       rtls_ctrl.obj                                     2122    0         884    
       rtls_ctrl_aoa.obj                                 292     0         2056   
       rtls_host_npi.obj                                 256     0         56     
    +--+-------------------------------------------------+-------+---------+---------+
       Total:                                            2670    0         2996   
                                                                                  
    .\Startup\
       main.obj                                          508     0         0      
       urfc.obj                                          0       56        48     
    +--+-------------------------------------------------+-------+---------+---------+
       Total:                                            508     56        48     
                                                                                  
    .\syscfg\
       ti_drivers_config.obj                             0       183       16864  
       ti_devices_config.obj                             0       88        0      
    +--+-------------------------------------------------+-------+---------+---------+
       Total:                                            0       271       16864  
                                                                                  
    .\uStack\
       ull.obj                                           796     32        292    
       urfi.obj                                          66      0         392    
       uble.obj                                          266     36        48     
       ugap.obj                                          332     0         16     
    +--+-------------------------------------------------+-------+---------+---------+
       Total:                                            1460    68        748    
                                                                                  
    C:\Users\user\AppData\Local\Temp\
       {8C5CF567-19D1-4D64-BA70-5BC4DB764E20}            0       0         1717   
    +--+-------------------------------------------------+-------+---------+---------+
       Total:                                            0       0         1717   
                                                                                  
    C:\Users\user\Documents\workspace\ti_aoa_workspace\rtls_passive_CC26X2R1_LAUNCHXL_tirtos_ccs\Release\configPkg\package\cfg\
       rtls_passive_app_pem4f.oem4f                      1048    1351      1810   
    +--+-------------------------------------------------+-------+---------+---------+
       Total:                                            1048    1351      1810   
                                                                                  
    C:/ti/simplelink_cc13x2_26x2_sdk_5_20_00_52/kernel/tirtos/packages/ti/dpl/lib/ccs/m4f/dpl_cc26x2.a
       PowerCC26X2_tirtos.oem4f                          260     0         8      
       ClockP_tirtos.oem4f                               126     0         0      
       HwiP_tirtos.oem4f                                 126     0         0      
       SemaphoreP_tirtos.oem4f                           126     0         0      
       SwiP_tirtos.oem4f                                 112     0         0      
    +--+-------------------------------------------------+-------+---------+---------+
       Total:                                            750     0         8      
                                                                                  
    C:/ti/simplelink_cc13x2_26x2_sdk_5_20_00_52/source/ti/devices/cc13x2_cc26x2/driverlib/bin/ccs/driverlib.lib
       setup.obj                                         432     0         0      
       sys_ctrl.obj                                      396     0         0      
       osc.obj                                           340     0         36     
       chipinfo.obj                                      180     0         0      
       prcm.obj                                          160     0         0      
       flash.obj                                         56      0         0      
[...]
1002ecaf  ti_sysbios_heaps_HeapMem_Module_GateProxy_leave__E              
1002ecb3  ti_sysbios_knl_Clock_TimerProxy_getExpiredTicks__E              
1002ecb7  ti_sysbios_knl_Clock_TimerProxy_getPeriod__E                    
1002ecbb  ti_sysbios_knl_Clock_delete                                     
1002ecbf  ti_sysbios_knl_Clock_removeI__E                                 
1002ecc3  ti_sysbios_knl_Clock_setTimeout__E                              
1002ecc7  ti_sysbios_knl_Event_delete                                     
1002eccb  ti_sysbios_knl_Mailbox_delete                                   
1002eccf  ti_sysbios_knl_Queue_delete                                     
1002ecd3  ti_sysbios_knl_Queue_head__E                                    
1002ecd7  ti_sysbios_knl_Queue_next__E                                    
1002ecdb  ti_sysbios_knl_Semaphore_delete                                 
1002ecdf  ti_sysbios_knl_Swi_delete                                       
1002ece3  ti_sysbios_knl_Swi_postInit__I                                  
1002ece7  ti_sysbios_knl_Task_delete                                      
1002eceb  ti_sysbios_knl_Task_startup__E                                  
1002ecf1  xdc_runtime_System_doPrint__I                                   
1002f055  xdc_runtime_Startup_startMods__I                                
1002f15d  xdc_runtime_Text_putSite__E                                     
1002f1f7  xdc_runtime_Error_policySpin__E                                 
1002f1f9  xdc_runtime_Text_putMod__E                                      
1002f289  xdc_runtime_Memory_alloc__E                                     
1002f2f9  xdc_runtime_Core_createObject__I                                
1002f367  xdc_runtime_Core_deleteObject__I                                
1002f3c5  xdc_runtime_Text_putLab__E                                      
1002f421  xdc_runtime_Assert_raise__I                                     
1002f475  xdc_runtime_Startup_exec__E                                     
1002f4c9  xdc_runtime_Core_assignParams__I                                
1002f511  xdc_runtime_Core_constructObject__I                             
1002f559  xdc_runtime_System_atexit__E                                    
1002f5a1  xdc_runtime_Text_xprintf__I                                     
1002f5e5  xdc_runtime_System_processAtExit__E                             
1002f625  xdc_runtime_System_putchar__I                                   
1002f659  xdc_runtime_Core_assignLabel__I                                 
1002f689  xdc_runtime_Text_printVisFxn__I                                 
1002f6b9  xdc_runtime_System_vprintf__E                                   
1002f6e5  xdc_runtime_Text_cordText__E                                    
1002f711  xdc_runtime_System_abort__E                                     
1002f739  xdc_runtime_Error_raiseX__E                                     
1002f759  xdc_runtime_Registry_findById__E                                
1002f779  xdc_runtime_Error_check__E                                      
1002f795  xdc_runtime_Memory_valloc__E                                    
1002f7b1  xdc_runtime_System_exit__E                                      
1002f7cd  xdc_runtime_Text_ropeText__E                                    
1002f7e9  xdc_runtime_System_printf__E                                    
1002f803  xdc_runtime_Core_destructObject__I                              
1002f81b  xdc_runtime_System_abortSpin__E                                 
1002f81d  xdc_runtime_Memory_free__E                                      
1002f831  xdc_runtime_Memory_getStats__E                                  
1002f845  xdc_runtime_SysCallback_abort__E                                
1002f845  xdc_runtime_System_SupportProxy_abort__E                        
1002f859  xdc_runtime_SysCallback_exit__E                                 
1002f859  xdc_runtime_System_SupportProxy_exit__E                         
1002f86d  xdc_runtime_SysCallback_flush__E                                
1002f86d  xdc_runtime_System_SupportProxy_flush__E                        
1002f86d  xdc_runtime_System_flush__E                                     
1002f881  xdc_runtime_SysCallback_putch__E                                
1002f881  xdc_runtime_System_SupportProxy_putch__E                        
1002f895  xdc_runtime_SysCallback_ready__E                                
1002f895  xdc_runtime_System_SupportProxy_ready__E                        
1002f8a9  xdc_runtime_Memory_getMaxDefaultTypeAlign__E                    
1002f8b9  xdc_runtime_System_vsnprintf__E                                 
1002f8c9  xdc_runtime_Timestamp_SupportProxy_get32__E                     
1002f8c9  xdc_runtime_Timestamp_SupportProxy_get32__E                     
1002f8c9  xdc_runtime_Timestamp_get32__E                                  
1002f8c9  xdc_runtime_Timestamp_get32__E                                  
1002f8d9  xdc_runtime_Memory_calloc__E                                    
1002f8e5  xdc_runtime_Startup_rtsDone__E                                  
1002f8f1  xdc_runtime_Memory_HeapProxy_alloc__E                           
1002f8fb  xdc_runtime_Memory_HeapProxy_free__E                            
1002f905  xdc_runtime_Memory_HeapProxy_getStats__E                        
1002f90f  xdc_runtime_Gate_leaveSystem__E                                 
1002f915  xdc_runtime_System_Module_startup__E                            
1002f91b  xdc_runtime_Gate_enterSystem__E                                 
1002f91f  xdc_runtime_SysCallback_Module__startupDone__S                  
1002f91f  xdc_runtime_System_SupportProxy_Module__startupDone__S          
1002f923  xdc_runtime_System_Module_GateProxy_enter__E                    
1002f927  xdc_runtime_System_Module_GateProxy_leave__E                    
1002f92b  xdc_runtime_System_printf_va__F                                 
1002f92f  xdc_runtime_System_exitSpin__E                                  
1002f931  ti_sysbios_family_arm_m3_Hwi_dispatch__I                        
1002fa11  ti_sysbios_family_arm_m3_Hwi_interruptsAreDisabledButShouldNotBe
1002fa2d  ti_sysbios_family_arm_m3_TaskSupport_buildTaskStack             
1002fab9  ti_sysbios_family_arm_m3_Hwi_initStacks__E                      
1002fb11  ti_sysbios_family_arm_m3_Hwi_pendSV__I                          
1002fb35  ti_sysbios_family_arm_m3_Hwi_return                             
1002fb39  ti_sysbios_family_arm_m3_Hwi_excHandlerAsm__I                   
1002fb59  ti_sysbios_family_xxx_Hwi_switchAndRunFunc                      
1002fb77  ti_sysbios_family_arm_m3_TaskSupport_swap__E                    
1002fb77  ti_sysbios_knl_Task_SupportProxy_swap__E                        
1002fb77  ti_sysbios_knl_Task_SupportProxy_swap__E                        
1002fb83  ti_sysbios_knl_Task_swapReturn                                  
1002fb8f  ti_sysbios_family_arm_m3_TaskSupport_glue                       
1002fba0  ti_sysbios_knl_Task_Object__PARAMS__C                           
1002fbdc  ti_sysbios_knl_Mailbox_Object__PARAMS__C                        
1002fc10  ti_sysbios_family_arm_m3_Hwi_Object__PARAMS__C                  
1002fc40  ti_sysbios_hal_Hwi_Object__PARAMS__C                            
1002fc6c  ti_sysbios_knl_Swi_Object__PARAMS__C                            
1002fc94  ti_sysbios_heaps_HeapMem_Object__PARAMS__C                      
1002fcb8  ti_sysbios_knl_Clock_Object__PARAMS__C                          
1002fcdc  ti_sysbios_knl_Semaphore_Object__PARAMS__C                      
1002fd00  ti_sysbios_gates_GateHwi_Object__PARAMS__C                      
1002fd18  ti_sysbios_gates_GateMutex_Object__PARAMS__C                    
1002fd30  ti_sysbios_knl_Event_Object__PARAMS__C                          
1002fd48  ti_sysbios_knl_Queue_Object__PARAMS__C                          
1002fd80  ti_sysbios_heaps_HeapTrack_Object__PARAMS__C                    
1002fd9c  ti_sysbios_heaps_HeapTrack_Instance_State_trackQueue__O         
1002fda0  ti_sysbios_heaps_HeapTrack_Module__diagsEnabled__C              
1002fda4  ti_sysbios_heaps_HeapTrack_Module__diagsIncluded__C             
1002fda8  ti_sysbios_heaps_HeapTrack_Module__diagsMask__C                 
1002fddb  strlen                                                          
20000000  __UNUSED_SRAM_start__                                           
20000000  ti_sysbios_family_arm_m3_Hwi_ramVectors                         
20000100  xdcRomConstPtr                                                  
20000104  xdcRomExternFuncPtr                                             
20000108  xdcRomStatePtr                                                  
20000fe0  gAoaCb                                                          
20000fe8  samplesBuff                                                     
200017e8  gRtlsSyncEnabled                                                
200017ec  syncAppEvent                                                    
200017f8  appMsgQueue                                                     
200017fc  gMonitorTracking                                                
20001810  appMsg                                                          
2000181c  ubtTask                                                         
2000186c  ucaTask                                                         
200018bc  ubtTaskStack                                                    
20001bdc  ucaTaskStack                                                    
20001efc  main_func_sp                                                    
20002408  cmMaster                                                        
20002409  newSessionActive                                                
2000240a  newSessionId                                                    
2000240b  nextSessionId                                                   
2000240c  gAppCb                                                          
20002410  cmConnSortedList                                                
20002414  cmNewConnPend                                                   
20002418  cmLastConnPend                                                  
2000241c  ubCMConnInfo                                                    
200027a0  termSyncHandle                                                  
200027a4  syncRtlsEvent                                                   
200027a8  rtlsCtrlMsgQueue                                                
200027ac  rtlsCtrlMsg                                                     
200027b8  gRtlsData                                                       
200027d4  rtlsTask                                                        
20002824  rtlsTaskStack                                                   
20002b14  ti_sysbios_family_arm_m3_Hwi_Module_State_0_excContext__A       
20002b18  urfiGenericRxHandle                                             
20002b1c  urfiHandle                                                      
20002b20  pGenericRxOutput                                                
20002b2c  urfiGenericRxParams                                             
20002b40  urfiGenericRxCmd                                                
20002b78  urSetup                                                         
20002ca0  PowerCC26X2_module                                              
20002e10  ulState                                                         
20002e1c  ull_monitorDataQueue                                            
20002e2c  monitorPkt                                                      
20002f34  ROM_stateStruct                                                 
20002f34  ti_sysbios_knl_Clock_Module__state__V                           
20002f60  ti_sysbios_family_arm_cc26xx_TimestampProvider_Module__state__V 
20002f64  xdc_runtime_Startup_Module__state__V                            
20002f6c  xdc_runtime_Registry_Module__state__V                           
20002f74  ti_sysbios_BIOS_Module__state__V                                
20002f98  ti_sysbios_knl_Swi_Module__state__V                             
20002fb4  ti_sysbios_knl_Task_Module__state__V                            
20002ff8  xdc_runtime_Memory_Module__state__V                             
20002ffc  xdc_runtime_System_Module__state__V                             
20003004  ti_sysbios_family_arm_m3_Hwi_Module__state__V                   
20003038  ti_sysbios_family_arm_cc26xx_Timer_Module__state__V             
20003182  gAction                                                         
20003183  NVOCMP_size                                                     
200031b0  NVOCMP_nvHandle                                                 
200031ec  npiTaskHandle                                                   
200031f0  npiTaskStack                                                    
20003214  HostToSSTable                                                   
20003234  ti_sysbios_knl_Task_Object__table__V                            
20003280  ti_sysbios_family_arm_cc26xx_Timer_Object__table__V             
200032c8  gRtlsCtrlProcessMsgCb                                           
200032cc  npiPortParams                                                   
20003300  ti_sysbios_gates_GateMutex_Object__table__V                     
20003338  BOOSTXL_AoA_Config_ArrayA1                                      
20003344  channelOffset_A1                                                
2000336c  BOOSTXL_AoA_Config_ArrayA2                                      
20003378  channelOffset_A2                                                
200033a0  rfTimeCrit                                                      
200033a4  ubleAntSwitchSel                                                
200033b0  ubleBDAddr                                                      
200033b6  ubRSAddr                                                        
200033bc  ubleParams                                                      
200033d0  pair_A1                                                         
20003400  pair_A2                                                         
20003430  ti_sysbios_knl_Swi_Module_State_0_readyQ__A                     
20003460  ti_sysbios_knl_Swi_Object__table__V                             
20003490  ti_sysbios_knl_Task_Module_State_0_readyQ__A                    
200034c0  gSampleState                                                    
200034c4  aoaPinHandle                                                    
200034c8  gSamplesBuff                                                    
200034cc  enableRamCmd                                                    
200034d0  runEnableRamCmd                                                 
200034e8  _hposcCoeffs                                                    
2000350c  ti_sysbios_knl_Clock_Object__table__V                           
2000352c  xdc_runtime_Error_IgnoreBlock                                   
2000354c  npiBufSize                                                      
20003554  npiRxBuf                                                        
20003558  npiTxBuf                                                        
20003560  taskCBs                                                         
20003568  pOverridesCommon                                                
20003584  ti_sysbios_family_arm_m3_Hwi_Object__table__V                   
2000359c  ti_sysbios_heaps_HeapMem_Object__table__V                       
200035b4  antSwitching                                                    
200035d8  _lock                                                           
200035dc  _unlock                                                         
200035e0  assertSubcause                                                  
200035e1  legacyMode                                                      
200035e4  halAssertCback                                                  
200035e8  RFCC26XX_schedulerPolicy                                        
200035f0  pinUpperBound                                                   
200035f4  pinLowerBound                                                   
200035f8  ti_sysbios_family_arm_m3_Hwi_Module__root__V                    
20003600  ti_sysbios_gates_GateHwi_Module__root__V                        
20003608  ti_sysbios_gates_GateMutexPri_Module__root__V                   
20003610  ti_sysbios_gates_GateMutex_Module__root__V                      
20003618  ti_sysbios_hal_Hwi_Module__root__V                              
20003620  ti_sysbios_heaps_HeapMem_Module__root__V                        
20003628  ti_sysbios_knl_Clock_Module__root__V                            
20003630  ti_sysbios_knl_Event_Module__root__V                            
20003638  ti_sysbios_knl_Mailbox_Module__root__V                          
20003640  ti_sysbios_knl_Queue_Module__root__V                            
20003648  ti_sysbios_knl_Semaphore_Module__root__V                        
20003650  ti_sysbios_knl_Swi_Module__root__V                              
20003658  ti_sysbios_knl_Task_Module__root__V                             
20003660  xdc_runtime_System_Module_State_0_atexitHandlers__A             
20003668  ti_sysbios_family_arm_m3_Hwi_Module_State_0_excStack__A         
2000366c  ti_sysbios_knl_Task_Module_State_0_idleTask__A                  
20003670  txcomplete                                                      
20003671  rxcomplete                                                      
20003672  ti_sysbios_family_arm_m3_Hwi_Module_State_0_excActive__A        
20003678  ull_monitorDataEntry                                            
20003cf0  ti_sysbios_knl_Task_Instance_State_0_stack__A                   
20003ef0  uartCC26XXObjects                                               
200040ac  ti_sysbios_family_arm_m3_Hwi_dispatchTable                      
20004184  pinHandleTable                                                  
2000428c  nvFptrs                                                         
20004348  PowerCC26XX_swiKey                                              
2000434c  PowerCC26XX_taskKey                                             
20004350  nvsCC26XXObjects                                                
20004355  driverlib_release_0_60278                                       
20004356  heapStart                                                       
20013c00  __stack                                                         
20013c00  heapEnd                                                         
20014000  __STACK_END                                                     
20014000  __STACK_TOP                                                     
20014000  __UNUSED_SRAM_end__                                             
e000e000  ti_sysbios_family_arm_m3_Hwi_nvic                               
ffffffff  __TI_pprof_out_hndl                                             
ffffffff  __TI_prof_data_size                                             
ffffffff  __TI_prof_data_start                                            
ffffffff  __binit__                                                       
ffffffff  __c_args__                                                      
ffffffff  binit                                                           
UNDEFED   ITM_flush                                                       
UNDEFED   ITM_restore                                                     
UNDEFED   SHT$$INIT_ARRAY$$Base                                           
UNDEFED   SHT$$INIT_ARRAY$$Limit                                          

[1060 symbols]
