******************************************************************************
                  TI ARM Linker PC v20.2.4                     
******************************************************************************
>> Linked Tue Sep 28 14:36:13 2021

OUTPUT FILE NAME:   <v5_rtls_coordinator_CC26X2R1_LAUNCHXL_tirtos_ccs.out>
ENTRY POINT SYMBOL: "ResetISR"  address: 000190b5


MEMORY CONFIGURATION

         name            origin    length      used     unused   attr    fill
----------------------  --------  ---------  --------  --------  ----  --------
  FLASH                 00000000   00056000  000269db  0002f625  R  X
  FLASH_LAST_PAGE       00056000   00002000  00000058  00001fa8  R  X
  RTOS_SRAM             20000000   0000012c  000000e4  00000048  RW X
  SRAM                  20000fdf   00013021  000030b7  0000ff6a  RW X


SEGMENT ALLOCATION MAP

run origin  load origin   length   init length attrs members
----------  ----------- ---------- ----------- ----- -------
00000000    00000000    000229e0   000229e0    r-x
  00000000    00000000    0000003c   0000003c    r-- .resetVecs
  0000003c    0000003c    0001f13c   0001f13c    r-x .text
  0001f178    0001f178    000032cb   000032cb    r-- .const
  00022444    00022444    00000128   00000128    r-- .rodata
  00022570    00022570    00000470   00000470    r-- .cinit
00048000    00048000    00004000   00000000    rw-
  00048000    00048000    00004000   00000000    rw- .TI.bound:flashBuf0
00057fa8    00057fa8    00000058   00000058    r--
  00057fa8    00057fa8    00000058   00000058    r-- .ccfg
20000100    20000100    0000000c   00000000    rw-
  20000100    20000100    00000004   00000000    rw- .data:xdcRomConstPtr
  20000104    20000104    00000004   00000000    rw- .data:xdcRomExternFuncPtr
  20000108    20000108    00000004   00000000    rw- .data:xdcRomStatePtr
20000fe0    20000fe0    00002cb7   00000000    rw-
  20000fe0    20000fe0    00001581   00000000    rw- .data
  20002568    20002568    0000172f   00000000    rw- .bss
20013c00    20013c00    00000400   00000000    rw-
  20013c00    20013c00    00000400   00000000    rw- .stack


SECTION ALLOCATION MAP

 output                                  attributes/
section   page    origin      length       input sections
--------  ----  ----------  ----------   ----------------
.cinit     0    00022570    00000470     
                  00022570    00000417     (.cinit..data.load) [load image, compression = lzss]
                  00022987    00000001     --HOLE-- [fill = 0]
                  00022988    0000000c     (__TI_handler_table)
                  00022994    00000004     --HOLE-- [fill = 0]
                  00022998    00000008     (.cinit..bss.load) [load image, compression = zero_init]
                  000229a0    00000008     (.cinit..data:xdcRomConstPtr.load) [load image, compression = lzss]
                  000229a8    00000008     (.cinit..data:xdcRomExternFuncPtr.load) [load image, compression = lzss]
                  000229b0    00000008     (.cinit..data:xdcRomStatePtr.load) [load image, compression = lzss]
                  000229b8    00000028     (__TI_cinit_table)

.init_array 
*          0    00000000    00000000     UNINITIALIZED

.ccfg      0    00057fa8    00000058     
                  00057fa8    00000058     ti_devices_config.obj (.ccfg:retain)

.data:xdcRomConstPtr 
*          0    20000100    00000004     UNINITIALIZED
                  20000100    00000004     rtls_coordinator_app_pem4f.oem4f (.data:xdcRomConstPtr)

.data:xdcRomExternFuncPtr 
*          0    20000104    00000004     UNINITIALIZED
                  20000104    00000004     rtls_coordinator_app_pem4f.oem4f (.data:xdcRomExternFuncPtr)

.data:xdcRomStatePtr 
*          0    20000108    00000004     UNINITIALIZED
                  20000108    00000004     rtls_coordinator_app_pem4f.oem4f (.data:xdcRomStatePtr)

.data      0    20000fe0    00001581     UNINITIALIZED
                  20000fe0    00000508     rf_multiMode_cc26x2.aem4f : RFCC26X2_multiMode.c.cc26x2.ccs.o (.data:$O1$$)
                  200014e8    00000374     rtls_ctrl.obj (.data:$O10$$)
                  2000185c    00000170     drivers_cc26x2.a : PowerCC26X2.oem4f (.data:PowerCC26X2_module)
                  200019cc    0000010c     rtls_coordinator_app_pem4f.oem4f (.data:ROM_stateStruct)
                  20001ad8    00000104     rtls_coordinator.obj (.data:$O1$$)
                  20001bdc    000000f8     StackWrapper.a : gapbondmgr.o (.data)
                  20001cd4    000000a8     icall.obj (.data:$O13$$)
                  20001d7c    0000008c     npi_tl_uart.obj (.data:$O7$$)
                  20001e08    00000070     ti_radio_config.obj (.data:pOverrides_bleCommon)
                  20001e78    0000006c     npi_task.obj (.data:$O9$$)
                  20001ee4    00000064     OneLib.a : ll_config.o (.data)
                  20001f48    00000060     nvocmp.obj (.data:$O6$$)
                  20001fa8    00000050     ti_radio_config.obj (.data:txPowerTable_2400_pa5)
                  20001ff8    0000004c     rtls_coordinator_app_pem4f.oem4f (.data:ti_sysbios_knl_Task_Object__table__V)
                  20002044    00000004     OneLib.a : ll_master_end_causes.o (.data)
                  20002048    00000048     rtls_coordinator_app_pem4f.oem4f (.data:ti_sysbios_family_arm_cc26xx_Timer_Object__table__V)
                  20002090    00000040     OneLib.a : sm_pairing.o (.data)
                  200020d0    00000040     ble_user_config.obj (.data:eccParams_NISTP256)
                  20002110    0000003c     icall_user_config.obj (.data:nvintfFncStruct)
                  2000214c    00000038     rtls_host_npi.obj (.data:$O11$$)
                  20002184    00000038     rtls_coordinator_app_pem4f.oem4f (.data:ti_sysbios_gates_GateMutex_Object__table__V)
                  200021bc    00000034     ant_array1_config_boostxl_rev1v1.obj (.data:$O4$$)
                  200021f0    00000034     ant_array2_config_boostxl_rev1v1.obj (.data:$O5$$)
                  20002224    00000030     ant_array1_config_boostxl_rev1v1.obj (.data:pair_A1)
                  20002254    00000030     ant_array2_config_boostxl_rev1v1.obj (.data:pair_A2)
                  20002284    00000030     rtls_coordinator_app_pem4f.oem4f (.data:ti_sysbios_knl_Swi_Module_State_0_readyQ__A)
                  200022b4    00000030     rtls_coordinator_app_pem4f.oem4f (.data:ti_sysbios_knl_Swi_Object__table__V)
                  200022e4    00000030     rtls_coordinator_app_pem4f.oem4f (.data:ti_sysbios_knl_Task_Module_State_0_readyQ__A)
                  20002314    00000024     driverlib.lib : osc.obj (.data:$O17$$)
                  20002338    00000020     drivers_cc26x2.a : TRNGCC26XX.oem4f (.data:entropyPoolBuffer)
                  20002358    00000020     rtls_coordinator_app_pem4f.oem4f (.data:ti_sysbios_knl_Clock_Object__table__V)
                  20002378    00000020     rtls_coordinator_app_pem4f.oem4f (.data:xdc_runtime_Error_IgnoreBlock)
                  20002398    0000001c     npi_tl.obj (.data:$O8$$)
                  200023b4    00000018     rtls_coordinator_app_pem4f.oem4f (.data:ti_sysbios_family_arm_m3_Hwi_Object__table__V)
                  200023cc    00000014     main.obj (.data:$O12$$)
                  200023e0    00000014     StackWrapper.a : osal.o (.data)
                  200023f4    00000010     OneLib.a : ll.o (.data)
                  20002404    00000010              : ll_data.o (.data)
                  20002414    00000010     icall_user_config.obj (.data:bleAppServiceInfoTable)
                  20002424    00000010     icall_api_lite.obj (.data)
                  20002434    00000010     ti_radio_config.obj (.data:pOverrides_ble2Mbps)
                  20002444    00000010     ti_radio_config.obj (.data:pOverrides_bleCoded)
                  20002454    0000000c     ble_user_config.obj (.data:appCTEAntProp)
                  20002460    0000000c     ti_radio_config.obj (.data:pOverrides_ble1Mbps)
                  2000246c    0000000c     rtls_coordinator_app_pem4f.oem4f (.data:ti_sysbios_heaps_HeapCallback_Object__table__V)
                  20002478    00000008     icall_cc2650.obj (.data:$O15$$)
                  20002480    00000008     ble_user_config.obj (.data:$O16$$)
                  20002488    00000008     rtsv7M4_T_le_v4SPD16_eabi.lib : _lock.c.obj (.data:$O20$$)
                  20002490    00000008     rf_multiMode_cc26x2.aem4f : RFCC26X2_multiMode.c.cc26x2.ccs.o (.data:RFCC26XX_schedulerPolicy)
                  20002498    00000008     drivers_cc26x2.a : PINCC26XX.oem4f (.data)
                  200024a0    00000008     rtls_ctrl_aoa.obj (.data:gAoaCb)
                  200024a8    00000008     drivers_cc26x2.a : TRNGCC26XX.oem4f (.data:jobList)
                  200024b0    00000008     rtls_coordinator_app_pem4f.oem4f (.data:ti_sysbios_family_arm_m3_Hwi_Module__root__V)
                  200024b8    00000008     rtls_coordinator_app_pem4f.oem4f (.data:ti_sysbios_gates_GateHwi_Module__root__V)
                  200024c0    00000008     rtls_coordinator_app_pem4f.oem4f (.data:ti_sysbios_gates_GateMutexPri_Module__root__V)
                  200024c8    00000008     rtls_coordinator_app_pem4f.oem4f (.data:ti_sysbios_gates_GateMutex_Module__root__V)
                  200024d0    00000008     rtls_coordinator_app_pem4f.oem4f (.data:ti_sysbios_hal_Hwi_Module__root__V)
                  200024d8    00000008     rtls_coordinator_app_pem4f.oem4f (.data:ti_sysbios_heaps_HeapCallback_Module__root__V)
                  200024e0    00000008     rtls_coordinator_app_pem4f.oem4f (.data:ti_sysbios_heaps_HeapMem_Module__root__V)
                  200024e8    00000008     rtls_coordinator_app_pem4f.oem4f (.data:ti_sysbios_knl_Clock_Module__root__V)
                  200024f0    00000008     rtls_coordinator_app_pem4f.oem4f (.data:ti_sysbios_knl_Event_Module__root__V)
                  200024f8    00000008     rtls_coordinator_app_pem4f.oem4f (.data:ti_sysbios_knl_Mailbox_Module__root__V)
                  20002500    00000008     rtls_coordinator_app_pem4f.oem4f (.data:ti_sysbios_knl_Queue_Module__root__V)
                  20002508    00000008     rtls_coordinator_app_pem4f.oem4f (.data:ti_sysbios_knl_Semaphore_Module__root__V)
                  20002510    00000008     rtls_coordinator_app_pem4f.oem4f (.data:ti_sysbios_knl_Swi_Module__root__V)
                  20002518    00000008     rtls_coordinator_app_pem4f.oem4f (.data:ti_sysbios_knl_Task_Module__root__V)
                  20002520    00000004     OneLib.a : ll_slave_end_causes.o (.data)
                  20002524    00000004     StackWrapper.a : hal_assert.o (.data)
                  20002528    00000004     ble_user_config_stack.obj (.data)
                  2000252c    00000004     rtsv7M4_T_le_v4SPD16_eabi.lib : stkdepth_vars.c.obj (.data)
                  20002530    00000004     rtls_coordinator_app_pem4f.oem4f (.data:ti_sysbios_family_arm_m3_Hwi_Module_State_0_excContext__A)
                  20002534    00000004     rtls_coordinator_app_pem4f.oem4f (.data:ti_sysbios_family_arm_m3_Hwi_Module_State_0_excStack__A)
                  20002538    00000004     rtls_coordinator_app_pem4f.oem4f (.data:ti_sysbios_knl_Task_Module_State_0_idleTask__A)
                  2000253c    00000002     OneLib.a : gap_scanner.o (.data)
                  2000253e    00000002              : ll.o (.data)
                  20002540    00000002              : ll_config.o (.data)
                  20002542    00000002     StackWrapper.a : osal_cbtimer.o (.data)
                  20002544    00000002     drivers_cc26x2.a : CryptoResourceCC26XX.oem4f (.data)
                  20002546    00000002                      : PKAResourceCC26XX.oem4f (.data)
                  20002548    00000002                      : TRNGCC26XX.oem4f (.data)
                  2000254a    00000002     npi_task.obj (.data)
                  2000254c    00000002     rtls_coordinator_app_pem4f.oem4f (.data:ti_sysbios_family_arm_m3_Hwi_Module_State_0_excActive__A)
                  2000254e    00000001     OneLib.a : gattservapp.o (.data)
                  2000254f    00000001              : ll.o (.data)
                  20002550    00000001              : ll_ae.o (.data)
                  20002551    00000001              : ll_data.o (.data)
                  20002552    00000001              : ll_scheduler.o (.data)
                  20002553    00000001              : sm_task.o (.data)
                  20002554    00000001     StackWrapper.a : gap.o (.data)
                  20002555    00000001                    : gap.o (.data)
                  20002556    00000001                    : hal_assert.o (.data)
                  20002557    00000001     drivers_cc26x2.a : AESCCMCC26XX.oem4f (.data)
                  20002558    00000001                      : AESCTRCC26XX.oem4f (.data)
                  20002559    00000001                      : AESCTRDRBGXX.oem4f (.data)
                  2000255a    00000001                      : AESECBCC26XX.oem4f (.data)
                  2000255b    00000001                      : ECDHCC26X2.oem4f (.data)
                  2000255c    00000001                      : NVS.oem4f (.data)
                  2000255d    00000001                      : UART.oem4f (.data)
                  2000255e    00000001     npi_tl.obj (.data)
                  2000255f    00000001     rf_multiMode_cc26x2.aem4f : rf_patch_cpe_multi_protocol_rtls.c.cc26x2.ccs.o (.data)
                  20002560    00000001     rtls_ctrl.obj (.data)

.bss       0    20002568    0000172f     UNINITIALIZED
                  20002568    00000494     OneLib.a : ll_ae.o (.bss)
                  200029fc    00000004              : gattservapp.o (.bss)
                  20002a00    00000400     (.common:rcTaskStack)
                  20002e00    00000300     rtls_coordinator_app_pem4f.oem4f (.bss:taskStackSection)
                  20003100    000001bc     (.common:uartCC26XXObjects)
                  200032bc    00000108     (.common:trngCC26XXObjects)
                  200033c4    000000d8     (.common:ti_sysbios_family_arm_m3_Hwi_dispatchTable)
                  2000349c    000000b0     (.common:aesctrdrbgXXObjects)
                  2000354c    000000a0     OneLib.a : ll_ae.o (.bss)
                  200035ec    00000080     ti_drivers_config.obj (.bss:displayUARTBuffer)
                  2000366c    0000007c     (.common:pinHandleTable)
                  200036e8    00000078     StackWrapper.a : osal_cbtimer.o (.bss)
                  20003760    00000050     drivers_cc26x2.a : PINCC26XX.oem4f (.bss:pinSemaphore)
                  200037b0    00000050     (.common:CryptoResourceCC26XX_accessSemaphore)
                  20003800    00000050     (.common:CryptoResourceCC26XX_operationSemaphore)
                  20003850    00000050     (.common:PKAResourceCC26XX_accessSemaphore)
                  200038a0    00000050     (.common:PKAResourceCC26XX_operationSemaphore)
                  200038f0    0000003c     StackWrapper.a : osal_snv_wrapper.o (.bss)
                  2000392c    0000003c     drivers_cc26x2.a : PINCC26XX.oem4f (.bss:pinSwi)
                  20003968    00000030     (.common:aesctrCC26XXObjects)
                  20003998    00000030     (.common:aesecbCC26XXObjects)
                  200039c8    00000024     OneLib.a : ll.o (.bss)
                  200039ec    00000020              : gattservapp.o (.bss)
                  20003a0c    00000020     StackWrapper.a : gapbondmgr.o (.bss)
                  20003a2c    00000020                    : gapbondmgr.o (.bss)
                  20003a4c    00000020     drivers_cc26x2.a : PINCC26XX.oem4f (.bss:pinGpioConfigTable)
                  20003a6c    00000020     ti_drivers_config.obj (.bss:uartCC26XXRingBuffer0)
                  20003a8c    00000020     (.common:ecdhCC26X2Objects)
                  20003aac    0000001c     drivers_cc26x2.a : TRNGCC26XX.oem4f (.bss:TRNGCC26XX_hwi)
                  20003ac8    0000001c                      : TRNGCC26XX.oem4f (.bss:entropyPool)
                  20003ae4    0000001c                      : PINCC26XX.oem4f (.bss:pinHwi)
                  20003b00    0000001c     (.common:CryptoResourceCC26XX_hwi)
                  20003b1c    0000001c     (.common:PKAResourceCC26XX_hwi)
                  20003b38    00000018     OneLib.a : ll_common.o (.bss)
                  20003b50    00000018     (.common:aesccmCC26XXObjects)
                  20003b68    00000014     rf_multiMode_cc26x2.aem4f : RFCC26X2_multiMode.c.cc26x2.ccs.o (.bss:RF_ratSyncCmd)
                  20003b7c    00000014     drivers_cc26x2.a : Random.oem4f (.bss:state)
                  20003b90    0000000c     OneLib.a : ll.o (.bss)
                  20003b9c    0000000c              : ll.o (.bss)
                  20003ba8    0000000c              : ll_scheduler.o (.bss)
                  20003bb4    0000000c     drivers_cc26x2.a : NVSCC26XX.oem4f (.bss)
                  20003bc0    0000000c     (.common:displayUartObject)
                  20003bcc    00000008     OneLib.a : ll.o (.bss)
                  20003bd4    00000008              : ll_ae.o (.bss)
                  20003bdc    00000008     StackWrapper.a : rtls_srv.o (.bss)
                  20003be4    00000008                    : rtls_srv.o (.bss)
                  20003bec    00000004     OneLib.a : linkdb.o (.bss)
                  20003bf0    00000004              : ll.o (.bss)
                  20003bf4    00000004              : ll.o (.bss)
                  20003bf8    00000004              : ll.o (.bss)
                  20003bfc    00000004              : ll.o (.bss)
                  20003c00    00000004              : ll.o (.bss)
                  20003c04    00000004              : ll_ae.o (.bss)
                  20003c08    00000004              : ll_common.o (.bss)
                  20003c0c    00000004              : ll_enc.o (.bss)
                  20003c10    00000004              : ll_privacy.o (.bss)
                  20003c14    00000004     StackWrapper.a : gapbondmgr.o (.bss)
                  20003c18    00000004                    : gapbondmgr.o (.bss)
                  20003c1c    00000004                    : osal.o (.bss)
                  20003c20    00000004                    : osal.o (.bss)
                  20003c24    00000004                    : osal.o (.bss)
                  20003c28    00000004                    : osal.o (.bss)
                  20003c2c    00000004                    : osal.o (.bss)
                  20003c30    00000004                    : osal.o (.bss)
                  20003c34    00000004                    : osal_bufmgr.o (.bss)
                  20003c38    00000004                    : osal_clock.o (.bss)
                  20003c3c    00000004                    : osal_clock.o (.bss)
                  20003c40    00000004                    : osal_timers.o (.bss)
                  20003c44    00000004                    : osal_timers.o (.bss)
                  20003c48    00000004                    : osal_timers.o (.bss)
                  20003c4c    00000004                    : rtls_srv.o (.bss)
                  20003c50    00000004                    : rtls_srv.o (.bss)
                  20003c54    00000004                    : rtls_srv.o (.bss)
                  20003c58    00000004     drivers_cc26x2.a : ECDHCC26X2.oem4f (.bss)
                  20003c5c    00000004                      : PINCC26XX.oem4f (.bss)
                  20003c60    00000004     (.common:PowerCC26XX_swiKey)
                  20003c64    00000004     (.common:PowerCC26XX_taskKey)
                  20003c68    00000004     (.common:nvsCC26XXObjects)
                  20003c6c    00000004     (.common:tasksEvents)
                  20003c70    00000002     OneLib.a : ll.o (.bss)
                  20003c72    00000002              : ll_ae.o (.bss)
                  20003c74    00000002              : ll_slave_end_causes.o (.bss)
                  20003c76    00000002     StackWrapper.a : osal_pwrmgr.o (.bss)
                  20003c78    00000001     OneLib.a : gattservapp.o (.bss)
                  20003c79    00000001              : hci_tl.o (.bss)
                  20003c7a    00000001              : hci_tl.o (.bss)
                  20003c7b    00000001              : hci_tl.o (.bss)
                  20003c7c    00000001              : hci_tl.o (.bss)
                  20003c7d    00000001              : hci_tl.o (.bss)
                  20003c7e    00000001              : hci_tl.o (.bss)
                  20003c7f    00000001              : ll.o (.bss)
                  20003c80    00000001              : ll.o (.bss)
                  20003c81    00000001              : ll.o (.bss)
                  20003c82    00000001              : ll.o (.bss)
                  20003c83    00000001              : ll.o (.bss)
                  20003c84    00000001              : ll.o (.bss)
                  20003c85    00000001              : ll.o (.bss)
                  20003c86    00000001              : ll_ae.o (.bss)
                  20003c87    00000001              : ll_ae.o (.bss)
                  20003c88    00000001              : ll_ae.o (.bss)
                  20003c89    00000001              : ll_config.o (.bss)
                  20003c8a    00000001              : ll_config.o (.bss)
                  20003c8b    00000001              : ll_enc.o (.bss)
                  20003c8c    00000001              : ll_isr.o (.bss)
                  20003c8d    00000001              : sm_task.o (.bss)
                  20003c8e    00000001     StackWrapper.a : ble_dispatch_lite.o (.bss)
                  20003c8f    00000001                    : gapbondmgr.o (.bss)
                  20003c90    00000001                    : gapbondmgr.o (.bss)
                  20003c91    00000001                    : hal_assert.o (.bss)
                  20003c92    00000001                    : osal.o (.bss)
                  20003c93    00000001                    : osal_pwrmgr.o (.bss)
                  20003c94    00000001                    : rtls_srv.o (.bss)
                  20003c95    00000001     rf_multiMode_cc26x2.aem4f : RFCC26X2_multiMode.c.cc26x2.ccs.o (.bss)
                  20003c96    00000001     (.common:driverlib_release_0_60278)

.vtable    0    20003c97    00000000     UNINITIALIZED

.vtable_ram 
*          0    20003c97    00000000     UNINITIALIZED

vtable_ram 
*          0    20003c97    00000000     UNINITIALIZED

.sysmem    0    20003c97    00000000     UNINITIALIZED

.nonretenvar 
*          0    20003c97    00000000     UNINITIALIZED

.stack     0    20013c00    00000400     UNINITIALIZED
                  20013c00    00000400     --HOLE--

.bootVecs 
*          0    00000000    00000008     DSECT
                  00000000    00000008     boot.aem4f : boot.oem4f (.bootVecs)

.resetVecs 
*          0    00000000    0000003c     
                  00000000    0000003c     rtls_coordinator_app_pem4f.oem4f (.resetVecs)

.vecs      0    20000000    000000d8     NOLOAD SECTION
                  20000000    000000d8     rtls_coordinator_app_pem4f.oem4f (.vecs)

xdc.meta   0    00000000    0000012e     COPY SECTION
                  00000000    0000012e     rtls_coordinator_app_pem4f.oem4f (xdc.meta)

xdc.noload 
*          0    00000000    00000000     COPY SECTION

.TI.bound:flashBuf0 
*          0    00048000    00004000     UNINITIALIZED
                  00048000    00004000     ti_drivers_config.obj (.TI.bound:flashBuf0)

.text      0    0000003c    0001f13c     
                  0000003c    00000cac     rtls_coordinator.obj (.text:RTLSCoordinator_taskFxn$2)
                  00000ce8    00000b58     StackWrapper.a : gapbondmgr.o (.text)
                  00001840    0000075c     OneLib.a : ll_scheduler.o (.text)
                  00001f9c    000006f8              : ll_adv_end_causes.o (.text)
                  00002694    00000650     StackWrapper.a : gapbondmgr.o (.text)
                  00002ce4    00000554     OneLib.a : ll_ae.o (.text)
                  00003238    000004f0              : ll_ae.o (.text)
                  00003728    000004b0     rf_multiMode_cc26x2.aem4f : RFCC26X2_multiMode.c.cc26x2.ccs.o (.text:RF_fsmActiveState)
                  00003bd8    00000488     OneLib.a : ll_slave_end_causes.o (.text)
                  00004060    00000470              : ll_isr.o (.text)
                  000044d0    00000450              : ll.o (.text)
                  00004920    0000042e     rtls_ctrl.obj (.text:RTLSCtrl_processHostMessage)
                  00004d4e    00000002     ti_drivers_config.obj (.text:Board_initHook)
                  00004d50    000003c4     OneLib.a : ble.o (.text)
                  00005114    000003c4              : ll_slave_end_causes.o (.text)
                  000054d8    000003bc              : ll_ae.o (.text)
                  00005894    000003a4              : ll_isr.o (.text)
                  00005c38    000003a4              : ll_scheduler.o (.text)
                  00005fdc    00000394              : ll_common.o (.text)
                  00006370    00000330              : ll_ae.o (.text)
                  000066a0    00000320              : ble.o (.text)
                  000069c0    00000320              : ll.o (.text)
                  00006ce0    000002dc              : ll_master_end_causes.o (.text)
                  00006fbc    000002c8              : ll_isr.o (.text)
                  00007284    000002c4              : ll_ae.o (.text)
                  00007548    000002c0              : ll_isr.o (.text)
                  00007808    000002bc              : ll_ae.o (.text)
                  00007ac4    000002b0     StackWrapper.a : gapbondmgr.o (.text)
                  00007d74    000002a8     OneLib.a : hci_event.o (.text)
                  0000801c    00000298     rf_multiMode_cc26x2.aem4f : RFCC26X2_multiMode.c.cc26x2.ccs.o (.text:RF_open)
                  000082b4    00000284     OneLib.a : hci_event.o (.text)
                  00008538    00000274              : ll_ae.o (.text)
                  000087ac    0000025c     nvocmp.obj (.text:NVOCMP_addItem$8)
                  00008a08    0000025c     StackWrapper.a : gapbondmgr.o (.text)
                  00008c64    0000024c     OneLib.a : ll_ae.o (.text)
                  00008eb0    00000248              : ll_data.o (.text)
                  000090f8    00000248              : ll_isr.o (.text)
                  00009340    00000244              : ll_ae.o (.text)
                  00009584    00000238     rtls_ctrl.obj (.text:RTLSCtrl_taskFxn)
                  000097bc    00000230     drivers_cc26x2.a : ECDHCC26X2.oem4f (.text:ECDHCC26X2_runFSM)
                  000099ec    00000224     OneLib.a : ll_common.o (.text)
                  00009c10    00000218     nvocmp.obj (.text:NVOCMP_initNv$8)
                  00009e28    00000210     rf_multiMode_cc26x2.aem4f : RFCC26X2_multiMode.c.cc26x2.ccs.o (.text:RF_scheduleCmd)
                  0000a038    0000020c     OneLib.a : ll_ae.o (.text)
                  0000a244    00000204              : gattservapp.o (.text)
                  0000a448    00000204              : hci_event.o (.text)
                  0000a64c    00000204              : ll_master_end_causes.o (.text)
                  0000a850    000001f4     drivers_cc26x2.a : PINCC26XX.oem4f (.text:PIN_init)
                  0000aa44    000001e8     osal_icall_ble.obj (.text:stack_main)
                  0000ac2c    000001e6     OneLib.a : hci_event.o (.text)
                  0000ae12    00000002     ble_user_config.obj (.text:DefaultAssertCback)
                  0000ae14    000001e0     StackWrapper.a : osal.o (.text)
                  0000aff4    000001dc     rf_multiMode_cc26x2.aem4f : RFCC26X2_multiMode.c.cc26x2.ccs.o (.text:RF_dispatchNextCmd)
                  0000b1d0    000001d8     OneLib.a : ll.o (.text)
                  0000b3a8    000001d8              : ll_isr.o (.text)
                  0000b580    000001d0     main.obj (.text:main)
                  0000b750    000001bc     OneLib.a : ll_ae.o (.text)
                  0000b90c    000001a8     npi_task.obj (.text:NPITask_Fxn)
                  0000bab4    000001a8     OneLib.a : ll_scheduler.o (.text)
                  0000bc5c    00000198     drivers_cc26x2.a : PowerCC26X2.oem4f (.text:Power_sleep)
                  0000bdf4    00000196     OneLib.a : ll_common.o (.text)
                  0000bf8a    00000002     display.a : DisplayUart.oem4f (.text:DisplayUartAnsi_init)
                  0000bf8c    00000190     drivers_cc26x2.a : PowerCC26X2_calibrateRCOSC.oem4f (.text:calibrateRcoscHf1)
                  0000c11c    00000190     icall.obj (.text:icall_directAPI)
                  0000c2ac    0000018c     drivers_cc26x2.a : PowerCC26X2_calibrateRCOSC.oem4f (.text:runCalibrateFsm)
                  0000c438    00000188     nvocmp.obj (.text:NVOCMP_compact$8)
                  0000c5c0    0000017c     OneLib.a : hci_event.o (.text)
                  0000c73c    0000017c              : ll_isr.o (.text)
                  0000c8b8    0000017c              : sm_intpairing.o (.text)
                  0000ca34    00000174     npi_task.obj (.text:NPITask_open)
                  0000cba8    00000174     OneLib.a : gattservapp.o (.text)
                  0000cd1c    00000174     drivers_cc26x2.a : PowerCC26X2.oem4f (.text:Power_init)
                  0000ce90    0000016c     OneLib.a : ll.o (.text)
                  0000cffc    00000168              : ll_common.o (.text)
                  0000d164    00000164     main.obj (.text:AssertHandler)
                  0000d2c8    00000164     OneLib.a : ll_ae.o (.text)
                  0000d42c    00000164     drivers_cc26x2.a : UARTCC26XX.oem4f (.text:UARTCC26XX_open)
                  0000d590    00000162     StackWrapper.a : osal.o (.text)
                  0000d6f2    00000002     rom_init.obj (.text:MAP_llClearPeriodicAdvSets)
                  0000d6f4    00000160     StackWrapper.a : rtls_srv.o (.text)
                  0000d854    00000158     driverlib.lib : sys_ctrl.obj (.text:NOROM_SysCtrlStandby)
                  0000d9ac    00000158     OneLib.a : ll_common.o (.text)
                  0000db04    00000154     rf_multiMode_cc26x2.aem4f : RFCC26X2_multiMode.c.cc26x2.ccs.o (.text:RF_radioOpDoneCb)
                  0000dc58    00000154     drivers_cc26x2.a : UARTCC26XX.oem4f (.text:UARTCC26XX_hwiIntFxn)
                  0000ddac    00000150     OneLib.a : gap_task.o (.text)
                  0000defc    0000014c              : ll.o (.text)
                  0000e048    0000014c              : ll_isr.o (.text)
                  0000e194    00000148              : hci_event.o (.text)
                  0000e2dc    00000148     rf_multiMode_cc26x2.aem4f : RFCC26X2_multiMode.c.cc26x2.ccs.o (.text:RF_fsmSetupState)
                  0000e424    00000144     OneLib.a : ll_isr.o (.text)
                  0000e568    00000144     StackWrapper.a : gap.o (.text)
                  0000e6ac    00000140     OneLib.a : gattservapp.o (.text)
                  0000e7ec    0000013c     drivers_cc26x2.a : AESCCMCC26XX.oem4f (.text:AESCCM_startOperation)
                  0000e928    0000013a                      : UARTCC26XX.oem4f (.text:UARTCC26XX_read)
                  0000ea62    00000002     rom_init.obj (.text:MAP_llDmmDynamicFree)
                  0000ea64    00000138     drivers_cc26x2.a : ECDHCC26X2.oem4f (.text:ECDH_computeSharedSecret)
                  0000eb9c    00000138                      : NVSCC26XX.oem4f (.text:NVSCC26XX_write)
                  0000ecd4    00000138     rf_multiMode_cc26x2.aem4f : RFCC26X2_multiMode.c.cc26x2.ccs.o (.text:RF_abortCmd)
                  0000ee0c    00000138                               : RFCC26X2_multiMode.c.cc26x2.ccs.o (.text:RF_ratSetupChannel)
                  0000ef44    00000130     npi_tl_uart.obj (.text:NPITLUART_readCallBack$9)
                  0000f074    0000012c     OneLib.a : ll_ae.o (.text)
                  0000f1a0    00000120     nvocmp.obj (.text:NVOCMP_compactPage$8)
                  0000f2c0    00000120     OneLib.a : ll_common.o (.text)
                  0000f3e0    00000120              : ll_data.o (.text)
                  0000f500    00000120     drivers_cc26x2.a : PowerCC26X2.oem4f (.text:configureXOSCHF)
                  0000f620    0000011c     OneLib.a : ll_ae.o (.text)
                  0000f73c    0000011c              : ll_isr.o (.text)
                  0000f858    00000114              : ll_ae.o (.text)
                  0000f96c    00000114              : ll_common.o (.text)
                  0000fa80    00000114              : ll_isr.o (.text)
                  0000fb94    00000114     drivers_cc26x2.a : PINCC26XX.oem4f (.text:PINCC26XX_setIoCfg)
                  0000fca8    00000114     StackWrapper.a : rtls_srv.o (.text)
                  0000fdbc    0000010c     OneLib.a : gatt_client.o (.text)
                  0000fec8    0000010c              : ll_ae.o (.text)
                  0000ffd4    0000010c              : ll_ae.o (.text)
                  000100e0    00000108     drivers_cc26x2.a : AESECBCC26XX.oem4f (.text:AESECB_startOperation)
                  000101e8    00000106     rtls_coordinator_app_pem4f.oem4f (.text:xdc_runtime_System_printfExtend__I)
                  000102ee    00000002     rom_init.obj (.text:MAP_llDmmSetThreshold)
                  000102f0    00000104     OneLib.a : ll_isr.o (.text)
                  000103f4    00000104     rf_multiMode_cc26x2.aem4f : RFCC26X2_multiMode.c.cc26x2.ccs.o (.text:RF_hwiCpe0Active)
                  000104f8    00000100     nvocmp.obj (.text:NVOCMP_findItem$8)
                  000105f8    00000100     StackWrapper.a : rtls_srv.o (.text)
                  000106f8    000000fe     OneLib.a : ll_scheduler.o (.text)
                  000107f6    00000002     rom_init.obj (.text:MAP_llPeriodicAdv_PostProcess)
                  000107f8    000000fc     OneLib.a : ll_scheduler.o (.text)
                  000108f4    000000fc              : ll_scheduler.o (.text)
                  000109f0    000000fc     rf_multiMode_cc26x2.aem4f : RFCC26X2_multiMode.c.cc26x2.ccs.o (.text:RF_decodeOverridePointers)
                  00010aec    000000f8     drivers_cc26x2.a : AESCTRCC26XX.oem4f (.text:AESCTR_startOperation)
                  00010be4    000000f8     OneLib.a : ll_isr.o (.text)
                  00010cdc    000000f8              : sm_rsppairing.o (.text)
                  00010dd4    000000f6              : ll_ae.o (.text)
                  00010eca    00000002     rom_init.obj (.text:MAP_llSetPeriodicSyncInfo)
                  00010ecc    000000f4     OneLib.a : ll_scheduler.o (.text)
                  00010fc0    000000f0              : ll_ae.o (.text)
                  000110b0    000000f0     rf_multiMode_cc26x2.aem4f : RFCC26X2_multiMode.c.cc26x2.ccs.o (.text:RF_fsmPowerUpState)
                  000111a0    000000ec     OneLib.a : ll_common.o (.text)
                  0001128c    000000e8              : hci_event.o (.text)
                  00011374    000000e4              : ll_ae.o (.text)
                  00011458    000000e0     StackWrapper.a : osal_timers.o (.text)
                  00011538    000000e0     drivers_cc26x2.a : UARTCC26XX.oem4f (.text:UARTCC26XX_write)
                  00011618    000000dc     OneLib.a : ll_ae.o (.text)
                  000116f4    000000d8     driverlib.lib : aes.obj (.text:NOROM_AESWriteToKeyStore)
                  000117cc    000000d8                   : setup.obj (.text:NOROM_SetupTrimDevice)
                  000118a4    000000d8     rf_multiMode_cc26x2.aem4f : RFCC26X2_multiMode.c.cc26x2.ccs.o (.text:RF_control)
                  0001197c    000000d8                               : RFCC26X2_multiMode.c.cc26x2.ccs.o (.text:RF_pendCmd)
                  00011a54    000000d8     driverlib.lib : setup.obj (.text:TrimAfterColdResetWakeupFromShutDown$29)
                  00011b2c    000000d4     drivers_cc26x2.a : ECDHCC26X2.oem4f (.text:ECDH_generatePublicKey)
                  00011c00    000000d4     npi_task.obj (.text:NPITask_transportDoneCallBack$11)
                  00011cd4    000000d2     rf_multiMode_cc26x2.aem4f : RFCC26X2_multiMode.c.cc26x2.ccs.o (.text:RF_updatePaConfiguration)
                  00011da6    00000002     rom_init.obj (.text:MAP_llSetRfReportAodPackets)
                  00011da8    000000cc     OneLib.a : hci_event.o (.text)
                  00011e74    000000cc     rf_multiMode_cc26x2.aem4f : RFCC26X2_multiMode.c.cc26x2.ccs.o (.text:RF_swiHw)
                  00011f40    000000cc     StackWrapper.a : osal.o (.text)
                  0001200c    000000c8     OneLib.a : gap_scanner.o (.text)
                  000120d4    000000c8              : ll_ae.o (.text)
                  0001219c    000000c8     dpl_cc26x2.a : PowerCC26X2_tirtos.oem4f (.text:PowerCC26XX_standbyPolicy)
                  00012264    000000c0     npi_task.obj (.text:NPITask_ProcessTXQ$11)
                  00012324    000000c0     nvocmp.obj (.text:NVOCMP_erase$8)
                  000123e4    000000c0     OneLib.a : ll.o (.text)
                  000124a4    000000c0              : ll.o (.text)
                  00012564    000000c0     drivers_cc26x2.a : PowerCC26X2.oem4f (.text:Power_releaseDependency)
                  00012624    000000c0     StackWrapper.a : rtls_srv.o (.text)
                  000126e4    000000c0     drivers_cc26x2.a : TRNGCC26XX.oem4f (.text:TRNG_getRandom)
                  000127a4    000000c0                      : UARTCC26XX.oem4f (.text:UARTCC26XX_initIO)
                  00012864    000000bc                      : AESCTRDRBGXX.oem4f (.text:AESCTRDRBG_construct)
                  00012920    000000bc                      : AESCTRDRBGXX.oem4f (.text:AESCTRDRBG_getRandomBytes)
                  000129dc    000000bc     OneLib.a : ble.o (.text)
                  00012a98    000000bc              : ll_ecc.o (.text)
                  00012b54    000000bc              : ll_scheduler.o (.text)
                  00012c10    000000bc     rf_multiMode_cc26x2.aem4f : RFCC26X2_multiMode.c.cc26x2.ccs.o (.text:RF_initRadioSetup)
                  00012ccc    000000b8     OneLib.a : ll.o (.text)
                  00012d84    000000b8              : ll_slave_end_causes.o (.text)
                  00012e3c    000000b8     drivers_cc26x2.a : PowerCC26X2.oem4f (.text:Power_setDependency)
                  00012ef4    000000b8     StackWrapper.a : gapbondmgr.o (.text)
                  00012fac    000000b8                    : gattservapp_util.o (.text)
                  00013064    000000b8     drivers_cc26x2.a : UARTCC26XX.oem4f (.text:UARTCC26XX_initHw)
                  0001311c    000000b4                      : AESCTRDRBGXX.oem4f (.text:AESCTRDRBG_reseed)
                  000131d0    000000b0     OneLib.a : ll.o (.text)
                  00013280    000000b0              : ll_enc.o (.text)
                  00013330    000000ac     display.a : DisplayUart.oem4f (.text:DisplayUartAnsi_clearLines)
                  000133dc    000000ac     drivers_cc26x2.a : ECDHCC26X2.oem4f (.text:ECDHCC26X2_hwiFxn)
                  00013488    000000ac     OneLib.a : ll_ae.o (.text)
                  00013534    000000ac              : ll_scheduler.o (.text)
                  000135e0    000000ac     drivers_cc26x2.a : PINCC26XX.oem4f (.text:PIN_open)
                  0001368c    000000ac     rtls_coordinator.obj (.text:RTLSCoordinator_processRTLSConnInfo$2)
                  00013738    000000ac     StackWrapper.a : rtls_srv.o (.text)
                  000137e4    000000a8     nvocmp.obj (.text:NVOCMP_initNvApi$8)
                  0001388c    000000a8     OneLib.a : hci_data.o (.text)
                  00013934    000000a8              : ll.o (.text)
                  000139dc    000000a8              : ll.o (.text)
                  00013a84    000000a8              : ll_common.o (.text)
                  00013b2c    000000a8     StackWrapper.a : gapbondmgr.o (.text)
                  00013bd4    000000a7     display.a : DisplayUart.oem4f (.text:DisplayUartAnsi_open)
                  00013c7b    00000001     --HOLE-- [fill = 0]
                  00013c7c    000000a4     OneLib.a : ll_ae.o (.text)
                  00013d20    000000a4              : ll_scheduler.o (.text)
                  00013dc4    000000a4     rf_multiMode_cc26x2.aem4f : RFCC26X2_multiMode.c.cc26x2.ccs.o (.text:RF_ratRestartChannels)
                  00013e68    000000a4     StackWrapper.a : gapbondmgr.o (.text)
                  00013f0c    000000a4                    : osal_cbtimer.o (.text)
                  00013fb0    000000a0     OneLib.a : gattservapp.o (.text)
                  00014050    000000a0              : ll_common.o (.text)
                  000140f0    000000a0              : ll_master_end_causes.o (.text)
                  00014190    000000a0              : ll_scheduler.o (.text)
                  00014230    000000a0     auto_init.aem4f : auto_init.oem4f (.text)
                  000142d0    000000a0     rom_sysbios.aem4f : rom_sysbios.obj (.text:ti_sysbios_knl_Task_setPri__E)
                  00014370    0000009f     display.a : DisplayUart.oem4f (.text:DisplayUartAnsi_vprintf)
                  0001440f    00000001     --HOLE-- [fill = 0]
                  00014410    0000009c     nvocmp.obj (.text:NVOCMP_readHeader$8)
                  000144ac    0000009c     OneLib.a : ll_common.o (.text)
                  00014548    0000009c              : ll_ecc.o (.text)
                  000145e4    0000009c     drivers_cc26x2.a : TRNGCC26XX.oem4f (.text:TRNG_construct)
                  00014680    0000009c     rtsv7M4_T_le_v4SPD16_eabi.lib : memcpy_t2.asm.obj (.text)
                  0001471c    00000098     OneLib.a : gattservapp.o (.text)
                  000147b4    00000098              : hci_event.o (.text)
                  0001484c    00000098              : ll_ae.o (.text)
                  000148e4    00000098     rf_multiMode_cc26x2.aem4f : RFCC26X2_multiMode.c.cc26x2.ccs.o (.text:RF_calculateDispatchTime)
                  0001497c    00000098     drivers_cc26x2.a : TRNGCC26XX.oem4f (.text:TRNGCC26XX_hwiFxn)
                  00014a14    00000098                      : UARTCC26XX.oem4f (.text:writeTxFifoFlush)
                  00014aac    00000096     rtsv7M4_T_le_v4SPD16_eabi.lib : ull_div_t2.asm.obj (.text)
                  00014b42    00000002     rom_init.obj (.text:MAP_llUpdatePeriodicAdvChainPacket)
                  00014b44    00000094     icall.obj (.text:ICall_setTimer)
                  00014bd8    00000094     OneLib.a : gatt_server.o (.text)
                  00014c6c    00000094              : ll.o (.text)
                  00014d00    00000094              : ll_common.o (.text)
                  00014d94    00000094              : ll_scheduler.o (.text)
                  00014e28    00000094     rf_multiMode_cc26x2.aem4f : rf_patch_cpe_multi_protocol_rtls.c.cc26x2.ccs.o (.text:configureMultiProtocolRtlsPatch)
                  00014ebc    00000092     OneLib.a : gap_task.o (.text)
                  00014f4e    00000092              : ll_ae.o (.text)
                  00014fe0    00000092     drivers_cc26x2.a : UARTCC26XX.oem4f (.text:UARTCC26XX_writeCancel)
                  00015072    00000002     rom_init.obj (.text:MAP_rf_patch_mce)
                  00015074    00000090     OneLib.a : ll.o (.text)
                  00015104    00000090              : ll_ae.o (.text)
                  00015194    00000090              : ll_common.o (.text)
                  00015224    00000090     rf_multiMode_cc26x2.aem4f : RFCC26X2_multiMode.c.cc26x2.ccs.o (.text:RF_discardPendCmd)
                  000152b4    00000090                               : RFCC26X2_multiMode.c.cc26x2.ccs.o (.text:RF_getInfo)
                  00015344    0000008e     drivers_cc26x2.a : CryptoUtils.oem4f (.text:CryptoUtils_reverseCopyPad)
                  000153d2    00000002     rom_init.obj (.text:MAP_rf_patch_rfe)
                  000153d4    0000008c     icall.obj (.text:ICall_heapMalloc)
                  00015460    0000008c     rtls_host_npi.obj (.text:RTLSHost_sendMsg)
                  000154ec    0000008c     osal_icall_ble.obj (.text:osalInitTasks)
                  00015578    0000008c     rom_sysbios.aem4f : rom_sysbios.obj (.text:ti_sysbios_gates_GateMutexPri_enter__E)
                  00015604    0000008a     drivers_cc26x2.a : AESCTRDRBGXX.oem4f (.text:AESCTRDRBGXX_updateState)
                  0001568e    00000002     rf_multiMode_cc26x2.aem4f : rfc.c.cc26x2.ccs.o (.text:NOROM_RFCCpePatchReset)
                  00015690    00000088     driverlib.lib : osc.obj (.text:NOROM_OSCHF_AttemptToSwitchToXosc)
                  00015718    00000088     OneLib.a : ble.o (.text)
                  000157a0    00000088              : hci_event.o (.text)
                  00015828    00000088              : ll_ae.o (.text)
                  000158b0    00000088              : ll_isr.o (.text)
                  00015938    00000088     rf_multiMode_cc26x2.aem4f : RFCC26X2_multiMode.c.cc26x2.ccs.o (.text:RF_cmdDispatchTime)
                  000159c0    00000088     StackWrapper.a : osal_cbtimer.o (.text)
                  00015a48    00000088     drivers_cc26x2.a : PowerCC26X2_calibrateRCOSC.oem4f (.text:calibrateRcoscHf2)
                  00015ad0    00000088                      : PowerCC26X2.oem4f (.text:disableLFClockQualifiers)
                  00015b58    00000088                      : PowerCC26X2_calibrateRCOSC.oem4f (.text:updateSubSecInc)
                  00015be0    00000084     OneLib.a : hci_event.o (.text)
                  00015c64    00000084              : ll_ae.o (.text)
                  00015ce8    00000084     rf_multiMode_cc26x2.aem4f : RFCC26X2_multiMode.c.cc26x2.ccs.o (.text:RF_issueRadioFreeCb)
                  00015d6c    00000084                               : RFCC26X2_multiMode.c.cc26x2.ccs.o (.text:RF_verifyGap)
                  00015df0    00000084     drivers_cc26x2.a : UARTCC26XX.oem4f (.text:UARTCC26XX_close)
                  00015e74    00000080     driverlib.lib : chipinfo.obj (.text:NOROM_ChipInfo_GetChipType)
                  00015ef4    00000080     drivers_cc26x2.a : NVSCC26XX.oem4f (.text:NVSCC26XX_open)
                  00015f74    00000080     OneLib.a : ll_enc.o (.text)
                  00015ff4    00000080     StackWrapper.a : rtls_srv.o (.text)
                  00016074    00000080     rom_sysbios.aem4f : rom_sysbios.obj (.text:ti_sysbios_family_arm_cc26xx_Timer_start__E)
                  000160f4    0000007e     OneLib.a : gap_task.o (.text)
                  00016172    0000007e     StackWrapper.a : rtls_srv.o (.text)
                  000161f0    0000007c     nvocmp.obj (.text:NVOCMP_readItemApi$8)
                  0001626c    0000007c     OneLib.a : ll_ae.o (.text)
                  000162e8    0000007c              : ll_ae.o (.text)
                  00016364    0000007c              : ll_common.o (.text)
                  000163e0    0000007c     rf_multiMode_cc26x2.aem4f : RFCC26X2_multiMode.c.cc26x2.ccs.o (.text:RF_ratFreeChannel)
                  0001645c    0000007c     rtls_ctrl.obj (.text:RTLSCtrl_connResultEvt)
                  000164d8    0000007c     StackWrapper.a : gapbondmgr.o (.text)
                  00016554    0000007c                    : rtls_srv.o (.text)
                  000165d0    0000007a     OneLib.a : gattservapp.o (.text)
                  0001664a    0000007a     rtsv7M4_T_le_v4SPD16_eabi.lib : memset_t2.asm.obj (.text)
                  000166c4    00000078     icall.obj (.text:ICall_heapInit)
                  0001673c    00000078     nvocmp.obj (.text:NVOCMP_checkItem$8)
                  000167b4    00000078     OneLib.a : ll_common.o (.text)
                  0001682c    00000078     rtls_coordinator.obj (.text:RTLSCoordinator_openL2CAPChanCoc$2)
                  000168a4    00000078     StackWrapper.a : osal_cbtimer.o (.text)
                  0001691c    00000078     rom_sysbios.aem4f : rom_sysbios.obj (.text:ti_sysbios_heaps_HeapMem_allocUnprotected__E)
                  00016994    00000076     OneLib.a : ll_common.o (.text)
                  00016a0a    00000076     StackWrapper.a : gap.o (.text)
                  00016a80    00000074     nvocmp.obj (.text:NVOCMP_writeItemApi$8)
                  00016af4    00000074     OneLib.a : ble.o (.text)
                  00016b68    00000074              : ll_enc.o (.text)
                  00016bdc    00000074     drivers_cc26x2.a : PowerCC26X2_calibrateRCOSC.oem4f (.text:PowerCC26X2_auxISR)
                  00016c50    00000074     rf_multiMode_cc26x2.aem4f : RFCC26X2_multiMode.c.cc26x2.ccs.o (.text:RF_ratDisableChannel)
                  00016cc4    00000074     rom_sysbios.aem4f : rom_sysbios.obj (.text:ti_sysbios_gates_GateMutexPri_leave__E)
                  00016d38    00000072     rf_multiMode_cc26x2.aem4f : RFCC26X2_multiMode.c.cc26x2.ccs.o (.text:RF_detachOverrides)
                  00016daa    00000002                               : RFCC26X2_multiMode.c.cc26x2.ccs.o (.text:RF_defaultCallback)
                  00016dac    00000070     drivers_cc26x2.a : AESCCMCC26XX.oem4f (.text:AESCCM_cleanup)
                  00016e1c    00000070     icall.obj (.text:ICall_heapGetStats)
                  00016e8c    00000070     rf_multiMode_cc26x2.aem4f : rfc.c.cc26x2.ccs.o (.text:NOROM_RFCAnaDivTxOverride)
                  00016efc    00000070     nvocmp.obj (.text:NVOCMP_eraseNvApi$8)
                  00016f6c    00000070     OneLib.a : gatt_server.o (.text)
                  00016fdc    00000070              : ll_ae.o (.text)
                  0001704c    00000070              : ll_ae.o (.text)
                  000170bc    00000070              : ll_common.o (.text)
                  0001712c    00000070              : ll_enc.o (.text)
                  0001719c    00000070     drivers_cc26x2.a : PINCC26XX.oem4f (.text:PIN_add)
                  0001720c    00000070     rf_multiMode_cc26x2.aem4f : RFCC26X2_multiMode.c.cc26x2.ccs.o (.text:RF_getCurrentTime)
                  0001727c    00000070     drivers_cc26x2.a : Random.oem4f (.text:Random_seedAutomatic)
                  000172ec    00000070     StackWrapper.a : osal.o (.text)
                  0001735c    0000006e     OneLib.a : gatt_server.o (.text)
                  000173ca    0000006e              : hci.o (.text)
                  00017438    0000006e     rf_multiMode_cc26x2.aem4f : RFCC26X2_multiMode.c.cc26x2.ccs.o (.text:RF_attachOverrides)
                  000174a6    0000006e                               : RFCC26X2_multiMode.c.cc26x2.ccs.o (.text:RF_howToSchedule)
                  00017514    0000006d     rom_sysbios.aem4f : rom_sysbios.obj (.text:xdc_runtime_System_formatNum__I)
                  00017581    00000001     --HOLE-- [fill = 0]
                  00017582    00000002     StackWrapper.a : common_rom_init.o (.text)
                  00017584    0000006c     nvocmp.obj (.text:NVOCMP_getDstPage$8)
                  000175f0    0000006c     OneLib.a : ll_isr.o (.text)
                  0001765c    0000006c              : ll_scheduler.o (.text)
                  000176c8    0000006c     rf_multiMode_cc26x2.aem4f : RFCC26X2_multiMode.c.cc26x2.ccs.o (.text:RF_dispatchNextEvent)
                  00017734    0000006c     rtls_host_npi.obj (.text:RTLSHost_processNpiMessage)
                  000177a0    0000006c     StackWrapper.a : osal_cbtimer.o (.text)
                  0001780c    00000068     drivers_cc26x2.a : CryptoUtils.oem4f (.text:CryptoUtils_copyPad)
                  00017874    00000068     icall.obj (.text:ICall_enrollService)
                  000178dc    00000068     icall.obj (.text:ICall_send)
                  00017944    00000068     icall.obj (.text:ICall_sendServiceComplete)
                  000179ac    00000068     driverlib.lib : osc.obj (.text:NOROM_OSCHF_SwitchToRcOscTurnOffXosc)
                  00017a14    00000068     OneLib.a : gap_task.o (.text)
                  00017a7c    00000068              : gattservapp.o (.text)
                  00017ae4    00000068              : ll.o (.text)
                  00017b4c    00000068              : ll_ae.o (.text)
                  00017bb4    00000068     rf_multiMode_cc26x2.aem4f : RFCC26X2_multiMode.c.cc26x2.ccs.o (.text:RF_hwiHw)
                  00017c1c    00000068     StackWrapper.a : osal_timers.o (.text)
                  00017c84    00000068     rtsv7M4_T_le_v4SPD16_eabi.lib : copy_decompress_lzss.c.obj (.text:decompress:lzss:__TI_decompress_lzss)
                  00017cec    00000066     OneLib.a : ll_common.o (.text)
                  00017d52    00000066     StackWrapper.a : icall_lite_translation.o (.text)
                  00017db8    00000064     drivers_cc26x2.a : AESCCMCC26XX.oem4f (.text:AESCCM_waitForResult)
                  00017e1c    00000064                      : AESCTRCC26XX.oem4f (.text:AESCTR_waitForResult)
                  00017e80    00000064                      : AESECBCC26XX.oem4f (.text:AESECB_waitForResult)
                  00017ee4    00000064     nvocmp.obj (.text:NVOCMP_findSignature$8)
                  00017f48    00000064     OneLib.a : gattservapp.o (.text)
                  00017fac    00000064              : ll.o (.text)
                  00018010    00000064              : ll_scheduler.o (.text)
                  00018074    00000064     drivers_cc26x2.a : UARTCC26XX.oem4f (.text:UARTCC26XX_control)
                  000180d8    00000062     ti_drivers_config.obj (.text:Board_sendExtFlashByte)
                  0001813a    00000062     rf_multiMode_cc26x2.aem4f : RFCC26X2_multiMode.c.cc26x2.ccs.o (.text:RF_syncCb)
                  0001819c    00000062     drivers_cc26x2.a : UARTCC26XX.oem4f (.text:UARTCC26XX_swiIntFxn)
                  000181fe    00000002     StackWrapper.a : hal_assert.o (.text)
                  00018200    00000060     drivers_cc26x2.a : AESCCMCC26XX.oem4f (.text:AESCCM_hwiFxn)
                  00018260    00000060                      : AESCTRCC26XX.oem4f (.text:AESCTR_hwiFxn)
                  000182c0    00000060                      : AESECBCC26XX.oem4f (.text:AESECB_hwiFxn)
                  00018320    00000060                      : CryptoResourceCC26XX.oem4f (.text:CryptoResourceCC26XX_constructRTOSObjects)
                  00018380    00000060     icall.obj (.text:ICall_createRemoteTasksAtRuntime)
                  000183e0    00000060     OneLib.a : ll_common.o (.text)
                  00018440    00000060              : sm_pairing.o (.text)
                  000184a0    00000060     drivers_cc26x2.a : PKAResourceCC26XX.oem4f (.text:PKAResourceCC26XX_constructRTOSObjects)
                  00018500    00000060     rf_multiMode_cc26x2.aem4f : RFCC26X2_multiMode.c.cc26x2.ccs.o (.text:RF_applyRfCorePatch)
                  00018560    00000060     StackWrapper.a : gapbondmgr.o (.text)
                  000185c0    00000060     drivers_cc26x2.a : TRNGCC26XX.oem4f (.text:TRNGCC26XX_startTrng)
                  00018620    0000005e     icall.obj (.text:ICall_fetchMsg)
                  0001867e    0000005e     OneLib.a : ll_common.o (.text)
                  000186dc    0000005c     display.a : Display.oem4f (.text:Display_doOpen)
                  00018738    0000005c     icall.obj (.text:ICall_pwrUpdActivityCounter)
                  00018794    0000005c     nvocmp.obj (.text:NVOCMP_readItem$8)
                  000187f0    0000005c     OneLib.a : gap_perilinkmgr.o (.text)
                  0001884c    0000005c              : ll_ae.o (.text)
                  000188a8    0000005c              : ll_isr.o (.text)
                  00018904    0000005c              : ll_scheduler.o (.text)
                  00018960    0000005c              : sm_intpairing.o (.text)
                  000189bc    0000005c              : sm_rsppairing.o (.text)
                  00018a18    0000005c     drivers_cc26x2.a : PINCC26XX.oem4f (.text:PIN_remove)
                  00018a74    0000005c     rf_multiMode_cc26x2.aem4f : RFCC26X2_multiMode.c.cc26x2.ccs.o (.text:RF_hwiCpe0PowerFsm)
                  00018ad0    0000005c     drivers_cc26x2.a : NVSCC26XX.oem4f (.text:doErase)
                  00018b2c    0000005c                      : UARTCC26XX.oem4f (.text:startTxFifoEmptyClk)
                  00018b88    0000005c     rtls_coordinator_app_pem4f.oem4f (.text:xdc_runtime_Startup_getState__I)
                  00018be4    00000058     drivers_cc26x2.a : ECDHCC26X2.oem4f (.text:ECDH_construct)
                  00018c3c    00000058     icall.obj (.text:ICall_wait)
                  00018c94    00000058     OneLib.a : gap_scanner.o (.text)
                  00018cec    00000058              : ll_ae.o (.text)
                  00018d44    00000058              : ll_ae.o (.text)
                  00018d9c    00000058              : ll_ae.o (.text)
                  00018df4    00000058              : ll_ae.o (.text)
                  00018e4c    00000058              : ll_common.o (.text)
                  00018ea4    00000058              : ll_enc.o (.text)
                  00018efc    00000058              : ll_isr.o (.text)
                  00018f54    00000058              : sm_pairing.o (.text)
                  00018fac    00000058     drivers_cc26x2.a : PowerCC26X2_calibrateRCOSC.oem4f (.text:PowerCC26X2_initiateCalibration)
                  00019004    00000058     StackWrapper.a : sm_ecc.o (.text)
                  0001905c    00000058     drivers_cc26x2.a : TRNGCC26XX.oem4f (.text:TRNG_init)
                  000190b4    00000058     boot.aem4f : boot.oem4f (.text)
                  0001910c    00000058     rom_sysbios.aem4f : rom_sysbios.obj (.text:ti_sysbios_heaps_HeapMem_alloc__E)
                  00019164    00000056     rf_multiMode_cc26x2.aem4f : RFCC26X2_multiMode.c.cc26x2.ccs.o (.text:RF_defaultSubmitPolicy)
                  000191ba    00000002     StackWrapper.a : hal_assert.o (.text)
                  000191bc    00000054     drivers_cc26x2.a : AESCCMCC26XX.oem4f (.text:AESCCM_construct)
                  00019210    00000054                      : AESCTRCC26XX.oem4f (.text:AESCTR_construct)
                  00019264    00000054                      : AESECBCC26XX.oem4f (.text:AESECB_construct)
                  000192b8    00000054     driverlib.lib : prcm.obj (.text:NOROM_PRCMPowerDomainsAllOff)
                  0001930c    00000054     nvocmp.obj (.text:NVOCMP_doNVCRC$8)
                  00019360    00000054     drivers_cc26x2.a : NVSCC26XX.oem4f (.text:NVSCC26XX_init)
                  000193b4    00000054     OneLib.a : gattservapp.o (.text)
                  00019408    00000054              : hci_event.o (.text)
                  0001945c    00000054              : l2cap_if.o (.text)
                  000194b0    00000054              : ll.o (.text)
                  00019504    00000054              : ll_ae.o (.text)
                  00019558    00000054              : ll_ae.o (.text)
                  000195ac    00000054              : ll_ae.o (.text)
                  00019600    00000054              : ll_ae.o (.text)
                  00019654    00000054              : ll_common.o (.text)
                  000196a8    00000054     rf_multiMode_cc26x2.aem4f : RFCC26X2_multiMode.c.cc26x2.ccs.o (.text:RF_fsmXOSCState)
                  000196fc    00000054     StackWrapper.a : osal_bufmgr.o (.text)
                  00019750    00000054     drivers_cc26x2.a : StructRingBuf.oem4f (.text:StructRingBuf_put)
                  000197a4    00000054     dpl_cc26x2.a : SwiP_tirtos.oem4f (.text:SwiP_construct)
                  000197f8    00000052     OneLib.a : gap_centlinkmgr.o (.text)
                  0001984a    00000050     drivers_cc26x2.a : AESCTRDRBGXX.oem4f (.text:AESCTRDRBGXX_addBigendCounter)
                  0001989a    00000002     StackWrapper.a : onboard.o (.text)
                  0001989c    00000050     nvocmp.obj (.text:NVOCMP_compactNvApi$8)
                  000198ec    00000050     OneLib.a : gap_perilinkmgr.o (.text)
                  0001993c    00000050              : hci_tl.o (.text)
                  0001998c    00000050              : ll_ae.o (.text)
                  000199dc    00000050              : ll_common.o (.text)
                  00019a2c    00000050              : ll_enc.o (.text)
                  00019a7c    00000050     rtls_coordinator.obj (.text:RTLSCoordinator_processRTLSUpdateConnInterval$2)
                  00019acc    00000050     rtls_ctrl.obj (.text:RTLSCtrl_updateConnState)
                  00019b1c    00000050     StackWrapper.a : osal.o (.text)
                  00019b6c    00000050                    : osal_clock.o (.text)
                  00019bbc    00000050     drivers_cc26x2.a : TRNGCC26XX.oem4f (.text:TRNGCC26XX_waitForResult)
                  00019c0c    0000004e     StackWrapper.a : gap.o (.text)
                  00019c5a    00000002     rtsv7M4_T_le_v4SPD16_eabi.lib : _lock.c.obj (.text:_nop)
                  00019c5c    0000004c     icall.obj (.text:ICall_newTask$20)
                  00019ca8    0000004c     driverlib.lib : prcm.obj (.text:NOROM_PRCMPowerDomainsAllOn)
                  00019cf4    0000004c     nvocmp.obj (.text:NVOCMP_loadApiPtrsMin)
                  00019d40    0000004c     nvocmp.obj (.text:NVOCMP_setItemInactive$8)
                  00019d8c    0000004c     OneLib.a : ble.o (.text)
                  00019dd8    0000004c              : gap_scanner.o (.text)
                  00019e24    0000004c              : ll_common.o (.text)
                  00019e70    0000004c              : ll_scheduler.o (.text)
                  00019ebc    0000004c              : ll_scheduler.o (.text)
                  00019f08    0000004c     rf_multiMode_cc26x2.aem4f : RFCC26X2_multiMode.c.cc26x2.ccs.o (.text:RF_wakeupNotification)
                  00019f54    0000004c     drivers_cc26x2.a : StructRingBuf.oem4f (.text:StructRingBuf_get)
                  00019fa0    0000004c                      : UARTCC26XX.oem4f (.text:UARTCC26XX_readCancel)
                  00019fec    0000004c     rtsv7M4_T_le_v4SPD16_eabi.lib : cpy_tbl.c.obj (.text:copy_in)
                  0001a038    00000048     ti_drivers_config.obj (.text:Board_wakeUpExtFlash)
                  0001a080    00000048     rf_multiMode_cc26x2.aem4f : rfc.c.cc26x2.ccs.o (.text:NOROM_RFCSynthPowerDown)
                  0001a0c8    00000048     npi_tl_uart.obj (.text:NPITLUART_writeTransport)
                  0001a110    00000048     nvocmp.obj (.text:NVOCMP_write$8)
                  0001a158    00000048     drivers_cc26x2.a : NVS.oem4f (.text:NVS_open)
                  0001a1a0    00000048     OneLib.a : att_util.o (.text)
                  0001a1e8    00000048              : gattservapp.o (.text)
                  0001a230    00000048              : ll.o (.text)
                  0001a278    00000048              : ll.o (.text)
                  0001a2c0    00000048              : ll_common.o (.text)
                  0001a308    00000048              : ll_isr.o (.text)
                  0001a350    00000048              : ll_isr.o (.text)
                  0001a398    00000048     drivers_cc26x2.a : PINCC26XX.oem4f (.text:PIN_setOutputEnable)
                  0001a3e0    00000048                      : PowerCC26X2_calibrateRCOSC.oem4f (.text:PowerCC26X2_RCOSC_clockFunc)
                  0001a428    00000048                      : PowerCC26X2.oem4f (.text:PowerCC26XX_switchXOSC_HF)
                  0001a470    00000048     rtls_ctrl.obj (.text:RTLSCtrl_enqueueMsg)
                  0001a4b8    00000048     drivers_cc26x2.a : NVSCC26XX.oem4f (.text:disableFlashCache)
                  0001a500    00000048                      : PowerCC26X2.oem4f (.text:switchXOSCHF)
                  0001a548    00000048                      : UARTCC26XX.oem4f (.text:writeFinishedDoCallback)
                  0001a590    00000046                      : RingBuf.oem4f (.text:RingBuf_put)
                  0001a5d6    00000002                      : PowerCC26X2.oem4f (.text:emptyClockFunc)
                  0001a5d8    00000044                      : ECDHCC26X2.oem4f (.text:ECDHCC26X2_waitForResult)
                  0001a61c    00000044     nvocmp.obj (.text:NVOCMP_getFreeNvApi$8)
                  0001a660    00000044     drivers_cc26x2.a : NVSCC26XX.oem4f (.text:NVSCC26XX_read)
                  0001a6a4    00000044     OneLib.a : ll.o (.text)
                  0001a6e8    00000044              : ll.o (.text)
                  0001a72c    00000044              : ll_ae.o (.text)
                  0001a770    00000044              : ll_ae.o (.text)
                  0001a7b4    00000044              : ll_common.o (.text)
                  0001a7f8    00000044     drivers_cc26x2.a : PINCC26XX.oem4f (.text:PIN_swi)
                  0001a83c    00000044     rtls_ctrl.obj (.text:RTLSCtrl_aoaResultEvt)
                  0001a880    00000044     StackWrapper.a : osal.o (.text)
                  0001a8c4    00000044                    : osal_timers.o (.text)
                  0001a908    00000044     drivers_cc26x2.a : UART.oem4f (.text:UART_init)
                  0001a94c    00000042     OneLib.a : ll.o (.text)
                  0001a98e    00000042              : ll_common.o (.text)
                  0001a9d0    00000040     dpl_cc26x2.a : ClockP_tirtos.oem4f (.text:ClockP_construct)
                  0001aa10    00000040     drivers_cc26x2.a : ECDHCC26X2.oem4f (.text:ECDHCC26X2_convertReturnValue)
                  0001aa50    00000040                      : ECDHCC26X2.oem4f (.text:ECDHCC26X2_getPublicKeyResult)
                  0001aa90    00000040     driverlib.lib : osc.obj (.text:NOROM_OSC_HPOSCRelativeFrequencyOffsetGet)
                  0001aad0    00000040     OneLib.a : gap_configmgr.o (.text)
                  0001ab10    00000040              : gattservapp.o (.text)
                  0001ab50    00000040              : linkdb.o (.text)
                  0001ab90    00000040              : ll_common.o (.text)
                  0001abd0    00000040              : ll_common.o (.text)
                  0001ac10    00000040              : sm_intpairing.o (.text)
                  0001ac50    00000040     drivers_cc26x2.a : PowerCC26X2.oem4f (.text:PowerCC26XX_isStableXOSC_HF)
                  0001ac90    00000040     rtls_coordinator.obj (.text:RTLSCoordinator_passcodeCb$2)
                  0001acd0    00000040     drivers_cc26x2.a : Random.oem4f (.text:Random_getNumber)
                  0001ad10    00000040                      : RingBuf.oem4f (.text:RingBuf_get)
                  0001ad50    00000040     StackWrapper.a : osal.o (.text)
                  0001ad90    00000040                    : osal_bufmgr.o (.text)
                  0001add0    00000040                    : osal_bufmgr.o (.text)
                  0001ae10    00000040                    : osal_timers.o (.text)
                  0001ae50    00000040     drivers_cc26x2.a : TRNGCC26XX.oem4f (.text:TRNGCC26XX_copyToClient)
                  0001ae90    00000040                      : UART.oem4f (.text:UART_open)
                  0001aed0    00000040     rtsv7M4_T_le_v4SPD16_eabi.lib : u_divt2.asm.obj (.text)
                  0001af10    00000040     rom_sysbios.aem4f : rom_sysbios.obj (.text:ti_sysbios_family_arm_cc26xx_Timer_setThreshold__I)
                  0001af50    00000040                       : rom_sysbios.obj (.text:ti_sysbios_heaps_HeapCallback_Module_startup__E)
                  0001af90    0000003e     dpl_cc26x2.a : HwiP_tirtos.oem4f (.text:HwiP_construct)
                  0001afce    0000003e     OneLib.a : ll_common.o (.text)
                  0001b00c    0000003e              : ll_isr.o (.text)
                  0001b04a    0000003e     drivers_cc26x2.a : TRNGCC26XX.oem4f (.text:TRNGCC26XX_serviceJob)
                  0001b088    0000003c     nvocmp.obj (.text:NVOCMP_disableCache$8)
                  0001b0c4    0000003c     OneLib.a : gap_linkmgr.o (.text)
                  0001b100    0000003c              : gattservapp.o (.text)
                  0001b13c    0000003c              : gattservapp.o (.text)
                  0001b178    0000003c              : linkdb.o (.text)
                  0001b1b4    0000003c              : ll_ae.o (.text)
                  0001b1f0    0000003c     drivers_cc26x2.a : PINCC26XX.oem4f (.text:PIN_setOutputValue)
                  0001b22c    0000003c     rf_multiMode_cc26x2.aem4f : RFCC26X2_multiMode.c.cc26x2.ccs.o (.text:RF_cmdGet)
                  0001b268    0000003c                               : RFCC26X2_multiMode.c.cc26x2.ccs.o (.text:RF_cmdStoreEvents)
                  0001b2a4    0000003c     rtls_coordinator.obj (.text:RTLSCoordinator_createTask)
                  0001b2e0    0000003c     rtls_ctrl.obj (.text:RTLSCtrl_createTask)
                  0001b31c    0000003c     StackWrapper.a : osal.o (.text)
                  0001b358    0000003c                    : osal.o (.text)
                  0001b394    0000003c                    : osal.o (.text)
                  0001b3d0    0000003c                    : osal_timers.o (.text)
                  0001b40c    0000003c                    : sm_ecc.o (.text)
                  0001b448    0000003c     drivers_cc26x2.a : NVSCC26XX.oem4f (.text:checkEraseRange)
                  0001b484    0000003c     rom_sysbios.aem4f : rom_sysbios.obj (.text:ti_sysbios_family_arm_m3_Hwi_construct2__E)
                  0001b4c0    0000003a     StackWrapper.a : osal.o (.text)
                  0001b4fa    00000002     drivers_cc26x2.a : CryptoResourceCC26XX.oem4f (.text:errorSpin)
                  0001b4fc    00000038     ti_drivers_config.obj (.text:Board_shutDownExtFlash)
                  0001b534    00000038     OneLib.a : hci.o (.text)
                  0001b56c    00000038              : linkdb.o (.text)
                  0001b5a4    00000038              : ll_ae.o (.text)
                  0001b5dc    00000038              : ll_ae.o (.text)
                  0001b614    00000038              : ll_ae.o (.text)
                  0001b64c    00000038              : ll_common.o (.text)
                  0001b684    00000038              : ll_enc.o (.text)
                  0001b6bc    00000038              : ll_scheduler.o (.text)
                  0001b6f4    00000038              : sm_rsppairing.o (.text)
                  0001b72c    00000038     drivers_cc26x2.a : PINCC26XX.oem4f (.text:PIN_setConfig)
                  0001b764    00000038     rf_multiMode_cc26x2.aem4f : RFCC26X2_multiMode.c.cc26x2.ccs.o (.text:RF_checkCmdFsError)
                  0001b79c    00000038     StackWrapper.a : gattservapp_util.o (.text)
                  0001b7d4    00000038                    : osal_timers.o (.text)
                  0001b80c    00000038                    : rtls_srv.o (.text)
                  0001b844    00000038     drivers_cc26x2.a : PowerCC26X2.oem4f (.text:notify)
                  0001b87c    00000038                      : UARTCC26XX.oem4f (.text:readData)
                  0001b8b4    00000038     rom_sysbios.aem4f : rom_sysbios.obj (.text:ti_sysbios_family_arm_cc26xx_Timer_getCurrentTick__E)
                  0001b8ec    00000038     drivers_cc26x2.a : UARTCC26XX.oem4f (.text:writeData)
                  0001b924    00000036     StackWrapper.a : ble_dispatch_lite.o (.text)
                  0001b95a    00000036     rom_sysbios.aem4f : rom_sysbios.obj (.text:ti_sysbios_family_arm_cc26xx_Timer_setNextTick__E)
                  0001b990    00000034     icall.obj (.text:ICall_heapFree)
                  0001b9c4    00000034     icall.obj (.text:ICall_primEntityId2ServiceId$20)
                  0001b9f8    00000034     icall.obj (.text:ICall_searchServiceEntity)
                  0001ba2c    00000034     driverlib.lib : aes.obj (.text:NOROM_AESStartDMAOperation)
                  0001ba60    00000034                   : sys_ctrl.obj (.text:NOROM_SysCtrlIdle)
                  0001ba94    00000034     nvocmp.obj (.text:NVOCMP_verifyCRC$8)
                  0001bac8    00000034     OneLib.a : hci.o (.text)
                  0001bafc    00000034              : hci.o (.text)
                  0001bb30    00000034              : hci_tl.o (.text)
                  0001bb64    00000034              : ll_ae.o (.text)
                  0001bb98    00000034              : ll_scheduler.o (.text)
                  0001bbcc    00000034              : ll_scheduler.o (.text)
                  0001bc00    00000034     rf_multiMode_cc26x2.aem4f : RFCC26X2_multiMode.c.cc26x2.ccs.o (.text:RF_powerConstraintRelease)
                  0001bc34    00000034                               : RFCC26X2_multiMode.c.cc26x2.ccs.o (.text:RF_runDirectImmediateCmd)
                  0001bc68    00000034     rtls_coordinator.obj (.text:RTLSCoordinator_enqueueMsg$2)
                  0001bc9c    00000034     StackWrapper.a : gapbondmgr.o (.text)
                  0001bcd0    00000034                    : icall_startup.o (.text)
                  0001bd04    00000034                    : rtls_srv.o (.text)
                  0001bd38    00000034     util.obj (.text:Util_enqueueMsg)
                  0001bd6c    00000034     drivers_cc26x2.a : UARTCC26XX.oem4f (.text:readData2RingBuf)
                  0001bda0    00000034     rom_sysbios.aem4f : rom_sysbios.obj (.text:ti_sysbios_knl_Swi_setPri__E)
                  0001bdd4    00000032     icall.obj (.text:ICall_fetchServiceMsg)
                  0001be06    00000032     OneLib.a : hci.o (.text)
                  0001be38    00000032              : ll_ae.o (.text)
                  0001be6a    00000032     rom_sysbios.aem4f : rom_sysbios.obj (.text:ti_sysbios_gates_GateMutexPri_insertPri__I)
                  0001be9c    00000030     drivers_cc26x2.a : AESECBCC26XX.oem4f (.text:AESECB_cleanup)
                  0001becc    00000030     icall.obj (.text:ICall_dispatch$20)
                  0001befc    00000030     icall.obj (.text:ICall_msecs2Ticks$20)
                  0001bf2c    00000030     npi_tl.obj (.text:NPITL_readTL)
                  0001bf5c    00000030     npi_task.obj (.text:NPITask_Params_init)
                  0001bf8c    00000030     npi_util.obj (.text:NPIUtil_enqueueMsg)
                  0001bfbc    00000030     nvocmp.obj (.text:NVOCMP_changePageState$8)
                  0001bfec    00000030     drivers_cc26x2.a : NVSCC26XX.oem4f (.text:NVSCC26XX_erase)
                  0001c01c    00000030     OneLib.a : gap_scanner.o (.text)
                  0001c04c    00000030              : hci.o (.text)
                  0001c07c    00000030              : ll_ae.o (.text)
                  0001c0ac    00000030              : ll_scheduler.o (.text)
                  0001c0dc    00000030     drivers_cc26x2.a : PINCC26XX.oem4f (.text:PINCC26XX_setMux)
                  0001c10c    00000030                      : PowerCC26X2.oem4f (.text:Power_releaseConstraint)
                  0001c13c    00000030                      : PowerCC26X2.oem4f (.text:Power_setConstraint)
                  0001c16c    00000030     StackWrapper.a : osal_timers.o (.text)
                  0001c19c    00000030                    : rtls_srv.o (.text)
                  0001c1cc    00000030     drivers_cc26x2.a : TRNGCC26XX.oem4f (.text:TRNGCC26XX_fillEntropyPool)
                  0001c1fc    00000030                      : TRNGCC26XX.oem4f (.text:TRNG_generateKey)
                  0001c22c    00000030     rf_multiMode_cc26x2.aem4f : rf_patch_cpe_multi_protocol_rtls.c.cc26x2.ccs.o (.text:applyMultiProtocolRtlsPatch)
                  0001c25c    00000030     rtls_coordinator_app_pem4f.oem4f (.text:ti_sysbios_BIOS_atExitFunc__I)
                  0001c28c    00000030     rtls_coordinator_app_pem4f.oem4f (.text:ti_sysbios_BIOS_startFunc__I)
                  0001c2bc    00000030     rom_sysbios.aem4f : rom_sysbios.obj (.text:ti_sysbios_family_arm_cc26xx_Timer_initDevice__I)
                  0001c2ec    00000030     rtls_coordinator_app_pem4f.oem4f (.text:ti_sysbios_gates_GateMutexPri_Object__create__S)
                  0001c31c    00000030     rtls_coordinator_app_pem4f.oem4f (.text:ti_sysbios_gates_GateMutexPri_create)
                  0001c34c    00000030     rtls_coordinator_app_pem4f.oem4f (.text:ti_sysbios_heaps_HeapCallback_Object__create__S)
                  0001c37c    00000030     rom_sysbios.aem4f : rom_sysbios.obj (.text:ti_sysbios_knl_Clock_getTimeout__E)
                  0001c3ac    0000002e     icall_cc2650.obj (.text:ICallPlatform_pwrDispenseImpl$21)
                  0001c3da    0000002e     icall_cc2650.obj (.text:ICallPlatform_pwrRequireImpl$21)
                  0001c408    0000002e     OneLib.a : gattservapp.o (.text)
                  0001c436    0000002e              : hci.o (.text)
                  0001c464    0000002e     rtls_ctrl.obj (.text:RTLSCtrl_processClAoaEnableEvt)
                  0001c492    0000002c     icall.obj (.text:ICall_msgEnqueue$20)
                  0001c4be    00000002     drivers_cc26x2.a : PKAResourceCC26XX.oem4f (.text:errorSpin)
                  0001c4c0    0000002c     icall.obj (.text:ICall_searchTask$20)
                  0001c4ec    0000002c     drivers_cc26x2.a : NVS.oem4f (.text:NVS_init)
                  0001c518    0000002c     OneLib.a : gatt_task.o (.text)
                  0001c544    0000002c              : ll_ae.o (.text)
                  0001c570    0000002c              : ll_ae.o (.text)
                  0001c59c    0000002c     rf_multiMode_cc26x2.aem4f : RFCC26X2_multiMode.c.cc26x2.ccs.o (.text:RF_executeDirectImmediateCmd)
                  0001c5c8    0000002c     rom_init.obj (.text:ROM_Init)
                  0001c5f4    0000002c     rtls_coordinator.obj (.text:RTLSCoordinator_scanCb$2)
                  0001c620    0000002c     dpl_cc26x2.a : SemaphoreP_tirtos.oem4f (.text:SemaphoreP_constructBinary)
                  0001c64c    0000002c                  : SemaphoreP_tirtos.oem4f (.text:SemaphoreP_createBinary)
                  0001c678    0000002c     StackWrapper.a : hal_assert.o (.text)
                  0001c6a4    0000002c                    : osal_bufmgr.o (.text)
                  0001c6d0    0000002c                    : rtls_srv.o (.text)
                  0001c6fc    0000002c     drivers_cc26x2.a : TRNGCC26XX.oem4f (.text:TRNGCC26XX_stopTrng)
                  0001c728    0000002c     rtls_coordinator_app_pem4f.oem4f (.text:ti_sysbios_gates_GateMutexPri_Handle__label__S)
                  0001c754    0000002c     rtls_coordinator_app_pem4f.oem4f (.text:ti_sysbios_heaps_HeapCallback_Handle__label__S)
[...]
20000fc7  LL_TaskID                                                       
20000fc8  llState                                                         
20000fc9  rssiCorrection                                                  
20000fca  curTxPowerVal                                                   
20000fcb  maxTxPwrForDTM                                                  
20000fcc  onePktPerEvt                                                    
20000fcd  numComplPkts                                                    
20000fce  numComplPktsLimit                                               
20000fcf  numComplPktsFlush                                               
20000fd0  fastTxRespTime                                                  
20000fd1  slOverride                                                      
20000fd2  rxFifoFlowCtrl                                                  
20000fd3  numTxDataBufs                                                   
20000fd4  maxNumConns                                                     
20000fd5  aeCurHandle                                                     
20000fd6  aeCurAdvEnableHandle                                            
20000fd7  aeCurConnHandle                                                 
20000fd8  extScanIndex                                                    
20000fd9  extInitIndex                                                    
20000fda  scanState                                                       
20000fdb  lastPrimPhy                                                     
20000fdc  lastScanRsp                                                     
20000fdd  smTaskID                                                        
20000fde  SM_appExpectingKey                                              
200014e8  termSyncHandle                                                  
200014ec  syncRtlsEvent                                                   
200014f0  rtlsCtrlMsgQueue                                                
200014f4  rtlsCtrlMsg                                                     
20001500  gRtlsData                                                       
2000151c  rtlsTask                                                        
2000156c  rtlsTaskStack                                                   
2000185c  PowerCC26X2_module                                              
200019cc  ROM_stateStruct                                                 
200019cc  ti_sysbios_knl_Clock_Module__state__V                           
200019f8  ti_sysbios_family_arm_cc26xx_TimestampProvider_Module__state__V 
200019fc  xdc_runtime_Startup_Module__state__V                            
20001a04  xdc_runtime_Registry_Module__state__V                           
20001a0c  ti_sysbios_BIOS_Module__state__V                                
20001a30  ti_sysbios_knl_Swi_Module__state__V                             
20001a4c  ti_sysbios_knl_Task_Module__state__V                            
20001a90  xdc_runtime_Memory_Module__state__V                             
20001a94  xdc_runtime_System_Module__state__V                             
20001a9c  ti_sysbios_family_arm_m3_Hwi_Module__state__V                   
20001ad0  ti_sysbios_family_arm_cc26xx_Timer_Module__state__V             
20001ae4  connEventRegCauseBitmap                                         
20001b1c  rcTask                                                          
20001cd8  ICall_enterCriticalSection                                      
20001cdc  ICall_leaveCriticalSection                                      
20001ce0  ICall_dispatcher                                                
20001cf4  heapmgrMemFreeTotal                                             
20001d00  HEAPMGR_SIZE                                                    
20001e08  pOverrides_bleCommon                                            
20001e79  npiAppEntityID                                                  
20001e7c  npiTaskHandle                                                   
20001e80  npiTaskStack                                                    
20001ea4  HostToSSTable                                                   
20001ec4  ICallToSSTable                                                  
20001ee4  llUserConfig                                                    
20001f4a  gAction                                                         
20001f4b  NVOCMP_size                                                     
20001f78  NVOCMP_nvHandle                                                 
20001fa8  txPowerTable_2400_pa5                                           
20001ff8  ti_sysbios_knl_Task_Object__table__V                            
20002044  patchedMasterCtrlPktList                                        
20002048  ti_sysbios_family_arm_cc26xx_Timer_Object__table__V             
20002090  sm_eccKeys_sc_host_debug                                        
200020d0  eccParams_NISTP256                                              
20002110  nvintfFncStruct                                                 
2000214c  gRtlsCtrlProcessMsgCb                                           
20002150  npiPortParams                                                   
20002184  ti_sysbios_gates_GateMutex_Object__table__V                     
200021bc  BOOSTXL_AoA_Config_ArrayA1                                      
200021c8  channelOffset_A1                                                
200021f0  BOOSTXL_AoA_Config_ArrayA2                                      
200021fc  channelOffset_A2                                                
20002224  pair_A1                                                         
20002254  pair_A2                                                         
20002284  ti_sysbios_knl_Swi_Module_State_0_readyQ__A                     
200022b4  ti_sysbios_knl_Swi_Object__table__V                             
200022e4  ti_sysbios_knl_Task_Module_State_0_readyQ__A                    
20002314  _hposcCoeffs                                                    
20002358  ti_sysbios_knl_Clock_Object__table__V                           
20002378  xdc_runtime_Error_IgnoreBlock                                   
20002398  npiBufSize                                                      
200023a0  npiRxBuf                                                        
200023a4  npiTxBuf                                                        
200023ac  taskCBs                                                         
200023b4  ti_sysbios_family_arm_m3_Hwi_Object__table__V                   
200023cc  dispHandle                                                      
200023d0  user0Cfg                                                        
200023f4  rfMode                                                          
20002404  sizeInfo                                                        
20002414  bleAppServiceInfoTable                                          
20002424  pfnBMAlloc                                                      
20002428  pfnBMFree                                                       
2000242c  pRfErrCb                                                        
20002430  lastAppOpcodeIdxSent                                            
20002434  pOverrides_ble2Mbps                                             
20002444  pOverrides_bleCoded                                             
20002454  appCTEAntProp                                                   
20002460  pOverrides_ble1Mbps                                             
2000246c  ti_sysbios_heaps_HeapCallback_Object__table__V                  
20002480  bleUserCfg_maxPduSize                                           
20002484  appAssertCback                                                  
20002488  _lock                                                           
2000248c  _unlock                                                         
20002490  RFCC26XX_schedulerPolicy                                        
20002498  pinUpperBound                                                   
2000249c  pinLowerBound                                                   
200024a0  gAoaCb                                                          
200024b0  ti_sysbios_family_arm_m3_Hwi_Module__root__V                    
200024b8  ti_sysbios_gates_GateHwi_Module__root__V                        
200024c0  ti_sysbios_gates_GateMutexPri_Module__root__V                   
200024c8  ti_sysbios_gates_GateMutex_Module__root__V                      
200024d0  ti_sysbios_hal_Hwi_Module__root__V                              
200024d8  ti_sysbios_heaps_HeapCallback_Module__root__V                   
200024e0  ti_sysbios_heaps_HeapMem_Module__root__V                        
200024e8  ti_sysbios_knl_Clock_Module__root__V                            
200024f0  ti_sysbios_knl_Event_Module__root__V                            
200024f8  ti_sysbios_knl_Mailbox_Module__root__V                          
20002500  ti_sysbios_knl_Queue_Module__root__V                            
20002508  ti_sysbios_knl_Semaphore_Module__root__V                        
20002510  ti_sysbios_knl_Swi_Module__root__V                              
20002518  ti_sysbios_knl_Task_Module__root__V                             
20002520  patchedSlaveCtrlPktList                                         
20002524  halAssertCback                                                  
20002528  icallServiceTblPtr                                              
2000252c  main_func_sp                                                    
20002530  ti_sysbios_family_arm_m3_Hwi_Module_State_0_excContext__A       
20002534  ti_sysbios_family_arm_m3_Hwi_Module_State_0_excStack__A         
20002538  ti_sysbios_knl_Task_Module_State_0_idleTask__A                  
2000253c  syncTerm                                                        
2000253e  disconnectImmedConnId                                           
20002540  llUserConfig_maxPduSize                                         
20002542  baseTaskID                                                      
20002544  CryptoResourceCC26XX_pollingFlag                                
20002546  PKAResourceCC26XX_pollingFlag                                   
2000254a  txcomplete                                                      
2000254b  rxcomplete                                                      
2000254c  ti_sysbios_family_arm_m3_Hwi_Module_State_0_excActive__A        
2000254e  GATTServApp_gatt_no_service_changed                             
2000254f  qosDefaultPriorityConnParameter                                 
20002550  extScanChanMap                                                  
20002551  sizeOfAllExtConnParam                                           
20002552  rfRatHandle                                                     
20002553  smAllowDebugKeysMode                                            
20002554  gapEndAppTaskID                                                 
20002555  gapAppTaskID                                                    
20002556  legacyMode                                                      
20002560  maxNumClCteBufs                                                 
20002568  llPeriodicScan                                                  
20002a00  rcTaskStack                                                     
20002e00  ti_sysbios_knl_Task_Instance_State_0_stack__A                   
20003100  uartCC26XXObjects                                               
200032bc  trngCC26XXObjects                                               
200033c4  ti_sysbios_family_arm_m3_Hwi_dispatchTable                      
2000349c  aesctrdrbgXXObjects                                             
2000354c  extScanReportState                                              
2000366c  pinHandleTable                                                  
200036e8  cbTimers                                                        
200037b0  CryptoResourceCC26XX_accessSemaphore                            
20003800  CryptoResourceCC26XX_operationSemaphore                         
20003850  PKAResourceCC26XX_accessSemaphore                               
200038a0  PKAResourceCC26XX_operationSemaphore                            
200038f0  nvFptrs                                                         
20003968  aesctrCC26XXObjects                                             
20003998  aesecbCC26XXObjects                                             
200039c8  llCteSamples                                                    
200039ec  req                                                             
20003a0c  gapBond_remoteOobData                                           
20003a2c  gapBond_localOobData                                            
20003a8c  ecdhCC26X2Objects                                               
20003b00  CryptoResourceCC26XX_hwi                                        
20003b1c  PKAResourceCC26XX_hwi                                           
20003b38  llCoex                                                          
20003b50  aesccmCC26XXObjects                                             
20003b90  llCteTest                                                       
20003b9c  cteAntennaProp                                                  
20003ba8  llTaskList                                                      
20003bc0  displayUartObject                                               
20003bcc  secondaryAdvChannelMap                                          
20003bd4  llRfCmdPreemption                                               
20003bdc  gExtEvtState                                                    
20003be4  gExtCLEvtState                                                  
20003bec  BDAddrPerConnHandle                                             
20003bf0  llCte                                                           
20003bf4  extStackSettings                                                
20003bf8  llConnExtParam                                                  
20003bfc  trngHandle                                                      
20003c00  LSTORecoveryArr                                                 
20003c04  pNextAdvSet                                                     
20003c08  llCurrentMappedChan                                             
20003c0c  drbgHandle                                                      
20003c10  pRpaCfg                                                         
20003c14  gapBond_lruBondList                                             
20003c18  gapBondStateNodeHead                                            
20003c1c  osal_syncHandle                                                 
20003c20  osal_tickperiod                                                 
20003c24  osal_max_msecs                                                  
20003c28  osal_icallMsg_hook                                              
20003c2c  osal_qHead                                                      
20003c30  osal_eventloop_hook                                             
20003c3c  OSAL_timeSeconds                                                
20003c40  timerHead                                                       
20003c48  osal_last_timestamp                                             
20003c4c  gAppCB                                                          
20003c50  gPinHandle                                                      
20003c54  gClNumAnt                                                       
20003c60  PowerCC26XX_swiKey                                              
20003c64  PowerCC26XX_taskKey                                             
20003c68  nvsCC26XXObjects                                                
20003c6c  tasksEvents                                                     
20003c70  maximumPduSize                                                  
20003c72  extScanNumMissed                                                
20003c76  pwrmgr_attribute                                                
20003c78  GATTServApp_att_delayed_req                                     
20003c79  hciTaskID                                                       
20003c7a  hciL2capTaskID                                                  
20003c7b  hciGapTaskID                                                    
20003c7c  hciSmpTaskID                                                    
20003c7d  hciTestTaskID                                                   
20003c7e  hciVsEvtMask                                                    
20003c7f  maxNumCteDataBufs                                               
20003c80  scanReqRpt                                                      
20003c81  secondaryAdvChannelMapPopCount                                  
20003c82  qosDefaultPriorityAdvParameter                                  
20003c83  qosDefaultPriorityPerScnParameter                               
20003c84  qosDefaultPriorityInitParameter                                 
20003c85  qosDefaultPriorityScnParameter                                  
20003c86  numActiveAdvSets                                                
20003c87  lastScanAdvSid                                                  
20003c88  extScanPriority                                                 
20003c89  wlSize                                                          
20003c8a  rlSize                                                          
20003c8b  decryptResult                                                   
20003c8c  llUnhandleNextIntFlag                                           
20003c8d  smAuthenPairingOnlyMode                                         
20003c8e  icall_liteTaskId                                                
20003c8f  gapBond_removeLRUBond                                           
20003c90  gapBond_syncRL                                                  
20003c91  assertSubcause                                                  
20003c92  osal_entity                                                     
20003c93  pwrmgr_initialized                                              
20003c94  gNumAnt                                                         
20003c96  driverlib_release_0_60278                                       
20003c97  heapStart                                                       
20013c00  __stack                                                         
20013c00  heapEnd                                                         
20014000  __STACK_END                                                     
20014000  __STACK_TOP                                                     
20014000  __UNUSED_SRAM_end__                                             
e000e000  ti_sysbios_family_arm_m3_Hwi_nvic                               
ffffffff  __TI_pprof_out_hndl                                             
ffffffff  __TI_prof_data_size                                             
ffffffff  __TI_prof_data_start                                            
ffffffff  __binit__                                                       
ffffffff  __c_args__                                                      
ffffffff  binit                                                           
UNDEFED   ITM_flush                                                       
UNDEFED   ITM_restore                                                     
UNDEFED   SHT$$INIT_ARRAY$$Base                                           
UNDEFED   SHT$$INIT_ARRAY$$Limit                                          

[3121 symbols]
