******************************************************************************
                  TI ARM Linker PC v20.2.5                     
******************************************************************************
>> Linked Tue Sep 28 14:12:38 2021

OUTPUT FILE NAME:   <rtls_slave_CC1352R1_LAUNCHXL_tirtos_ccs.out>
ENTRY POINT SYMBOL: "ResetISR"  address: 00014799


MEMORY CONFIGURATION

         name            origin    length      used     unused   attr    fill
----------------------  --------  ---------  --------  --------  ----  --------
  FLASH                 00000000   00056000  000216e0  00034920  R  X
  FLASH_LAST_PAGE       00056000   00002000  00000058  00001fa8  R  X
  RTOS_SRAM             20000000   0000012c  000000e4  00000048  RW X
  SRAM                  20000fdf   00013021  0000297e  000106a3  RW X


SEGMENT ALLOCATION MAP

run origin  load origin   length   init length attrs members
----------  ----------- ---------- ----------- ----- -------
00000000    00000000    0001d6e0   0001d6e0    r-x
  00000000    00000000    0000003c   0000003c    r-- .resetVecs
  0000003c    0000003c    00019e74   00019e74    r-x .text
  00019eb0    00019eb0    00003290   00003290    r-- .const
  0001d140    0001d140    00000128   00000128    r-- .rodata
  0001d268    0001d268    00000478   00000478    r-- .cinit
00048000    00048000    00004000   00000000    rw-
  00048000    00048000    00004000   00000000    rw- .TI.bound:flashBuf0
00057fa8    00057fa8    00000058   00000058    r--
  00057fa8    00057fa8    00000058   00000058    r-- .ccfg
20000100    20000100    0000000c   00000000    rw-
  20000100    20000100    00000004   00000000    rw- .data:xdcRomConstPtr
  20000104    20000104    00000004   00000000    rw- .data:xdcRomExternFuncPtr
  20000108    20000108    00000004   00000000    rw- .data:xdcRomStatePtr
20000fe0    20000fe0    0000257e   00000000    rw-
  20000fe0    20000fe0    00001382   00000000    rw- .data
  20002368    20002368    000011f6   00000000    rw- .bss
20013c00    20013c00    00000400   00000000    rw-
  20013c00    20013c00    00000400   00000000    rw- .stack


SECTION ALLOCATION MAP

 output                                  attributes/
section   page    origin      length       input sections
--------  ----  ----------  ----------   ----------------
.cinit     0    0001d268    00000478     
                  0001d268    00000421     (.cinit..data.load) [load image, compression = lzss]
                  0001d689    00000003     --HOLE-- [fill = 0]
                  0001d68c    0000000c     (__TI_handler_table)
                  0001d698    00000008     (.cinit..bss.load) [load image, compression = zero_init]
                  0001d6a0    00000008     (.cinit..data:xdcRomConstPtr.load) [load image, compression = lzss]
                  0001d6a8    00000008     (.cinit..data:xdcRomExternFuncPtr.load) [load image, compression = lzss]
                  0001d6b0    00000008     (.cinit..data:xdcRomStatePtr.load) [load image, compression = lzss]
                  0001d6b8    00000028     (__TI_cinit_table)

.init_array 
*          0    00000000    00000000     UNINITIALIZED

.ccfg      0    00057fa8    00000058     
                  00057fa8    00000058     ti_devices_config.obj (.ccfg:retain)

.data:xdcRomConstPtr 
*          0    20000100    00000004     UNINITIALIZED
                  20000100    00000004     rtls_slave_app_pem4f.oem4f (.data:xdcRomConstPtr)

.data:xdcRomExternFuncPtr 
*          0    20000104    00000004     UNINITIALIZED
                  20000104    00000004     rtls_slave_app_pem4f.oem4f (.data:xdcRomExternFuncPtr)

.data:xdcRomStatePtr 
*          0    20000108    00000004     UNINITIALIZED
                  20000108    00000004     rtls_slave_app_pem4f.oem4f (.data:xdcRomStatePtr)

.data      0    20000fe0    00001382     UNINITIALIZED
                  20000fe0    000004f8     rf_multiMode_cc13x2.aem4f : RFCC26X2_multiMode.c.cc13x2.ccs.o (.data:$O1$$)
                  200014d8    00000374     rtls_ctrl.obj (.data:$O7$$)
                  2000184c    00000170     drivers_cc13x2.a : PowerCC26X2.oem4f (.data:PowerCC26X2_module)
                  200019bc    0000010c     rtls_slave_app_pem4f.oem4f (.data:ROM_stateStruct)
                  20001ac8    000000f4     StackWrapper.a : gapbondmgr.o (.data)
                  20001bbc    000000ac     rtls_slave.obj (.data:$O1$$)
                  20001c68    000000a8     icall.obj (.data:$O8$$)
                  20001d10    00000070     ti_radio_config.obj (.data:pOverrides_bleCommon)
                  20001d80    00000064     OneLib.a : ll_config.o (.data)
                  20001de4    00000060     nvocmp.obj (.data:$O6$$)
                  20001e44    00000050     ti_radio_config.obj (.data:txPowerTable_2400_pa5)
                  20001e94    0000004c     rtls_slave_app_pem4f.oem4f (.data:ti_sysbios_knl_Task_Object__table__V)
                  20001ee0    00000048     rtls_slave_app_pem4f.oem4f (.data:ti_sysbios_family_arm_cc26xx_Timer_Object__table__V)
                  20001f28    00000040     ble_user_config.obj (.data:eccParams_NISTP256)
                  20001f68    0000003c     icall_user_config.obj (.data:nvintfFncStruct)
                  20001fa4    00000038     rtls_slave_app_pem4f.oem4f (.data:ti_sysbios_gates_GateMutex_Object__table__V)
                  20001fdc    00000034     ant_array1_config_boostxl_rev1v1.obj (.data:$O4$$)
                  20002010    00000034     ant_array2_config_boostxl_rev1v1.obj (.data:$O5$$)
                  20002044    00000030     ant_array1_config_boostxl_rev1v1.obj (.data:pair_A1)
                  20002074    00000030     ant_array2_config_boostxl_rev1v1.obj (.data:pair_A2)
                  200020a4    00000030     rtls_slave_app_pem4f.oem4f (.data:ti_sysbios_knl_Swi_Module_State_0_readyQ__A)
                  200020d4    00000030     rtls_slave_app_pem4f.oem4f (.data:ti_sysbios_knl_Swi_Object__table__V)
                  20002104    00000030     rtls_slave_app_pem4f.oem4f (.data:ti_sysbios_knl_Task_Module_State_0_readyQ__A)
                  20002134    00000024     driverlib.lib : osc.obj (.data:$O12$$)
                  20002158    00000020     drivers_cc13x2.a : TRNGCC26XX.oem4f (.data:entropyPoolBuffer)
                  20002178    00000020     rtls_slave_app_pem4f.oem4f (.data:ti_sysbios_knl_Clock_Object__table__V)
                  20002198    00000020     rtls_slave_app_pem4f.oem4f (.data:xdc_runtime_Error_IgnoreBlock)
                  200021b8    00000018     rtls_slave_app_pem4f.oem4f (.data:ti_sysbios_family_arm_m3_Hwi_Object__table__V)
                  200021d0    00000014     StackWrapper.a : osal.o (.data)
                  200021e4    00000010     OneLib.a : ll.o (.data)
                  200021f4    00000010              : ll_data.o (.data)
                  20002204    00000010     icall_user_config.obj (.data:bleAppServiceInfoTable)
                  20002214    00000010     rtls_ctrl_aoa.obj (.data:gAoaCb)
                  20002224    00000010     icall_api_lite.obj (.data)
                  20002234    00000010     ti_radio_config.obj (.data:pOverrides_ble2Mbps)
                  20002244    00000010     ti_radio_config.obj (.data:pOverrides_bleCoded)
                  20002254    00000010     main.obj (.data:user0Cfg)
                  20002264    0000000c     ble_user_config.obj (.data:appCTEAntProp)
                  20002270    0000000c     ti_radio_config.obj (.data:pOverrides_ble1Mbps)
                  2000227c    0000000c     rtls_slave_app_pem4f.oem4f (.data:ti_sysbios_heaps_HeapCallback_Object__table__V)
                  20002288    00000008     icall_cc2650.obj (.data:$O10$$)
                  20002290    00000008     ble_user_config.obj (.data:$O11$$)
                  20002298    00000008     rtsv7M4_T_le_v4SPD16_eabi.lib : _lock.c.obj (.data:$O15$$)
                  200022a0    00000008     rf_multiMode_cc13x2.aem4f : RFCC26X2_multiMode.c.cc13x2.ccs.o (.data:RFCC26XX_schedulerPolicy)
                  200022a8    00000008     drivers_cc13x2.a : PINCC26XX.oem4f (.data)
                  200022b0    00000008                      : TRNGCC26XX.oem4f (.data:jobList)
                  200022b8    00000008     rtls_slave_app_pem4f.oem4f (.data:ti_sysbios_family_arm_m3_Hwi_Module__root__V)
                  200022c0    00000008     rtls_slave_app_pem4f.oem4f (.data:ti_sysbios_gates_GateHwi_Module__root__V)
                  200022c8    00000008     rtls_slave_app_pem4f.oem4f (.data:ti_sysbios_gates_GateMutexPri_Module__root__V)
                  200022d0    00000008     rtls_slave_app_pem4f.oem4f (.data:ti_sysbios_gates_GateMutex_Module__root__V)
                  200022d8    00000008     rtls_slave_app_pem4f.oem4f (.data:ti_sysbios_hal_Hwi_Module__root__V)
                  200022e0    00000008     rtls_slave_app_pem4f.oem4f (.data:ti_sysbios_heaps_HeapCallback_Module__root__V)
                  200022e8    00000008     rtls_slave_app_pem4f.oem4f (.data:ti_sysbios_heaps_HeapMem_Module__root__V)
                  200022f0    00000008     rtls_slave_app_pem4f.oem4f (.data:ti_sysbios_knl_Clock_Module__root__V)
                  200022f8    00000008     rtls_slave_app_pem4f.oem4f (.data:ti_sysbios_knl_Event_Module__root__V)
                  20002300    00000008     rtls_slave_app_pem4f.oem4f (.data:ti_sysbios_knl_Mailbox_Module__root__V)
                  20002308    00000008     rtls_slave_app_pem4f.oem4f (.data:ti_sysbios_knl_Queue_Module__root__V)
                  20002310    00000008     rtls_slave_app_pem4f.oem4f (.data:ti_sysbios_knl_Semaphore_Module__root__V)
                  20002318    00000008     rtls_slave_app_pem4f.oem4f (.data:ti_sysbios_knl_Swi_Module__root__V)
                  20002320    00000008     rtls_slave_app_pem4f.oem4f (.data:ti_sysbios_knl_Task_Module__root__V)
                  20002328    00000004     OneLib.a : ll_slave_end_causes.o (.data)
                  2000232c    00000004     StackWrapper.a : hal_assert.o (.data)
                  20002330    00000004     ble_user_config_stack.obj (.data)
                  20002334    00000004     rtsv7M4_T_le_v4SPD16_eabi.lib : stkdepth_vars.c.obj (.data)
                  20002338    00000004     rtls_slave_app_pem4f.oem4f (.data:ti_sysbios_family_arm_m3_Hwi_Module_State_0_excContext__A)
                  2000233c    00000004     rtls_slave_app_pem4f.oem4f (.data:ti_sysbios_family_arm_m3_Hwi_Module_State_0_excStack__A)
                  20002340    00000004     rtls_slave_app_pem4f.oem4f (.data:ti_sysbios_knl_Task_Module_State_0_idleTask__A)
                  20002344    00000002     OneLib.a : gap_scanner.o (.data)
                  20002346    00000002              : ll_config.o (.data)
                  20002348    00000002     StackWrapper.a : osal_cbtimer.o (.data)
                  2000234a    00000002     drivers_cc13x2.a : CryptoResourceCC26XX.oem4f (.data)
                  2000234c    00000002                      : PKAResourceCC26XX.oem4f (.data)
                  2000234e    00000002                      : TRNGCC26XX.oem4f (.data)
                  20002350    00000002     rtls_slave_app_pem4f.oem4f (.data:ti_sysbios_family_arm_m3_Hwi_Module_State_0_excActive__A)
                  20002352    00000001     OneLib.a : gattservapp.o (.data)
                  20002353    00000001              : ll.o (.data)
                  20002354    00000001              : ll_ae.o (.data)
                  20002355    00000001              : ll_data.o (.data)
                  20002356    00000001              : ll_scheduler.o (.data)
                  20002357    00000001     StackWrapper.a : gap.o (.data)
                  20002358    00000001                    : gap.o (.data)
                  20002359    00000001                    : hal_assert.o (.data)
                  2000235a    00000001     drivers_cc13x2.a : AESCCMCC26XX.oem4f (.data)
                  2000235b    00000001                      : AESCTRCC26XX.oem4f (.data)
                  2000235c    00000001                      : AESCTRDRBGXX.oem4f (.data)
                  2000235d    00000001                      : AESECBCC26XX.oem4f (.data)
                  2000235e    00000001                      : ECDHCC26X2.oem4f (.data)
                  2000235f    00000001                      : NVS.oem4f (.data)
                  20002360    00000001                      : UART.oem4f (.data)
                  20002361    00000001     rf_multiMode_cc13x2.aem4f : rf_patch_cpe_multi_protocol_rtls.c.cc13x2.ccs.o (.data)

.bss       0    20002368    000011f6     UNINITIALIZED
                  20002368    00000400     (.common:rsTaskStack)
                  20002768    00000300     rtls_slave_app_pem4f.oem4f (.bss:taskStackSection)
                  20002a68    000001b4     (.common:uartCC26XXObjects)
                  20002c1c    00000100     (.common:trngCC26XXObjects)
                  20002d1c    000000d8     (.common:ti_sysbios_family_arm_m3_Hwi_dispatchTable)
                  20002df4    000000b0     (.common:aesctrdrbgXXObjects)
                  20002ea4    00000080     ti_drivers_config.obj (.bss:displayUARTBuffer)
                  20002f24    0000007c     (.common:pinHandleTable)
                  20002fa0    00000078     StackWrapper.a : osal_cbtimer.o (.bss)
                  20003018    00000050     drivers_cc13x2.a : PINCC26XX.oem4f (.bss:pinSemaphore)
                  20003068    00000050     (.common:CryptoResourceCC26XX_accessSemaphore)
                  200030b8    00000050     (.common:CryptoResourceCC26XX_operationSemaphore)
                  20003108    00000050     (.common:PKAResourceCC26XX_accessSemaphore)
                  20003158    00000050     (.common:PKAResourceCC26XX_operationSemaphore)
                  200031a8    0000003c     StackWrapper.a : osal_snv_wrapper.o (.bss)
                  200031e4    00000034     drivers_cc13x2.a : PINCC26XX.oem4f (.bss:pinSwi)
                  20003218    00000030     (.common:aesctrCC26XXObjects)
                  20003248    00000030     (.common:aesecbCC26XXObjects)
                  20003278    00000024     OneLib.a : ll.o (.bss)
                  2000329c    00000020              : gattservapp.o (.bss)
                  200032bc    00000020     StackWrapper.a : gapbondmgr.o (.bss)
                  200032dc    00000020                    : gapbondmgr.o (.bss)
                  200032fc    00000020     drivers_cc13x2.a : PINCC26XX.oem4f (.bss:pinGpioConfigTable)
                  2000331c    00000020     ti_drivers_config.obj (.bss:uartCC26XXRingBuffer0)
                  2000333c    00000020     (.common:ecdhCC26X2Objects)
                  2000335c    0000001c     OneLib.a : ll_ae.o (.bss)
                  20003378    0000001c     drivers_cc13x2.a : TRNGCC26XX.oem4f (.bss:TRNGCC26XX_hwi)
                  20003394    0000001c                      : TRNGCC26XX.oem4f (.bss:entropyPool)
                  200033b0    0000001c                      : PINCC26XX.oem4f (.bss:pinHwi)
                  200033cc    0000001c     (.common:CryptoResourceCC26XX_hwi)
                  200033e8    0000001c     (.common:PKAResourceCC26XX_hwi)
                  20003404    00000018     OneLib.a : ll_common.o (.bss)
                  2000341c    00000018     (.common:aesccmCC26XXObjects)
                  20003434    00000014     rf_multiMode_cc13x2.aem4f : RFCC26X2_multiMode.c.cc13x2.ccs.o (.bss:RF_ratSyncCmd)
                  20003448    00000014     drivers_cc13x2.a : Random.oem4f (.bss:state)
                  2000345c    00000010     util.obj (.bss:str$1$3)
                  2000346c    0000000c     OneLib.a : ll.o (.bss)
                  20003478    0000000c              : ll.o (.bss)
                  20003484    0000000c              : ll_scheduler.o (.bss)
                  20003490    0000000c     drivers_cc13x2.a : NVSCC26XX.oem4f (.bss)
                  2000349c    0000000c     (.common:displayUartObject)
                  200034a8    00000008     OneLib.a : ll.o (.bss)
                  200034b0    00000008     StackWrapper.a : rtls_srv.o (.bss)
                  200034b8    00000008                    : rtls_srv.o (.bss)
                  200034c0    00000004     OneLib.a : gattservapp.o (.bss)
                  200034c4    00000004              : ll.o (.bss)
                  200034c8    00000004              : ll.o (.bss)
                  200034cc    00000004              : ll.o (.bss)
                  200034d0    00000004              : ll.o (.bss)
                  200034d4    00000004              : ll.o (.bss)
                  200034d8    00000004              : ll_ae.o (.bss)
                  200034dc    00000004              : ll_common.o (.bss)
                  200034e0    00000004              : ll_enc.o (.bss)
                  200034e4    00000004              : ll_privacy.o (.bss)
                  200034e8    00000004     StackWrapper.a : gapbondmgr.o (.bss)
                  200034ec    00000004                    : gapbondmgr.o (.bss)
                  200034f0    00000004                    : osal.o (.bss)
                  200034f4    00000004                    : osal.o (.bss)
                  200034f8    00000004                    : osal.o (.bss)
                  200034fc    00000004                    : osal.o (.bss)
                  20003500    00000004                    : osal.o (.bss)
                  20003504    00000004                    : osal.o (.bss)
                  20003508    00000004                    : osal_bufmgr.o (.bss)
                  2000350c    00000004                    : osal_clock.o (.bss)
                  20003510    00000004                    : osal_clock.o (.bss)
                  20003514    00000004                    : osal_timers.o (.bss)
                  20003518    00000004                    : osal_timers.o (.bss)
                  2000351c    00000004                    : osal_timers.o (.bss)
                  20003520    00000004                    : rtls_srv.o (.bss)
                  20003524    00000004                    : rtls_srv.o (.bss)
                  20003528    00000004     drivers_cc13x2.a : ECDHCC26X2.oem4f (.bss)
                  2000352c    00000004                      : PINCC26XX.oem4f (.bss)
                  20003530    00000004     (.common:PowerCC26XX_swiKey)
                  20003534    00000004     (.common:PowerCC26XX_taskKey)
                  20003538    00000004     (.common:nvsCC26XXObjects)
                  2000353c    00000004     (.common:tasksEvents)
                  20003540    00000002     OneLib.a : ll.o (.bss)
                  20003542    00000002              : ll_slave_end_causes.o (.bss)
                  20003544    00000002     StackWrapper.a : osal_pwrmgr.o (.bss)
                  20003546    00000001     OneLib.a : gattservapp.o (.bss)
                  20003547    00000001              : hci_tl.o (.bss)
                  20003548    00000001              : hci_tl.o (.bss)
                  20003549    00000001              : hci_tl.o (.bss)
                  2000354a    00000001              : hci_tl.o (.bss)
                  2000354b    00000001              : hci_tl.o (.bss)
                  2000354c    00000001              : hci_tl.o (.bss)
                  2000354d    00000001              : ll.o (.bss)
                  2000354e    00000001              : ll.o (.bss)
                  2000354f    00000001              : ll.o (.bss)
                  20003550    00000001              : ll_ae.o (.bss)
                  20003551    00000001              : ll_config.o (.bss)
                  20003552    00000001              : ll_config.o (.bss)
                  20003553    00000001              : ll_enc.o (.bss)
                  20003554    00000001              : sm_task.o (.bss)
                  20003555    00000001     StackWrapper.a : ble_dispatch_lite.o (.bss)
                  20003556    00000001                    : gapbondmgr.o (.bss)
                  20003557    00000001                    : gapbondmgr.o (.bss)
                  20003558    00000001                    : hal_assert.o (.bss)
                  20003559    00000001                    : osal.o (.bss)
                  2000355a    00000001                    : osal_pwrmgr.o (.bss)
                  2000355b    00000001                    : rtls_srv.o (.bss)
                  2000355c    00000001     rf_multiMode_cc13x2.aem4f : RFCC26X2_multiMode.c.cc13x2.ccs.o (.bss)
                  2000355d    00000001     (.common:driverlib_release_0_59848)

.vtable    0    2000355e    00000000     UNINITIALIZED

.vtable_ram 
*          0    2000355e    00000000     UNINITIALIZED

vtable_ram 
*          0    2000355e    00000000     UNINITIALIZED

.sysmem    0    2000355e    00000000     UNINITIALIZED

.nonretenvar 
*          0    2000355e    00000000     UNINITIALIZED

.stack     0    20013c00    00000400     UNINITIALIZED
                  20013c00    00000400     --HOLE--

.bootVecs 
*          0    00000000    00000008     DSECT
                  00000000    00000008     boot.aem4f : boot.oem4f (.bootVecs)

.resetVecs 
*          0    00000000    0000003c     
                  00000000    0000003c     rtls_slave_app_pem4f.oem4f (.resetVecs)

.vecs      0    20000000    000000d8     NOLOAD SECTION
                  20000000    000000d8     rtls_slave_app_pem4f.oem4f (.vecs)

xdc.meta   0    00000000    0000011f     COPY SECTION
                  00000000    0000011f     rtls_slave_app_pem4f.oem4f (xdc.meta)

xdc.noload 
*          0    00000000    00000000     COPY SECTION

.TI.bound:flashBuf0 
*          0    00048000    00004000     UNINITIALIZED
                  00048000    00004000     ti_drivers_config.obj (.TI.bound:flashBuf0)

.text      0    0000003c    00019e74     
                  0000003c    000009dc     StackWrapper.a : gapbondmgr.o (.text)
                  00000a18    00000758                    : gapbondmgr.o (.text)
                  00001170    000006bc     OneLib.a : ll_adv_end_causes.o (.text)
                  0000182c    00000630     rtls_slave.obj (.text:RTLSSlave_taskFxn$2)
                  00001e5c    000004ec     OneLib.a : ll_ae.o (.text)
                  00002348    000004b0     rf_multiMode_cc13x2.aem4f : RFCC26X2_multiMode.c.cc13x2.ccs.o (.text:RF_fsmActiveState)
                  000027f8    0000047c     OneLib.a : ll_slave_end_causes.o (.text)
                  00002c74    00000474              : ll.o (.text)
                  000030e8    00000460              : ll_isr.o (.text)
                  00003548    000003c4              : ble.o (.text)
                  0000390c    000003b8     rtls_slave.obj (.text:RTLSSlave_processGapMessage$2)
                  00003cc4    000003b4     OneLib.a : ll_isr.o (.text)
                  00004078    000003a4              : ll_scheduler.o (.text)
                  0000441c    0000039e     rtls_ctrl.obj (.text:RTLSCtrl_processHostMessage)
                  000047ba    00000002     ti_drivers_config.obj (.text:Board_initHook)
                  000047bc    00000390     OneLib.a : ll_slave_end_causes.o (.text)
                  00004b4c    00000340              : ll_ae.o (.text)
                  00004e8c    0000033c              : ll_common.o (.text)
                  000051c8    00000324              : ll_scheduler.o (.text)
                  000054ec    00000318              : ll.o (.text)
                  00005804    000002d8              : ll_ae.o (.text)
                  00005adc    000002a8              : hci_event.o (.text)
                  00005d84    00000298     StackWrapper.a : gapbondmgr.o (.text)
                  0000601c    00000284     OneLib.a : hci_event.o (.text)
                  000062a0    0000025c     nvocmp.obj (.text:NVOCMP_addItem$8)
                  000064fc    0000025c     OneLib.a : ll_isr.o (.text)
                  00006758    0000025c     StackWrapper.a : gapbondmgr.o (.text)
                  000069b4    00000254     OneLib.a : ll_data.o (.text)
                  00006c08    00000228              : ll_isr.o (.text)
                  00006e30    00000220              : ll_ae.o (.text)
                  00007050    0000021c              : ll_common.o (.text)
                  0000726c    00000218     drivers_cc13x2.a : ECDHCC26X2.oem4f (.text:ECDHCC26X2_runFSM)
                  00007484    00000218     nvocmp.obj (.text:NVOCMP_initNv$8)
                  0000769c    00000210     rf_multiMode_cc13x2.aem4f : RFCC26X2_multiMode.c.cc13x2.ccs.o (.text:RF_scheduleCmd)
                  000078ac    00000204     OneLib.a : gattservapp.o (.text)
                  00007ab0    00000204              : hci_event.o (.text)
                  00007cb4    00000200     rf_multiMode_cc13x2.aem4f : RFCC26X2_multiMode.c.cc13x2.ccs.o (.text:RF_open)
                  00007eb4    000001e8     osal_icall_ble.obj (.text:stack_main)
                  0000809c    000001e6     OneLib.a : hci_event.o (.text)
                  00008282    00000002     ble_user_config.obj (.text:DefaultAssertCback)
                  00008284    000001e4     OneLib.a : ll_ae.o (.text)
                  00008468    000001e4              : ll_ae.o (.text)
                  0000864c    000001e0     drivers_cc13x2.a : PINCC26XX.oem4f (.text:PIN_init)
                  0000882c    000001dc     StackWrapper.a : osal.o (.text)
                  00008a08    000001d4     rf_multiMode_cc13x2.aem4f : RFCC26X2_multiMode.c.cc13x2.ccs.o (.text:RF_dispatchNextCmd)
                  00008bdc    000001d0     OneLib.a : ll.o (.text)
                  00008dac    000001bc     main.obj (.text:AssertHandler)
                  00008f68    00000198     drivers_cc13x2.a : PowerCC26X2.oem4f (.text:Power_sleep)
                  00009100    00000192     OneLib.a : ll_common.o (.text)
                  00009292    00000002     display.a : DisplayUart.oem4f (.text:DisplayUartAnsi_init)
                  00009294    00000190     drivers_cc13x2.a : PowerCC26X2_calibrateRCOSC.oem4f (.text:calibrateRcoscHf1)
                  00009424    00000190     icall.obj (.text:icall_directAPI)
                  000095b4    0000018c     OneLib.a : ll_scheduler.o (.text)
                  00009740    0000018c     drivers_cc13x2.a : PowerCC26X2_calibrateRCOSC.oem4f (.text:runCalibrateFsm)
                  000098cc    00000188     nvocmp.obj (.text:NVOCMP_compact$8)
                  00009a54    00000180     OneLib.a : ll_isr.o (.text)
                  00009bd4    0000017c              : hci_event.o (.text)
                  00009d50    0000017c              : ll_ae.o (.text)
                  00009ecc    00000174              : gattservapp.o (.text)
                  0000a040    00000174     drivers_cc13x2.a : PowerCC26X2.oem4f (.text:Power_init)
                  0000a1b4    00000164                      : UARTCC26XX.oem4f (.text:UARTCC26XX_open)
                  0000a318    00000162     StackWrapper.a : osal.o (.text)
                  0000a47a    00000002     rom_init.obj (.text:MAP_llClearPeriodicScanSets)
                  0000a47c    00000160     OneLib.a : ll_ae.o (.text)
                  0000a5dc    00000160     StackWrapper.a : rtls_srv.o (.text)
                  0000a73c    00000158     driverlib.lib : sys_ctrl.obj (.text:NOROM_SysCtrlStandby)
                  0000a894    00000154     rf_multiMode_cc13x2.aem4f : RFCC26X2_multiMode.c.cc13x2.ccs.o (.text:RF_radioOpDoneCb)
                  0000a9e8    00000154     drivers_cc13x2.a : UARTCC26XX.oem4f (.text:UARTCC26XX_hwiIntFxn)
                  0000ab3c    00000154     main.obj (.text:main)
                  0000ac90    0000014c     OneLib.a : ll_common.o (.text)
                  0000addc    0000014c              : ll_isr.o (.text)
                  0000af28    00000148              : ll_ae.o (.text)
                  0000b070    00000148     rf_multiMode_cc13x2.aem4f : RFCC26X2_multiMode.c.cc13x2.ccs.o (.text:RF_fsmSetupState)
                  0000b1b8    00000144     StackWrapper.a : gap.o (.text)
                  0000b2fc    00000140     drivers_cc13x2.a : AESCCMCC26XX.oem4f (.text:AESCCM_startOperation)
                  0000b43c    00000140     OneLib.a : gattservapp.o (.text)
                  0000b57c    0000013c     rf_multiMode_cc13x2.aem4f : RFCC26X2_multiMode.c.cc13x2.ccs.o (.text:RF_ratSetupChannel)
                  0000b6b8    0000013a     drivers_cc13x2.a : UARTCC26XX.oem4f (.text:UARTCC26XX_read)
                  0000b7f2    00000002     rom_init.obj (.text:MAP_llDmmDynamicFree)
                  0000b7f4    00000138     drivers_cc13x2.a : ECDHCC26X2.oem4f (.text:ECDH_computeSharedSecret)
                  0000b92c    00000138                      : NVSCC26XX.oem4f (.text:NVSCC26XX_write)
                  0000ba64    00000138     rf_multiMode_cc13x2.aem4f : RFCC26X2_multiMode.c.cc13x2.ccs.o (.text:RF_abortCmd)
                  0000bb9c    00000128     OneLib.a : gap_task.o (.text)
                  0000bcc4    00000124              : ll_common.o (.text)
                  0000bde8    00000120     nvocmp.obj (.text:NVOCMP_compactPage$8)
                  0000bf08    00000120     OneLib.a : ll_common.o (.text)
                  0000c028    00000120              : ll_data.o (.text)
                  0000c148    00000120     drivers_cc13x2.a : PowerCC26X2.oem4f (.text:configureXOSCHF)
                  0000c268    0000011c     OneLib.a : ll_ae.o (.text)
                  0000c384    0000011c              : ll_ae.o (.text)
                  0000c4a0    00000114              : ll_common.o (.text)
                  0000c5b4    00000114     drivers_cc13x2.a : PINCC26XX.oem4f (.text:PINCC26XX_setIoCfg)
                  0000c6c8    00000114     StackWrapper.a : rtls_srv.o (.text)
                  0000c7dc    00000112     rf_multiMode_cc13x2.aem4f : RFCC26X2_multiMode.c.cc13x2.ccs.o (.text:RF_decodeOverridePointers)
                  0000c8ee    0000010c     OneLib.a : gatt_client.o (.text)
                  0000c9fa    00000002     rom_init.obj (.text:MAP_llDmmSetThreshold)
                  0000c9fc    0000010c     OneLib.a : ll_ae.o (.text)
                  0000cb08    0000010c              : ll_isr.o (.text)
                  0000cc14    00000106     rtls_slave_app_pem4f.oem4f (.text:xdc_runtime_System_printfExtend__I)
                  0000cd1a    00000002     rom_init.obj (.text:MAP_llEndPeriodicScanTask)
                  0000cd1c    00000104     drivers_cc13x2.a : AESECBCC26XX.oem4f (.text:AESECB_startOperation)
                  0000ce20    00000104     rf_multiMode_cc13x2.aem4f : RFCC26X2_multiMode.c.cc13x2.ccs.o (.text:RF_hwiCpe0Active)
                  0000cf24    00000100     nvocmp.obj (.text:NVOCMP_findItem$8)
                  0000d024    00000100     StackWrapper.a : rtls_srv.o (.text)
                  0000d124    000000fc     OneLib.a : ll_scheduler.o (.text)
                  0000d220    000000f8              : sm_rsppairing.o (.text)
                  0000d318    000000f6              : ll_ae.o (.text)
                  0000d40e    00000002     rom_init.obj (.text:MAP_llProcessPeriodicScanRxFIFO)
                  0000d410    000000f4     drivers_cc13x2.a : AESCTRCC26XX.oem4f (.text:AESCTR_startOperation)
                  0000d504    000000f0     OneLib.a : ll_scheduler.o (.text)
                  0000d5f4    000000f0              : ll_scheduler.o (.text)
                  0000d6e4    000000f0     rf_multiMode_cc13x2.aem4f : RFCC26X2_multiMode.c.cc13x2.ccs.o (.text:RF_fsmPowerUpState)
                  0000d7d4    000000ec     OneLib.a : gap_advertiser.o (.text)
                  0000d8c0    000000ec              : ll_common.o (.text)
                  0000d9ac    000000e4              : ll_ae.o (.text)
                  0000da90    000000e0              : ll_ae.o (.text)
                  0000db70    000000e0     StackWrapper.a : osal_timers.o (.text)
                  0000dc50    000000e0     drivers_cc13x2.a : UARTCC26XX.oem4f (.text:UARTCC26XX_write)
                  0000dd30    000000dc     OneLib.a : ll_ae.o (.text)
                  0000de0c    000000dc              : ll_ae.o (.text)
                  0000dee8    000000d8     driverlib.lib : setup.obj (.text:NOROM_SetupTrimDevice)
                  0000dfc0    000000d8     rf_multiMode_cc13x2.aem4f : RFCC26X2_multiMode.c.cc13x2.ccs.o (.text:RF_control)
                  0000e098    000000d8                               : RFCC26X2_multiMode.c.cc13x2.ccs.o (.text:RF_pendCmd)
                  0000e170    000000d8     driverlib.lib : setup.obj (.text:TrimAfterColdResetWakeupFromShutDown$25)
                  0000e248    000000d4     drivers_cc13x2.a : ECDHCC26X2.oem4f (.text:ECDH_generatePublicKey)
                  0000e31c    000000d2     rf_multiMode_cc13x2.aem4f : RFCC26X2_multiMode.c.cc13x2.ccs.o (.text:RF_updatePaConfiguration)
                  0000e3ee    00000002     rom_init.obj (.text:MAP_rf_patch_rfe)
                  0000e3f0    000000d0     rf_multiMode_cc13x2.aem4f : RFCC26X2_multiMode.c.cc13x2.ccs.o (.text:RF_swiHw)
                  0000e4c0    000000cc     OneLib.a : hci_event.o (.text)
                  0000e58c    000000cc     StackWrapper.a : osal.o (.text)
                  0000e658    000000c8     OneLib.a : gap_scanner.o (.text)
                  0000e720    000000c8              : ll_ae.o (.text)
                  0000e7e8    000000c8     dpl_cc13x2.a : PowerCC26X2_tirtos.oem4f (.text:PowerCC26XX_standbyPolicy)
                  0000e8b0    000000c4     OneLib.a : ll_ae.o (.text)
                  0000e974    000000c4     rtls_ctrl.obj (.text:RTLSCtrl_taskFxn)
                  0000ea38    000000c0     drivers_cc13x2.a : AESCTRDRBGXX.oem4f (.text:AESCTRDRBG_getBytes)
                  0000eaf8    000000c0     nvocmp.obj (.text:NVOCMP_erase$8)
                  0000ebb8    000000c0     OneLib.a : ll.o (.text)
                  0000ec78    000000c0              : ll_isr.o (.text)
                  0000ed38    000000c0     drivers_cc13x2.a : PowerCC26X2.oem4f (.text:Power_releaseDependency)
                  0000edf8    000000c0                      : UARTCC26XX.oem4f (.text:UARTCC26XX_initIO)
                  0000eeb8    000000bc     OneLib.a : ll_ecc.o (.text)
                  0000ef74    000000bc              : ll_scheduler.o (.text)
                  0000f030    000000bc     rf_multiMode_cc13x2.aem4f : RFCC26X2_multiMode.c.cc13x2.ccs.o (.text:RF_initRadioSetup)
                  0000f0ec    000000b8     OneLib.a : ll.o (.text)
                  0000f1a4    000000b8              : ll_scheduler.o (.text)
                  0000f25c    000000b8              : ll_slave_end_causes.o (.text)
                  0000f314    000000b8     drivers_cc13x2.a : PowerCC26X2.oem4f (.text:Power_setDependency)
                  0000f3cc    000000b8     StackWrapper.a : gapbondmgr.o (.text)
                  0000f484    000000b8                    : gattservapp_util.o (.text)
                  0000f53c    000000b8     drivers_cc13x2.a : UARTCC26XX.oem4f (.text:UARTCC26XX_initHw)
                  0000f5f4    000000b4                      : TRNGCC26XX.oem4f (.text:TRNG_generateEntropy)
                  0000f6a8    000000b0                      : AESCTRDRBGXX.oem4f (.text:AESCTRDRBG_construct)
                  0000f758    000000ac     display.a : DisplayUart.oem4f (.text:DisplayUartAnsi_clearLines)
                  0000f804    000000ac     drivers_cc13x2.a : ECDHCC26X2.oem4f (.text:ECDHCC26X2_hwiFxn)
                  0000f8b0    000000ac                      : PINCC26XX.oem4f (.text:PIN_open)
                  0000f95c    000000a8     nvocmp.obj (.text:NVOCMP_initNvApi$8)
                  0000fa04    000000a8     OneLib.a : hci_data.o (.text)
                  0000faac    000000a8              : ll_common.o (.text)
                  0000fb54    000000a8     StackWrapper.a : gapbondmgr.o (.text)
                  0000fbfc    000000a7     display.a : DisplayUart.oem4f (.text:DisplayUartAnsi_open)
                  0000fca3    00000001     --HOLE-- [fill = 0]
                  0000fca4    000000a6     drivers_cc13x2.a : AESCTRDRBGXX.oem4f (.text:AESCTRDRBG_reseed)
                  0000fd4a    00000002     rf_multiMode_cc13x2.aem4f : rfc.c.cc13x2.ccs.o (.text:NOROM_RFCCpePatchReset)
                  0000fd4c    000000a4     OneLib.a : ll_ae.o (.text)
                  0000fdf0    000000a4     rf_multiMode_cc13x2.aem4f : RFCC26X2_multiMode.c.cc13x2.ccs.o (.text:RF_ratRestartChannels)
                  0000fe94    000000a4     StackWrapper.a : osal_cbtimer.o (.text)
                  0000ff38    000000a0     OneLib.a : gattservapp.o (.text)
                  0000ffd8    000000a0              : ll_common.o (.text)
                  00010078    000000a0     auto_init.aem4f : auto_init.oem4f (.text)
                  00010118    000000a0     rom_sysbios.aem4f : rom_sysbios.obj (.text:ti_sysbios_knl_Task_setPri__E)
                  000101b8    0000009f     display.a : DisplayUart.oem4f (.text:DisplayUartAnsi_vprintf)
                  00010257    00000001     --HOLE-- [fill = 0]
                  00010258    0000009c     nvocmp.obj (.text:NVOCMP_readHeader$8)
                  000102f4    0000009c     OneLib.a : ll_common.o (.text)
                  00010390    0000009c              : ll_ecc.o (.text)
                  0001042c    0000009c     rtsv7M4_T_le_v4SPD16_eabi.lib : memcpy_t2.asm.obj (.text)
                  000104c8    00000098     OneLib.a : gattservapp.o (.text)
                  00010560    00000098              : hci_event.o (.text)
                  000105f8    00000098              : ll_ae.o (.text)
                  00010690    00000098              : ll_enc.o (.text)
                  00010728    00000098     rf_multiMode_cc13x2.aem4f : RFCC26X2_multiMode.c.cc13x2.ccs.o (.text:RF_calculateDispatchTime)
                  000107c0    00000098     drivers_cc13x2.a : UARTCC26XX.oem4f (.text:writeTxFifoFlush)
                  00010858    00000096     OneLib.a : ll_ae.o (.text)
                  000108ee    00000096     rtsv7M4_T_le_v4SPD16_eabi.lib : ull_div_t2.asm.obj (.text)
                  00010984    00000094     icall.obj (.text:ICall_setTimer)
                  00010a18    00000094     OneLib.a : gatt_server.o (.text)
                  00010aac    00000094              : ll.o (.text)
                  00010b40    00000094              : ll_common.o (.text)
                  00010bd4    00000094              : ll_scheduler.o (.text)
                  00010c68    00000094     rtls_slave.obj (.text:RTLSSlave_openL2CAPChanCoc$2)
                  00010cfc    00000094     drivers_cc13x2.a : TRNGCC26XX.oem4f (.text:TRNGCC26XX_hwiFxn)
                  00010d90    00000094     rf_multiMode_cc13x2.aem4f : rf_patch_cpe_multi_protocol_rtls.c.cc13x2.ccs.o (.text:configureMultiProtocolRtlsPatch)
                  00010e24    00000092     OneLib.a : ll_ae.o (.text)
                  00010eb6    00000092     drivers_cc13x2.a : UARTCC26XX.oem4f (.text:UARTCC26XX_writeCancel)
                  00010f48    00000090     OneLib.a : ll.o (.text)
                  00010fd8    00000090              : ll_ae.o (.text)
                  00011068    00000090              : ll_ae.o (.text)
                  000110f8    00000090     rf_multiMode_cc13x2.aem4f : RFCC26X2_multiMode.c.cc13x2.ccs.o (.text:RF_discardPendCmd)
                  00011188    00000090                               : RFCC26X2_multiMode.c.cc13x2.ccs.o (.text:RF_getInfo)
                  00011218    0000008e     drivers_cc13x2.a : CryptoUtils.oem4f (.text:CryptoUtils_reverseCopyPad)
                  000112a6    00000002     OneLib.a : ll.o (.text)
                  000112a8    0000008c     icall.obj (.text:ICall_heapMalloc)
                  00011334    0000008c     osal_icall_ble.obj (.text:osalInitTasks)
                  000113c0    0000008c     rom_sysbios.aem4f : rom_sysbios.obj (.text:ti_sysbios_gates_GateMutexPri_enter__E)
                  0001144c    0000008a     drivers_cc13x2.a : AESCTRDRBGXX.oem4f (.text:AESCTRDRBGXX_updateState)
                  000114d6    00000002     OneLib.a : ll.o (.text)
                  000114d8    00000088     driverlib.lib : osc.obj (.text:NOROM_OSCHF_AttemptToSwitchToXosc)
                  00011560    00000088     OneLib.a : hci_event.o (.text)
                  000115e8    00000088     rf_multiMode_cc13x2.aem4f : RFCC26X2_multiMode.c.cc13x2.ccs.o (.text:RF_cmdDispatchTime)
                  00011670    00000088     StackWrapper.a : osal_cbtimer.o (.text)
                  000116f8    00000088     drivers_cc13x2.a : PowerCC26X2_calibrateRCOSC.oem4f (.text:calibrateRcoscHf2)
                  00011780    00000088                      : PowerCC26X2.oem4f (.text:disableLFClockQualifiers)
                  00011808    00000088                      : PowerCC26X2_calibrateRCOSC.oem4f (.text:updateSubSecInc)
                  00011890    00000084     OneLib.a : ll_ae.o (.text)
                  00011914    00000084     rf_multiMode_cc13x2.aem4f : RFCC26X2_multiMode.c.cc13x2.ccs.o (.text:RF_issueRadioFreeCb)
                  00011998    00000084                               : RFCC26X2_multiMode.c.cc13x2.ccs.o (.text:RF_verifyGap)
                  00011a1c    00000084     drivers_cc13x2.a : UARTCC26XX.oem4f (.text:UARTCC26XX_close)
                  00011aa0    00000080                      : NVSCC26XX.oem4f (.text:NVSCC26XX_open)
                  00011b20    00000080     OneLib.a : ll_enc.o (.text)
                  00011ba0    00000080     StackWrapper.a : rtls_srv.o (.text)
                  00011c20    00000080     rom_sysbios.aem4f : rom_sysbios.obj (.text:ti_sysbios_family_arm_cc26xx_Timer_start__E)
                  00011ca0    0000007e     OneLib.a : gap_task.o (.text)
                  00011d1e    0000007e     StackWrapper.a : rtls_srv.o (.text)
                  00011d9c    0000007c     nvocmp.obj (.text:NVOCMP_readItemApi$8)
                  00011e18    0000007c     OneLib.a : gap_task.o (.text)
                  00011e94    0000007c              : ll_common.o (.text)
                  00011f10    0000007c              : ll_enc.o (.text)
                  00011f8c    0000007c     rf_multiMode_cc13x2.aem4f : RFCC26X2_multiMode.c.cc13x2.ccs.o (.text:RF_ratFreeChannel)
                  00012008    0000007c     StackWrapper.a : gapbondmgr.o (.text)
                  00012084    0000007a     OneLib.a : gattservapp.o (.text)
                  000120fe    0000007a     rtsv7M4_T_le_v4SPD16_eabi.lib : memset_t2.asm.obj (.text)
                  00012178    00000078     icall.obj (.text:ICall_heapInit)
                  000121f0    00000078     nvocmp.obj (.text:NVOCMP_checkItem$8)
                  00012268    00000078     OneLib.a : gap_advertiser.o (.text)
                  000122e0    00000078              : ll_common.o (.text)
                  00012358    00000078     StackWrapper.a : osal_cbtimer.o (.text)
                  000123d0    00000078     rom_sysbios.aem4f : rom_sysbios.obj (.text:ti_sysbios_heaps_HeapMem_allocUnprotected__E)
                  00012448    00000076     OneLib.a : ll_ae.o (.text)
                  000124be    00000076              : ll_common.o (.text)
                  00012534    00000076     StackWrapper.a : gap.o (.text)
                  000125aa    00000002     rf_multiMode_cc13x2.aem4f : RFCC26X2_multiMode.c.cc13x2.ccs.o (.text:RF_defaultCallback)
                  000125ac    00000074     nvocmp.obj (.text:NVOCMP_writeItemApi$8)
                  00012620    00000074     OneLib.a : ble.o (.text)
                  00012694    00000074     drivers_cc13x2.a : PowerCC26X2_calibrateRCOSC.oem4f (.text:PowerCC26X2_auxISR)
                  00012708    00000074     rf_multiMode_cc13x2.aem4f : RFCC26X2_multiMode.c.cc13x2.ccs.o (.text:RF_ratDisableChannel)
                  0001277c    00000074     drivers_cc13x2.a : TRNGCC26XX.oem4f (.text:TRNG_construct)
                  000127f0    00000074     rom_sysbios.aem4f : rom_sysbios.obj (.text:ti_sysbios_gates_GateMutexPri_leave__E)
                  00012864    00000072     rf_multiMode_cc13x2.aem4f : RFCC26X2_multiMode.c.cc13x2.ccs.o (.text:RF_detachOverrides)
                  000128d6    00000002     StackWrapper.a : common_rom_init.o (.text)
                  000128d8    00000070     drivers_cc13x2.a : AESCCMCC26XX.oem4f (.text:AESCCM_cleanup)
                  00012948    00000070     icall.obj (.text:ICall_heapGetStats)
                  000129b8    00000070     rf_multiMode_cc13x2.aem4f : rfc.c.cc13x2.ccs.o (.text:NOROM_RFCAnaDivTxOverride)
                  00012a28    00000070     nvocmp.obj (.text:NVOCMP_eraseNvApi$8)
                  00012a98    00000070     OneLib.a : gatt_server.o (.text)
                  00012b08    00000070              : ll_common.o (.text)
                  00012b78    00000070              : ll_enc.o (.text)
                  00012be8    00000070     rf_multiMode_cc13x2.aem4f : RFCC26X2_multiMode.c.cc13x2.ccs.o (.text:RF_getCurrentTime)
                  00012c58    00000070     drivers_cc13x2.a : Random.oem4f (.text:Random_seedAutomatic)
                  00012cc8    00000070     StackWrapper.a : osal.o (.text)
                  00012d38    0000006e     OneLib.a : gatt_server.o (.text)
                  00012da6    0000006e     rf_multiMode_cc13x2.aem4f : RFCC26X2_multiMode.c.cc13x2.ccs.o (.text:RF_attachOverrides)
                  00012e14    0000006e                               : RFCC26X2_multiMode.c.cc13x2.ccs.o (.text:RF_howToSchedule)
                  00012e82    00000002     StackWrapper.a : hal_assert.o (.text)
                  00012e84    0000006d     rom_sysbios.aem4f : rom_sysbios.obj (.text:xdc_runtime_System_formatNum__I)
                  00012ef1    00000001     --HOLE-- [fill = 0]
                  00012ef2    00000002     StackWrapper.a : hal_assert.o (.text)
                  00012ef4    0000006c     driverlib.lib : chipinfo.obj (.text:NOROM_ChipInfo_GetChipType)
                  00012f60    0000006c     nvocmp.obj (.text:NVOCMP_getDstPage$8)
                  00012fcc    0000006c     OneLib.a : ll_isr.o (.text)
                  00013038    0000006c              : ll_isr.o (.text)
                  000130a4    0000006c     rf_multiMode_cc13x2.aem4f : RFCC26X2_multiMode.c.cc13x2.ccs.o (.text:RF_dispatchNextEvent)
                  00013110    0000006c     StackWrapper.a : osal_cbtimer.o (.text)
                  0001317c    00000068     drivers_cc13x2.a : CryptoUtils.oem4f (.text:CryptoUtils_copyPad)
                  000131e4    00000068     icall.obj (.text:ICall_send)
                  0001324c    00000068     icall.obj (.text:ICall_sendServiceComplete)
                  000132b4    00000068     driverlib.lib : osc.obj (.text:NOROM_OSCHF_SwitchToRcOscTurnOffXosc)
                  0001331c    00000068     OneLib.a : gap_task.o (.text)
                  00013384    00000068              : gattservapp.o (.text)
                  000133ec    00000068              : ll_ae.o (.text)
                  00013454    00000068     rf_multiMode_cc13x2.aem4f : RFCC26X2_multiMode.c.cc13x2.ccs.o (.text:RF_hwiHw)
                  000134bc    00000068     StackWrapper.a : osal_timers.o (.text)
                  00013524    00000068     rtsv7M4_T_le_v4SPD16_eabi.lib : copy_decompress_lzss.c.obj (.text:decompress:lzss:__TI_decompress_lzss)
                  0001358c    00000066     OneLib.a : ll_common.o (.text)
                  000135f2    00000002     StackWrapper.a : onboard.o (.text)
                  000135f4    00000064     drivers_cc13x2.a : AESCCMCC26XX.oem4f (.text:AESCCM_waitForResult)
                  00013658    00000064                      : AESCTRCC26XX.oem4f (.text:AESCTR_waitForResult)
                  000136bc    00000064                      : AESECBCC26XX.oem4f (.text:AESECB_waitForResult)
                  00013720    00000064     nvocmp.obj (.text:NVOCMP_findSignature$8)
                  00013784    00000064     OneLib.a : gattservapp.o (.text)
                  000137e8    00000064              : ll_ae.o (.text)
                  0001384c    00000064              : ll_scheduler.o (.text)
                  000138b0    00000064     drivers_cc13x2.a : UARTCC26XX.oem4f (.text:UARTCC26XX_control)
                  00013914    00000062     ti_drivers_config.obj (.text:Board_sendExtFlashByte)
                  00013976    00000062     rf_multiMode_cc13x2.aem4f : RFCC26X2_multiMode.c.cc13x2.ccs.o (.text:RF_syncCb)
                  000139d8    00000062     StackWrapper.a : icall_lite_translation.o (.text)
                  00013a3a    00000062     drivers_cc13x2.a : UARTCC26XX.oem4f (.text:UARTCC26XX_swiIntFxn)
                  00013a9c    00000060                      : AESCCMCC26XX.oem4f (.text:AESCCM_hwiFxn)
                  00013afc    00000060                      : AESCTRCC26XX.oem4f (.text:AESCTR_hwiFxn)
                  00013b5c    00000060                      : AESECBCC26XX.oem4f (.text:AESECB_hwiFxn)
                  00013bbc    00000060                      : CryptoResourceCC26XX.oem4f (.text:CryptoResourceCC26XX_constructRTOSObjects)
                  00013c1c    00000060     icall.obj (.text:ICall_createRemoteTasksAtRuntime)
                  00013c7c    00000060     icall.obj (.text:ICall_enrollService)
                  00013cdc    00000060     OneLib.a : ll.o (.text)
                  00013d3c    00000060              : ll_common.o (.text)
                  00013d9c    00000060     drivers_cc13x2.a : PKAResourceCC26XX.oem4f (.text:PKAResourceCC26XX_constructRTOSObjects)
                  00013dfc    00000060     rf_multiMode_cc13x2.aem4f : RFCC26X2_multiMode.c.cc13x2.ccs.o (.text:RF_applyRfCorePatch)
                  00013e5c    00000060     StackWrapper.a : gapbondmgr.o (.text)
                  00013ebc    00000060     drivers_cc13x2.a : TRNGCC26XX.oem4f (.text:TRNGCC26XX_startTrng)
                  00013f1c    0000005e     icall.obj (.text:ICall_fetchMsg)
                  00013f7a    0000005e     OneLib.a : ll_common.o (.text)
                  00013fd8    0000005c     display.a : Display.oem4f (.text:Display_doOpen)
                  00014034    0000005c     icall.obj (.text:ICall_pwrUpdActivityCounter)
                  00014090    0000005c     nvocmp.obj (.text:NVOCMP_readItem$8)
                  000140ec    0000005c     OneLib.a : gap_perilinkmgr.o (.text)
                  00014148    0000005c              : ll_ae.o (.text)
                  000141a4    0000005c              : ll_scheduler.o (.text)
                  00014200    0000005c     drivers_cc13x2.a : PINCC26XX.oem4f (.text:PIN_remove)
                  0001425c    0000005c     rf_multiMode_cc13x2.aem4f : RFCC26X2_multiMode.c.cc13x2.ccs.o (.text:RF_hwiCpe0PowerFsm)
                  000142b8    0000005c     rtls_ctrl.obj (.text:RTLSCtrl_connResultEvt)
                  00014314    0000005c     drivers_cc13x2.a : NVSCC26XX.oem4f (.text:doErase)
                  00014370    0000005c                      : UARTCC26XX.oem4f (.text:startTxFifoEmptyClk)
                  000143cc    0000005c     rtls_slave_app_pem4f.oem4f (.text:xdc_runtime_Startup_getState__I)
                  00014428    00000058     drivers_cc13x2.a : ECDHCC26X2.oem4f (.text:ECDH_construct)
                  00014480    00000058     icall.obj (.text:ICall_wait)
                  000144d8    00000058     OneLib.a : ll_ae.o (.text)
                  00014530    00000058              : ll_ae.o (.text)
                  00014588    00000058              : ll_common.o (.text)
                  000145e0    00000058              : ll_enc.o (.text)
                  00014638    00000058              : sm_pairing.o (.text)
                  00014690    00000058     drivers_cc13x2.a : PowerCC26X2_calibrateRCOSC.oem4f (.text:PowerCC26X2_initiateCalibration)
                  000146e8    00000058     StackWrapper.a : sm_ecc.o (.text)
                  00014740    00000058     drivers_cc13x2.a : TRNGCC26XX.oem4f (.text:TRNG_init)
                  00014798    00000058     boot.aem4f : boot.oem4f (.text)
                  000147f0    00000058     rom_sysbios.aem4f : rom_sysbios.obj (.text:ti_sysbios_heaps_HeapMem_alloc__E)
                  00014848    00000056     rf_multiMode_cc13x2.aem4f : RFCC26X2_multiMode.c.cc13x2.ccs.o (.text:RF_defaultSubmitPolicy)
                  0001489e    00000002     rtsv7M4_T_le_v4SPD16_eabi.lib : _lock.c.obj (.text:_nop)
                  000148a0    00000054     drivers_cc13x2.a : AESCCMCC26XX.oem4f (.text:AESCCM_construct)
                  000148f4    00000054                      : AESCTRCC26XX.oem4f (.text:AESCTR_construct)
                  00014948    00000054                      : AESECBCC26XX.oem4f (.text:AESECB_construct)
                  0001499c    00000054     driverlib.lib : prcm.obj (.text:NOROM_PRCMPowerDomainsAllOff)
                  000149f0    00000054     nvocmp.obj (.text:NVOCMP_doNVCRC$8)
                  00014a44    00000054     drivers_cc13x2.a : NVSCC26XX.oem4f (.text:NVSCC26XX_init)
                  00014a98    00000054     OneLib.a : gattservapp.o (.text)
                  00014aec    00000054              : hci_event.o (.text)
                  00014b40    00000054              : l2cap_if.o (.text)
                  00014b94    00000054              : ll.o (.text)
                  00014be8    00000054              : ll_ae.o (.text)
                  00014c3c    00000054              : ll_ae.o (.text)
                  00014c90    00000054              : ll_ae.o (.text)
                  00014ce4    00000054              : ll_common.o (.text)
                  00014d38    00000054     rf_multiMode_cc13x2.aem4f : RFCC26X2_multiMode.c.cc13x2.ccs.o (.text:RF_fsmXOSCState)
                  00014d8c    00000054     StackWrapper.a : osal_bufmgr.o (.text)
                  00014de0    00000054     drivers_cc13x2.a : StructRingBuf.oem4f (.text:StructRingBuf_put)
                  00014e34    00000054     dpl_cc13x2.a : SwiP_tirtos.oem4f (.text:SwiP_construct)
                  00014e88    00000054     util.obj (.text:Util_convertBdAddr2Str)
                  00014edc    00000052     OneLib.a : gap_centlinkmgr.o (.text)
                  00014f2e    00000052     StackWrapper.a : rtls_srv.o (.text)
                  00014f80    00000050     drivers_cc13x2.a : AESCTRDRBGXX.oem4f (.text:AESCTRDRBGXX_addBigendCounter)
                  00014fd0    00000050     nvocmp.obj (.text:NVOCMP_compactNvApi$8)
                  00015020    00000050     OneLib.a : gap_perilinkmgr.o (.text)
                  00015070    00000050              : hci_tl.o (.text)
                  000150c0    00000050              : ll_common.o (.text)
                  00015110    00000050              : ll_enc.o (.text)
                  00015160    00000050     rtls_ctrl.obj (.text:RTLSCtrl_updateConnState)
                  000151b0    00000050     StackWrapper.a : osal.o (.text)
                  00015200    00000050                    : osal_clock.o (.text)
                  00015250    00000050     drivers_cc13x2.a : TRNGCC26XX.oem4f (.text:TRNGCC26XX_waitForResult)
                  000152a0    0000004e     StackWrapper.a : gap.o (.text)
                  000152ee    00000002     drivers_cc13x2.a : PowerCC26X2.oem4f (.text:emptyClockFunc)
                  000152f0    0000004c     icall.obj (.text:ICall_newTask$16)
                  0001533c    0000004c     driverlib.lib : prcm.obj (.text:NOROM_PRCMPowerDomainsAllOn)
                  00015388    0000004c     nvocmp.obj (.text:NVOCMP_loadApiPtrsMin)
                  000153d4    0000004c     nvocmp.obj (.text:NVOCMP_setItemInactive$8)
                  00015420    0000004c     OneLib.a : ll.o (.text)
                  0001546c    0000004c              : ll_scheduler.o (.text)
                  000154b8    0000004c     rf_multiMode_cc13x2.aem4f : RFCC26X2_multiMode.c.cc13x2.ccs.o (.text:RF_wakeupNotification)
                  00015504    0000004c     drivers_cc13x2.a : StructRingBuf.oem4f (.text:StructRingBuf_get)
                  00015550    0000004c                      : UARTCC26XX.oem4f (.text:UARTCC26XX_readCancel)
                  0001559c    0000004c     rtsv7M4_T_le_v4SPD16_eabi.lib : cpy_tbl.c.obj (.text:copy_in)
                  000155e8    0000004a     OneLib.a : gap_advertiser.o (.text)
                  00015632    00000002     drivers_cc13x2.a : CryptoResourceCC26XX.oem4f (.text:errorSpin)
                  00015634    00000048     ti_drivers_config.obj (.text:Board_wakeUpExtFlash)
                  0001567c    00000048     rf_multiMode_cc13x2.aem4f : rfc.c.cc13x2.ccs.o (.text:NOROM_RFCSynthPowerDown)
                  000156c4    00000048     nvocmp.obj (.text:NVOCMP_write$8)
                  0001570c    00000048     drivers_cc13x2.a : NVS.oem4f (.text:NVS_open)
                  00015754    00000048     OneLib.a : gattservapp.o (.text)
                  0001579c    00000048              : ll.o (.text)
                  000157e4    00000048              : ll.o (.text)
                  0001582c    00000048              : ll_scheduler.o (.text)
                  00015874    00000048     drivers_cc13x2.a : PINCC26XX.oem4f (.text:PIN_setOutputEnable)
                  000158bc    00000048                      : PowerCC26X2_calibrateRCOSC.oem4f (.text:PowerCC26X2_RCOSC_clockFunc)
                  00015904    00000048                      : PowerCC26X2.oem4f (.text:PowerCC26XX_switchXOSC_HF)
                  0001594c    00000048                      : NVSCC26XX.oem4f (.text:disableFlashCache)
                  00015994    00000048                      : PowerCC26X2.oem4f (.text:switchXOSCHF)
                  000159dc    00000048                      : UARTCC26XX.oem4f (.text:writeFinishedDoCallback)
                  00015a24    00000046                      : RingBuf.oem4f (.text:RingBuf_put)
                  00015a6a    00000002                      : PKAResourceCC26XX.oem4f (.text:errorSpin)
                  00015a6c    00000044                      : ECDHCC26X2.oem4f (.text:ECDHCC26X2_waitForResult)
                  00015ab0    00000044     nvocmp.obj (.text:NVOCMP_getFreeNvApi$8)
                  00015af4    00000044     drivers_cc13x2.a : NVSCC26XX.oem4f (.text:NVSCC26XX_read)
                  00015b38    00000044     OneLib.a : ll.o (.text)
                  00015b7c    00000044              : ll.o (.text)
                  00015bc0    00000044              : ll_ae.o (.text)
                  00015c04    00000044              : ll_common.o (.text)
                  00015c48    00000044              : ll_isr.o (.text)
                  00015c8c    00000044     drivers_cc13x2.a : PINCC26XX.oem4f (.text:PIN_swi)
                  00015cd0    00000044     StackWrapper.a : osal.o (.text)
                  00015d14    00000044                    : osal_timers.o (.text)
                  00015d58    00000044     drivers_cc13x2.a : UART.oem4f (.text:UART_init)
                  00015d9c    00000042     OneLib.a : ll.o (.text)
                  00015dde    00000042              : ll_common.o (.text)
                  00015e20    00000040     dpl_cc13x2.a : ClockP_tirtos.oem4f (.text:ClockP_construct)
                  00015e60    00000040     drivers_cc13x2.a : ECDHCC26X2.oem4f (.text:ECDHCC26X2_getPublicKeyResult)
                  00015ea0    00000040     driverlib.lib : osc.obj (.text:NOROM_OSC_HPOSCRelativeFrequencyOffsetGet)
                  00015ee0    00000040     OneLib.a : gap_configmgr.o (.text)
                  00015f20    00000040              : gattservapp.o (.text)
                  00015f60    00000040              : linkdb.o (.text)
                  00015fa0    00000040              : ll_common.o (.text)
                  00015fe0    00000040              : ll_common.o (.text)
                  00016020    00000040     drivers_cc13x2.a : PowerCC26X2.oem4f (.text:PowerCC26XX_isStableXOSC_HF)
                  00016060    00000040                      : Random.oem4f (.text:Random_getNumber)
                  000160a0    00000040                      : RingBuf.oem4f (.text:RingBuf_get)
                  000160e0    00000040     StackWrapper.a : osal.o (.text)
                  00016120    00000040                    : osal_bufmgr.o (.text)
                  00016160    00000040                    : osal_bufmgr.o (.text)
                  000161a0    00000040                    : osal_timers.o (.text)
                  000161e0    00000040     drivers_cc13x2.a : TRNGCC26XX.oem4f (.text:TRNGCC26XX_copyToClient)
                  00016220    00000040                      : UART.oem4f (.text:UART_open)
                  00016260    00000040     rtsv7M4_T_le_v4SPD16_eabi.lib : u_divt2.asm.obj (.text)
                  000162a0    00000040     rom_sysbios.aem4f : rom_sysbios.obj (.text:ti_sysbios_family_arm_cc26xx_Timer_setThreshold__I)
                  000162e0    00000040                       : rom_sysbios.obj (.text:ti_sysbios_heaps_HeapCallback_Module_startup__E)
                  00016320    0000003e     dpl_cc13x2.a : HwiP_tirtos.oem4f (.text:HwiP_construct)
                  0001635e    0000003e     rtls_slave.obj (.text:RTLSSlave_passcodeCb$2)
                  0001639c    0000003c     nvocmp.obj (.text:NVOCMP_disableCache$8)
                  000163d8    0000003c     OneLib.a : gap_linkmgr.o (.text)
                  00016414    0000003c              : gattservapp.o (.text)
                  00016450    0000003c              : gattservapp.o (.text)
                  0001648c    0000003c              : ll_ae.o (.text)
                  000164c8    0000003c              : ll_scheduler.o (.text)
                  00016504    0000003c     drivers_cc13x2.a : PINCC26XX.oem4f (.text:PIN_setOutputValue)
                  00016540    0000003c     rf_multiMode_cc13x2.aem4f : RFCC26X2_multiMode.c.cc13x2.ccs.o (.text:RF_cmdGet)
                  0001657c    0000003c                               : RFCC26X2_multiMode.c.cc13x2.ccs.o (.text:RF_cmdStoreEvents)
                  000165b8    0000003c     rtls_ctrl.obj (.text:RTLSCtrl_createTask)
                  000165f4    0000003c     rtls_slave.obj (.text:RTLSSlave_createTask)
                  00016630    0000003c     StackWrapper.a : osal.o (.text)
                  0001666c    0000003c                    : osal.o (.text)
                  000166a8    0000003c                    : osal.o (.text)
                  000166e4    0000003c                    : osal_timers.o (.text)
                  00016720    0000003c                    : sm_ecc.o (.text)
                  0001675c    0000003c     drivers_cc13x2.a : NVSCC26XX.oem4f (.text:checkEraseRange)
                  00016798    0000003c     rom_sysbios.aem4f : rom_sysbios.obj (.text:ti_sysbios_family_arm_m3_Hwi_construct2__E)
                  000167d4    0000003a     StackWrapper.a : osal.o (.text)
                  0001680e    00000002     icall_api_lite.obj (.text:rfErrCb)
                  00016810    00000038     ti_drivers_config.obj (.text:Board_shutDownExtFlash)
                  00016848    00000038     OneLib.a : hci.o (.text)
                  00016880    00000038              : linkdb.o (.text)
                  000168b8    00000038              : ll_ae.o (.text)
                  000168f0    00000038              : ll_ae.o (.text)
                  00016928    00000038              : ll_ae.o (.text)
                  00016960    00000038              : ll_enc.o (.text)
                  00016998    00000038              : ll_scheduler.o (.text)
                  000169d0    00000038     drivers_cc13x2.a : PINCC26XX.oem4f (.text:PIN_setConfig)
                  00016a08    00000038     rf_multiMode_cc13x2.aem4f : RFCC26X2_multiMode.c.cc13x2.ccs.o (.text:RF_checkCmdFsError)
                  00016a40    00000038                               : RFCC26X2_multiMode.c.cc13x2.ccs.o (.text:RF_powerConstraintRelease)
                  00016a78    00000038     StackWrapper.a : gattservapp_util.o (.text)
                  00016ab0    00000038                    : osal_timers.o (.text)
                  00016ae8    00000038                    : rtls_srv.o (.text)
                  00016b20    00000038                    : rtls_srv.o (.text)
                  00016b58    00000038     drivers_cc13x2.a : PowerCC26X2.oem4f (.text:notify)
                  00016b90    00000038                      : UARTCC26XX.oem4f (.text:readData)
                  00016bc8    00000038     rom_sysbios.aem4f : rom_sysbios.obj (.text:ti_sysbios_family_arm_cc26xx_Timer_getCurrentTick__E)
                  00016c00    00000038     drivers_cc13x2.a : UARTCC26XX.oem4f (.text:writeData)
                  00016c38    00000036                      : ECDHCC26X2.oem4f (.text:ECDHCC26X2_convertReturnValue)
                  00016c6e    00000036     OneLib.a : gap_advertiser.o (.text)
                  00016ca4    00000036     StackWrapper.a : ble_dispatch_lite.o (.text)
                  00016cda    00000002     rtsv7M4_T_le_v4SPD16_eabi.lib : div0.asm.obj (.text)
                  00016cdc    00000034     icall.obj (.text:ICall_dispatch$16)
                  00016d10    00000034     icall.obj (.text:ICall_heapFree)
                  00016d44    00000034     icall.obj (.text:ICall_searchServiceEntity)
                  00016d78    00000034     driverlib.lib : sys_ctrl.obj (.text:NOROM_SysCtrlIdle)
                  00016dac    00000034     nvocmp.obj (.text:NVOCMP_verifyCRC$8)
                  00016de0    00000034     OneLib.a : hci.o (.text)
                  00016e14    00000034              : hci_tl.o (.text)
                  00016e48    00000034              : ll_scheduler.o (.text)
                  00016e7c    00000034              : ll_scheduler.o (.text)
                  00016eb0    00000034     rf_multiMode_cc13x2.aem4f : RFCC26X2_multiMode.c.cc13x2.ccs.o (.text:RF_runDirectImmediateCmd)
                  00016ee4    00000034     rtls_ctrl.obj (.text:RTLSCtrl_enqueueMsg)
                  00016f18    00000034     rtls_ctrl_aoa.obj (.text:RTLSCtrl_verifyAntPattern)
                  00016f4c    00000034     StackWrapper.a : gapbondmgr.o (.text)
                  00016f80    00000034                    : icall_startup.o (.text)
                  00016fb4    00000034                    : rtls_srv.o (.text)
                  00016fe8    00000034     util.obj (.text:Util_enqueueMsg)
                  0001701c    00000034     drivers_cc13x2.a : UARTCC26XX.oem4f (.text:readData2RingBuf)
                  00017050    00000034     rom_sysbios.aem4f : rom_sysbios.obj (.text:ti_sysbios_knl_Swi_setPri__E)
                  00017084    00000032                       : rom_sysbios.obj (.text:ti_sysbios_family_arm_cc26xx_Timer_setNextTick__E)
                  000170b6    00000032                       : rom_sysbios.obj (.text:ti_sysbios_gates_GateMutexPri_insertPri__I)
                  000170e8    00000030     drivers_cc13x2.a : AESECBCC26XX.oem4f (.text:AESECB_cleanup)
                  00017118    00000030     icall.obj (.text:ICall_msecs2Ticks$16)
                  00017148    00000030     icall.obj (.text:ICall_primEntityId2ServiceId$16)
                  00017178    00000030     nvocmp.obj (.text:NVOCMP_changePageState$8)
                  000171a8    00000030     drivers_cc13x2.a : NVSCC26XX.oem4f (.text:NVSCC26XX_erase)
                  000171d8    00000030     OneLib.a : ll_scheduler.o (.text)
                  00017208    00000030     drivers_cc13x2.a : PINCC26XX.oem4f (.text:PINCC26XX_setMux)
                  00017238    00000030                      : PowerCC26X2.oem4f (.text:Power_releaseConstraint)
                  00017268    00000030                      : PowerCC26X2.oem4f (.text:Power_setConstraint)
                  00017298    00000030     rtls_slave.obj (.text:RTLSSlave_enqueueMsg$2)
                  000172c8    00000030     StackWrapper.a : osal_timers.o (.text)
                  000172f8    00000030                    : rtls_srv.o (.text)
                  00017328    00000030     drivers_cc13x2.a : TRNGCC26XX.oem4f (.text:TRNGCC26XX_fillEntropyPool)
                  00017358    00000030     rf_multiMode_cc13x2.aem4f : rf_patch_cpe_multi_protocol_rtls.c.cc13x2.ccs.o (.text:applyMultiProtocolRtlsPatch)
                  00017388    00000030     rtls_slave_app_pem4f.oem4f (.text:ti_sysbios_BIOS_atExitFunc__I)
                  000173b8    00000030     rtls_slave_app_pem4f.oem4f (.text:ti_sysbios_BIOS_startFunc__I)
                  000173e8    00000030     rom_sysbios.aem4f : rom_sysbios.obj (.text:ti_sysbios_family_arm_cc26xx_Timer_initDevice__I)
                  00017418    00000030     rtls_slave_app_pem4f.oem4f (.text:ti_sysbios_gates_GateMutexPri_Object__create__S)
                  00017448    00000030     rtls_slave_app_pem4f.oem4f (.text:ti_sysbios_gates_GateMutexPri_create)
                  00017478    00000030     rtls_slave_app_pem4f.oem4f (.text:ti_sysbios_heaps_HeapCallback_Object__create__S)
                  000174a8    00000030     rom_sysbios.aem4f : rom_sysbios.obj (.text:ti_sysbios_knl_Clock_getTimeout__E)
                  000174d8    0000002e     icall_cc2650.obj (.text:ICallPlatform_pwrDispenseImpl$17)
                  00017506    0000002e     icall_cc2650.obj (.text:ICallPlatform_pwrRequireImpl$17)
                  00017534    0000002e     OneLib.a : gattservapp.o (.text)
                  00017562    0000002e     drivers_cc13x2.a : TRNGCC26XX.oem4f (.text:TRNGCC26XX_serviceJob)
                  00017590    0000002c     icall.obj (.text:ICall_msgEnqueue$16)
                  000175bc    0000002c     icall.obj (.text:ICall_searchTask$16)
                  000175e8    0000002c     drivers_cc13x2.a : NVS.oem4f (.text:NVS_init)
                  00017614    0000002c     OneLib.a : gatt_task.o (.text)
                  00017640    0000002c              : sm_rsppairing.o (.text)
                  0001766c    0000002c     rf_multiMode_cc13x2.aem4f : RFCC26X2_multiMode.c.cc13x2.ccs.o (.text:RF_executeDirectImmediateCmd)
                  00017698    0000002c     rom_init.obj (.text:ROM_Init)
                  000176c4    0000002c     dpl_cc13x2.a : SemaphoreP_tirtos.oem4f (.text:SemaphoreP_constructBinary)
                  000176f0    0000002c                  : SemaphoreP_tirtos.oem4f (.text:SemaphoreP_createBinary)
                  0001771c    0000002c     StackWrapper.a : hal_assert.o (.text)
                  00017748    0000002c                    : osal_bufmgr.o (.text)
                  00017774    0000002c                    : rtls_srv.o (.text)
                  000177a0    0000002c     drivers_cc13x2.a : TRNGCC26XX.oem4f (.text:TRNGCC26XX_stopTrng)
                  000177cc    0000002c     rtls_slave_app_pem4f.oem4f (.text:ti_sysbios_gates_GateMutexPri_Handle__label__S)
                  000177f8    0000002c     rtls_slave_app_pem4f.oem4f (.text:ti_sysbios_heaps_HeapCallback_Handle__label__S)
                  00017824    0000002c     rom_sysbios.aem4f : rom_sysbios.obj (.text:ti_sysbios_knl_Clock_getTicksUntilInterrupt__E)
                  00017850    0000002a     display.a : DisplayUart.oem4f (.text:DisplayUartAnsi_clear)
                  0001787a    0000002a               : Display.oem4f (.text:Display_doPrintf)
                  000178a4    0000002a     drivers_cc13x2.a : List.oem4f (.text:List_insert)
                  000178ce    0000002a     rf_multiMode_cc13x2.aem4f : RFCC26X2_multiMode.c.cc13x2.ccs.o (.text:RF_searchAndReplacePAOverride)
                  000178f8    0000002a     rtls_slave.obj (.text:RTLSSlave_pairStateCb$2)
                  00017922    00000002     rtls_slave_app_pem4f.oem4f (.text:ti_sysbios_BIOS_nullFunc__I)
                  00017924    00000028     drivers_cc13x2.a : AESCTRCC26XX.oem4f (.text:AESCTR_cleanup)
                  0001794c    00000028     icall.obj (.text:ICall_getLocalMsgEntityId)
                  00017974    00000028     rf_multiMode_cc13x2.aem4f : rfc.c.cc13x2.ccs.o (.text:NOROM_RFCOverrideSearch)
                  0001799c    00000028     nvocmp.obj (.text:NVOCMP_setCompactHdr$8)
                  000179c4    00000028     OneLib.a : gattservapp.o (.text)
                  000179ec    00000028              : ll_ae.o (.text)
                  00017a14    00000028              : ll_ae.o (.text)
                  00017a3c    00000028     drivers_cc13x2.a : PowerCC26X2.oem4f (.text:Power_registerNotify)
                  00017a64    00000028     rf_multiMode_cc13x2.aem4f : RFCC26X2_multiMode.c.cc13x2.ccs.o (.text:RF_calculateDeltaTimeUs)
                  00017a8c    00000028                               : RFCC26X2_multiMode.c.cc13x2.ccs.o (.text:RF_runScheduleCmd)
                  00017ab4    00000028     rtls_ctrl_aoa.obj (.text:RTLSCtrl_initAntConfig)
                  00017adc    00000028     StackWrapper.a : osal.o (.text)
                  00017b04    00000028                    : osal_snv_wrapper.o (.text)
                  00017b2c    00000028                    : osal_snv_wrapper.o (.text)
                  00017b54    00000028                    : osal_snv_wrapper.o (.text)
                  00017b7c    00000028                    : rtls_srv.o (.text)
                  00017ba4    00000028     drivers_cc13x2.a : PowerCC26X2.oem4f (.text:oscillatorISR)
                  00017bcc    00000028                      : NVSCC26XX.oem4f (.text:restoreFlashCache)
                  00017bf4    00000026                      : List.oem4f (.text:List_put)
                  00017c1a    00000026                      : List.oem4f (.text:List_putHead)
                  00017c40    00000026                      : List.oem4f (.text:List_remove)
                  00017c66    00000026     OneLib.a : hci.o (.text)
                  00017c8c    00000026              : hci.o (.text)
                  00017cb2    00000026     rtls_slave.obj (.text:RTLSSlave_advCallback$2)
                  00017cd8    00000024     driverlib.lib : osc.obj (.text:NOROM_OSCHF_TurnOnXosc)
                  00017cfc    00000024     rf_multiMode_cc13x2.aem4f : rfc.c.cc13x2.ccs.o (.text:NOROM_RFCDoorbellSendTo)
                  00017d20    00000024     OneLib.a : gap_advertiser.o (.text)
                  00017d44    00000024              : gatt_server.o (.text)
                  00017d68    00000024              : hci.o (.text)
                  00017d8c    00000024              : ll_ae.o (.text)
                  00017db0    00000024     rf_multiMode_cc13x2.aem4f : RFCC26X2_multiMode.c.cc13x2.ccs.o (.text:RF_cmdAlloc)
                  00017dd4    00000024                               : RFCC26X2_multiMode.c.cc13x2.ccs.o (.text:RF_invokeGlobalCallback)
                  00017df8    00000024     StackWrapper.a : ble_dispatch_lite.o (.text)
                  00017e1c    00000024                    : gapbondmgr.o (.text)
                  00017e40    00000024                    : osal.o (.text)
                  00017e64    00000024                    : osal.o (.text)
                  00017e88    00000024                    : osal_timers.o (.text)
                  00017eac    00000024                    : osal_timers.o (.text)
                  00017ed0    00000024                    : rtls_srv.o (.text)
                  00017ef4    00000024     drivers_cc13x2.a : PowerCC26X2_calibrateRCOSC.oem4f (.text:getTdcSemaphore)
                  00017f18    00000024     rtsv7M4_T_le_v4SPD16_eabi.lib : memcmp.c.obj (.text:memcmp)
                  00017f3c    00000024     rtls_slave_app_pem4f.oem4f (.text:ti_sysbios_BIOS_registerRTSLock__I)
                  00017f60    00000024     rtls_slave_app_pem4f.oem4f (.text:ti_sysbios_BIOS_removeRTSLock__I)
                  00017f84    00000024     rom_sysbios.aem4f : rom_sysbios.obj (.text:ti_sysbios_family_arm_cc26xx_Timer_getMaxTicks__E)
                  00017fa8    00000024     rtls_slave_app_pem4f.oem4f (.text:ti_sysbios_gates_GateMutexPri_Object__delete__S)
                  00017fcc    00000024     rtls_slave_app_pem4f.oem4f (.text:ti_sysbios_heaps_HeapCallback_Object__delete__S)
                  00017ff0    00000022     drivers_cc13x2.a : CryptoUtils.oem4f (.text:CryptoUtils_buffersMatch)
                  00018012    00000022     icall.obj (.text:ICall_setTimerMSecs)
                  00018034    00000022     drivers_cc13x2.a : List.oem4f (.text:List_get)
                  00018056    00000022     OneLib.a : gatt_server.o (.text)
                  00018078    00000020     ti_drivers_config.obj (.text:Board_init)
                  00018098    00000020     drivers_cc13x2.a : ECDHCC26X2.oem4f (.text:ECDHCC26X2_internalCallbackFxn)
                  000180b8    00000020     dpl_cc13x2.a : HwiP_tirtos.oem4f (.text:HwiP_setFunc)
                  000180d8    00000020     driverlib.lib : pka.obj (.text:NOROM_PKAClearPkaRam)
                  000180f8    00000020     nvocmp.obj (.text:NVOCMP_readByte$8)
                  00018118    00000020     OneLib.a : gattservapp.o (.text)
                  00018138    00000020              : ll_isr.o (.text)
                  00018158    00000020              : ll_isr.o (.text)
                  00018178    00000020              : ll_isr.o (.text)
                  00018198    00000020              : ll_rat.o (.text)
                  000181b8    00000020              : sm_intpairing.o (.text)
                  000181d8    00000020              : sm_rsppairing.o (.text)
                  000181f8    00000020     drivers_cc13x2.a : PINCC26XX.oem4f (.text:PINCC26XX_setIoCfgMux)
                  00018218    00000020                      : PowerCC26X2.oem4f (.text:Power_unregisterNotify)
                  00018238    00000020     rf_multiMode_cc13x2.aem4f : RFCC26X2_multiMode.c.cc13x2.ccs.o (.text:RF_clkPowerUp)
                  00018258    00000020                               : RFCC26X2_multiMode.c.cc13x2.ccs.o (.text:RF_hwiCpe0ChangePhy)
                  00018278    00000020                               : RFCC26X2_multiMode.c.cc13x2.ccs.o (.text:RF_isStateTransitionAllowed)
                  00018298    00000020                               : RFCC26X2_multiMode.c.cc13x2.ccs.o (.text:RF_ratIsRunning)
                  000182b8    00000020                               : RFCC26X2_multiMode.c.cc13x2.ccs.o (.text:RF_setTxPower)
                  000182d8    00000020     rtls_ctrl.obj (.text:RTLSCtrl_callRtlsApp)
                  000182f8    00000020     StackWrapper.a : osal_cbtimer.o (.text)
                  00018318    00000020                    : osal_snv_wrapper.o (.text)
                  00018338    00000020     crc.obj (.text:crc_update)
                  00018358    00000020     drivers_cc13x2.a : UARTCC26XX.oem4f (.text:threadSafeStdbyDisRelease)
                  00018378    00000020                      : UARTCC26XX.oem4f (.text:threadSafeStdbyDisSet)
[...]
20000fa8  gapProfileRole                                                  
20000fa9  gapDeviceAddrMode                                               
20000faa  gapState                                                        
20000fab  terminateReason                                                 
20000fac  gapScanMaxNumReport                                             
20000fad  gapScanEndReason                                                
20000fae  gapScanPackedAdvRptSize                                         
20000faf  fltPduTypeWanted                                                
20000fb0  fltPduTypeMask                                                  
20000fb1  gapTaskID                                                       
20000fb2  gattNumConns                                                    
20000fb3  gattTaskID                                                      
20000fb4  GATTServApp_TaskID                                              
20000fb5  maxNumPrepareWrites                                             
20000fb6  hciPTMenabled                                                   
20000fb7  ctrlToHostEnable                                                
20000fb8  l2capFlowCtrlMode                                               
20000fb9  l2capTaskID                                                     
20000fba  l2capNumChannels                                                
20000fbb  l2capNumDataPkts                                                
20000fbc  l2capNumPSM                                                     
20000fbd  l2capNumCoChannels                                              
20000fbe  l2cap_gattServAppTaskID                                         
20000fbf  l2capId                                                         
20000fc1  linkDBNumConns                                                  
20000fc2  linkDB_secureConnectionOnlyMode                                 
20000fc3  maxPduSize                                                      
20000fc4  rfFeModeBias                                                    
20000fc5  defaultPhy                                                      
20000fc6  maxNumTxDataBufs                                                
20000fc7  LL_TaskID                                                       
20000fc8  llState                                                         
20000fc9  rssiCorrection                                                  
20000fca  curTxPowerVal                                                   
20000fcb  maxTxPwrForDTM                                                  
20000fcc  onePktPerEvt                                                    
20000fcd  numComplPkts                                                    
20000fce  numComplPktsLimit                                               
20000fcf  numComplPktsFlush                                               
20000fd0  fastTxRespTime                                                  
20000fd1  slOverride                                                      
20000fd2  rxFifoFlowCtrl                                                  
20000fd3  numTxDataBufs                                                   
20000fd4  maxNumConns                                                     
20000fd5  aeCurHandle                                                     
20000fd6  aeCurAdvEnableHandle                                            
20000fd7  aeCurConnHandle                                                 
20000fd8  extScanIndex                                                    
20000fd9  extInitIndex                                                    
20000fda  scanState                                                       
20000fdb  lastPrimPhy                                                     
20000fdc  lastScanRsp                                                     
20000fdd  smTaskID                                                        
20000fde  SM_appExpectingKey                                              
200014d8  termSyncHandle                                                  
200014dc  syncRtlsEvent                                                   
200014e0  rtlsCtrlMsgQueue                                                
200014e4  rtlsCtrlMsg                                                     
200014f0  gRtlsData                                                       
2000150c  rtlsTask                                                        
2000155c  rtlsTaskStack                                                   
2000184c  PowerCC26X2_module                                              
200019bc  ROM_stateStruct                                                 
200019bc  ti_sysbios_knl_Clock_Module__state__V                           
200019e8  ti_sysbios_family_arm_cc26xx_TimestampProvider_Module__state__V 
200019ec  xdc_runtime_Startup_Module__state__V                            
200019f4  xdc_runtime_Registry_Module__state__V                           
200019fc  ti_sysbios_BIOS_Module__state__V                                
20001a20  ti_sysbios_knl_Swi_Module__state__V                             
20001a3c  ti_sysbios_knl_Task_Module__state__V                            
20001a80  xdc_runtime_Memory_Module__state__V                             
20001a84  xdc_runtime_System_Module__state__V                             
20001a8c  ti_sysbios_family_arm_m3_Hwi_Module__state__V                   
20001ac0  ti_sysbios_family_arm_cc26xx_Timer_Module__state__V             
20001bc4  dispHandle                                                      
20001bd0  connectionEventRegisterCauseBitMap                              
20001c18  rsTask                                                          
20001c6c  ICall_enterCriticalSection                                      
20001c70  ICall_leaveCriticalSection                                      
20001c74  ICall_dispatcher                                                
20001c88  heapmgrMemFreeTotal                                             
20001c94  HEAPMGR_SIZE                                                    
20001d10  pOverrides_bleCommon                                            
20001d80  llUserConfig                                                    
20001de6  gAction                                                         
20001de7  NVOCMP_size                                                     
20001e14  NVOCMP_nvHandle                                                 
20001e44  txPowerTable_2400_pa5                                           
20001e94  ti_sysbios_knl_Task_Object__table__V                            
20001ee0  ti_sysbios_family_arm_cc26xx_Timer_Object__table__V             
20001f28  eccParams_NISTP256                                              
20001f68  nvintfFncStruct                                                 
20001fa4  ti_sysbios_gates_GateMutex_Object__table__V                     
20001fdc  BOOSTXL_AoA_Config_ArrayA1                                      
20001fe8  channelOffset_A1                                                
20002010  BOOSTXL_AoA_Config_ArrayA2                                      
2000201c  channelOffset_A2                                                
20002044  pair_A1                                                         
20002074  pair_A2                                                         
200020a4  ti_sysbios_knl_Swi_Module_State_0_readyQ__A                     
200020d4  ti_sysbios_knl_Swi_Object__table__V                             
20002104  ti_sysbios_knl_Task_Module_State_0_readyQ__A                    
20002134  _hposcCoeffs                                                    
20002178  ti_sysbios_knl_Clock_Object__table__V                           
20002198  xdc_runtime_Error_IgnoreBlock                                   
200021b8  ti_sysbios_family_arm_m3_Hwi_Object__table__V                   
200021e4  rfMode                                                          
200021f4  sizeInfo                                                        
20002204  bleAppServiceInfoTable                                          
20002214  gAoaCb                                                          
20002224  pfnBMAlloc                                                      
20002228  pfnBMFree                                                       
2000222c  pRfErrCb                                                        
20002230  lastAppOpcodeIdxSent                                            
20002234  pOverrides_ble2Mbps                                             
20002244  pOverrides_bleCoded                                             
20002254  user0Cfg                                                        
20002264  appCTEAntProp                                                   
20002270  pOverrides_ble1Mbps                                             
2000227c  ti_sysbios_heaps_HeapCallback_Object__table__V                  
20002290  bleUserCfg_maxPduSize                                           
20002294  appAssertCback                                                  
20002298  _lock                                                           
2000229c  _unlock                                                         
200022a0  RFCC26XX_schedulerPolicy                                        
200022a8  pinUpperBound                                                   
200022ac  pinLowerBound                                                   
200022b8  ti_sysbios_family_arm_m3_Hwi_Module__root__V                    
200022c0  ti_sysbios_gates_GateHwi_Module__root__V                        
200022c8  ti_sysbios_gates_GateMutexPri_Module__root__V                   
200022d0  ti_sysbios_gates_GateMutex_Module__root__V                      
200022d8  ti_sysbios_hal_Hwi_Module__root__V                              
200022e0  ti_sysbios_heaps_HeapCallback_Module__root__V                   
200022e8  ti_sysbios_heaps_HeapMem_Module__root__V                        
200022f0  ti_sysbios_knl_Clock_Module__root__V                            
200022f8  ti_sysbios_knl_Event_Module__root__V                            
20002300  ti_sysbios_knl_Mailbox_Module__root__V                          
20002308  ti_sysbios_knl_Queue_Module__root__V                            
20002310  ti_sysbios_knl_Semaphore_Module__root__V                        
20002318  ti_sysbios_knl_Swi_Module__root__V                              
20002320  ti_sysbios_knl_Task_Module__root__V                             
20002328  patchedSlaveCtrlPktList                                         
2000232c  halAssertCback                                                  
20002330  icallServiceTblPtr                                              
20002334  main_func_sp                                                    
20002338  ti_sysbios_family_arm_m3_Hwi_Module_State_0_excContext__A       
2000233c  ti_sysbios_family_arm_m3_Hwi_Module_State_0_excStack__A         
20002340  ti_sysbios_knl_Task_Module_State_0_idleTask__A                  
20002344  syncTerm                                                        
20002346  llUserConfig_maxPduSize                                         
20002348  baseTaskID                                                      
2000234a  CryptoResourceCC26XX_pollingFlag                                
2000234c  PKAResourceCC26XX_pollingFlag                                   
20002350  ti_sysbios_family_arm_m3_Hwi_Module_State_0_excActive__A        
20002352  GATTServApp_gatt_no_service_changed                             
20002353  qosDefaultParameterPriority                                     
20002354  extScanChanMap                                                  
20002355  sizeOfAllExtConnParam                                           
20002356  rfRatHandle                                                     
20002357  gapEndAppTaskID                                                 
20002358  gapAppTaskID                                                    
20002359  legacyMode                                                      
20002368  rsTaskStack                                                     
20002768  ti_sysbios_knl_Task_Instance_State_0_stack__A                   
20002a68  uartCC26XXObjects                                               
20002c1c  trngCC26XXObjects                                               
20002d1c  ti_sysbios_family_arm_m3_Hwi_dispatchTable                      
20002df4  aesctrdrbgXXObjects                                             
20002f24  pinHandleTable                                                  
20002fa0  cbTimers                                                        
20003068  CryptoResourceCC26XX_accessSemaphore                            
200030b8  CryptoResourceCC26XX_operationSemaphore                         
20003108  PKAResourceCC26XX_accessSemaphore                               
20003158  PKAResourceCC26XX_operationSemaphore                            
200031a8  nvFptrs                                                         
20003218  aesctrCC26XXObjects                                             
20003248  aesecbCC26XXObjects                                             
20003278  llCteSamples                                                    
2000329c  req                                                             
200032bc  gapBond_remoteOobData                                           
200032dc  gapBond_localOobData                                            
2000333c  ecdhCC26X2Objects                                               
2000335c  llPeriodicAdv                                                   
200033cc  CryptoResourceCC26XX_hwi                                        
200033e8  PKAResourceCC26XX_hwi                                           
20003404  llCoex                                                          
2000341c  aesccmCC26XXObjects                                             
2000346c  llCteTest                                                       
20003478  cteAntennaProp                                                  
20003484  llTaskList                                                      
2000349c  displayUartObject                                               
200034a8  secondaryAdvChannelMap                                          
200034b0  gExtEvtState                                                    
200034b8  gExtCLEvtState                                                  
200034c4  llCte                                                           
200034c8  llConnExtParam                                                  
200034cc  extStackSettings                                                
200034d0  trngHandle                                                      
200034d4  LSTORecoveryArr                                                 
200034d8  pNextAdvSet                                                     
200034dc  llCurrentMappedChan                                             
200034e0  drbgHandle                                                      
200034e4  pRpaCfg                                                         
200034e8  gapBond_lruBondList                                             
200034ec  gapBondStateNodeHead                                            
200034f0  osal_syncHandle                                                 
200034f4  osal_tickperiod                                                 
200034f8  osal_max_msecs                                                  
200034fc  osal_icallMsg_hook                                              
20003500  osal_qHead                                                      
20003504  osal_eventloop_hook                                             
20003510  OSAL_timeSeconds                                                
20003514  timerHead                                                       
2000351c  osal_last_timestamp                                             
20003520  gAppCB                                                          
20003524  gClNumAnt                                                       
20003530  PowerCC26XX_swiKey                                              
20003534  PowerCC26XX_taskKey                                             
20003538  nvsCC26XXObjects                                                
2000353c  tasksEvents                                                     
20003540  maximumPduSize                                                  
20003544  pwrmgr_attribute                                                
20003546  GATTServApp_att_delayed_req                                     
20003547  hciTaskID                                                       
20003548  hciL2capTaskID                                                  
20003549  hciGapTaskID                                                    
2000354a  hciSmpTaskID                                                    
2000354b  hciTestTaskID                                                   
2000354c  hciVsEvtMask                                                    
2000354d  scanReqRpt                                                      
2000354e  secondaryAdvChannelMapPopCount                                  
2000354f  maxNumCteDataBufs                                               
20003550  numActiveAdvSets                                                
20003551  wlSize                                                          
20003552  rlSize                                                          
20003553  decryptResult                                                   
20003554  smAuthenPairingOnlyMode                                         
20003555  icall_liteTaskId                                                
20003556  gapBond_removeLRUBond                                           
20003557  gapBond_syncRL                                                  
20003558  assertSubcause                                                  
20003559  osal_entity                                                     
2000355a  pwrmgr_initialized                                              
2000355b  gNumAnt                                                         
2000355d  driverlib_release_0_59848                                       
2000355e  heapStart                                                       
20013c00  __stack                                                         
20013c00  heapEnd                                                         
20014000  __STACK_END                                                     
20014000  __STACK_TOP                                                     
20014000  __UNUSED_SRAM_end__                                             
e000e000  ti_sysbios_family_arm_m3_Hwi_nvic                               
ffffffff  __TI_pprof_out_hndl                                             
ffffffff  __TI_prof_data_size                                             
ffffffff  __TI_prof_data_start                                            
ffffffff  __binit__                                                       
ffffffff  __c_args__                                                      
ffffffff  binit                                                           
UNDEFED   ITM_flush                                                       
UNDEFED   ITM_restore                                                     
UNDEFED   SHT$$INIT_ARRAY$$Base                                           
UNDEFED   SHT$$INIT_ARRAY$$Limit                                          

[2978 symbols]
